../Drivers/dw1000/Src/dw1000.c:26:1:get_tx_timestamp_u64	48	static
../Drivers/dw1000/Src/dw1000.c:43:1:get_rx_timestamp_u64	48	static
../Drivers/dw1000/Src/dw1000.c:60:1:get_system_time_u64	48	static
../Drivers/dw1000/Src/dw1000.c:77:1:initialise_dw1000	8	static
../Drivers/dw1000/Src/dw1000.c:95:1:configure_dw1000	8	static
../Drivers/dw1000/Src/dw1000.c:115:1:uwb_receive_data	32	static
../Drivers/dw1000/Src/dw1000.c:210:1:uwb_transmit_data	32	static
../Drivers/dw1000/Src/dw1000.c:267:1:uwb_receive_data_after_transmit	32	static
