../Drivers/CMSIS/Include/core_cm3.h:1511:22:__NVIC_EnableIRQ	16	static
../Drivers/CMSIS/Include/core_cm3.h:1547:22:__NVIC_DisableIRQ	16	static,ignoring_inline_asm
../Drivers/decadriver/platform/port.c:48:1:portGetTickCnt	8	static
../Drivers/decadriver/platform/port.c:58:5:usleep	24	static,ignoring_inline_asm
../Drivers/decadriver/platform/port.c:79:1:Sleep	16	static
../Drivers/decadriver/platform/port.c:98:5:peripherals_init	4	static
../Drivers/decadriver/platform/port.c:107:6:spi_peripheral_init	4	static
../Drivers/decadriver/platform/port.c:123:10:EXTI_GetITEnStatus	16	static
../Drivers/decadriver/platform/port.c:146:6:reset_DW1000	24	static
../Drivers/decadriver/platform/port.c:174:6:setup_DW1000RSTnIRQ	32	static
../Drivers/decadriver/platform/port.c:209:5:port_is_boot1_low	8	static
../Drivers/decadriver/platform/port.c:218:5:port_is_boot1_on	16	static
../Drivers/decadriver/platform/port.c:228:5:port_is_switch_on	16	static
../Drivers/decadriver/platform/port.c:237:6:led_off	16	static
../Drivers/decadriver/platform/port.c:260:6:led_on	16	static
../Drivers/decadriver/platform/port.c:284:6:port_wakeup_dw1000	8	static
../Drivers/decadriver/platform/port.c:297:6:port_wakeup_dw1000_fast	16	static
../Drivers/decadriver/platform/port.c:329:6:port_set_dw1000_slowrate	8	static
../Drivers/decadriver/platform/port.c:339:6:port_set_dw1000_fastrate	8	static
../Drivers/decadriver/platform/port.c:355:6:HAL_GPIO_EXTI_Callback	16	static
../Drivers/decadriver/platform/port.c:375:15:process_deca_irq	8	static
../Drivers/decadriver/platform/port.c:390:15:port_DisableEXT_IRQ	8	static
../Drivers/decadriver/platform/port.c:399:15:port_EnableEXT_IRQ	8	static
../Drivers/decadriver/platform/port.c:408:19:port_GetEXT_IRQStatus	8	static
../Drivers/decadriver/platform/port.c:417:19:port_CheckEXT_IRQ	8	static
../Drivers/decadriver/platform/port.c:444:6:port_set_deca_isr	24	static
