Archive member included to satisfy reference by file (symbol)

C:/ST/STM32CubeCLT_1.18.0/GNU-tools-for-STM32/bin/../lib/gcc/arm-none-eabi/13.3.1/thumb/v7-m/nofp\libgcc.a(_arm_muldf3.o)
                              CMakeFiles/test_dw1000.elf.dir/Core/Src/examples/ex_06a_ss_twr_init/ex_06a_main.c.obj (__aeabi_dmul)
C:/ST/STM32CubeCLT_1.18.0/GNU-tools-for-STM32/bin/../lib/gcc/arm-none-eabi/13.3.1/thumb/v7-m/nofp\libgcc.a(_arm_mulsf3.o)
                              CMakeFiles/test_dw1000.elf.dir/Core/Src/examples/ex_06a_ss_twr_init/ex_06a_main.c.obj (__aeabi_fmul)
C:/ST/STM32CubeCLT_1.18.0/GNU-tools-for-STM32/bin/../lib/gcc/arm-none-eabi/13.3.1/thumb/v7-m/nofp\libgcc.a(_arm_addsubdf3.o)
                              CMakeFiles/test_dw1000.elf.dir/Drivers/dw1000/Src/calibration.c.obj (__aeabi_dsub)
C:/ST/STM32CubeCLT_1.18.0/GNU-tools-for-STM32/bin/../lib/gcc/arm-none-eabi/13.3.1/thumb/v7-m/nofp\libgcc.a(_arm_muldivdf3.o)
                              CMakeFiles/test_dw1000.elf.dir/Drivers/dw1000/Src/fsm.c.obj (__aeabi_ddiv)
C:/ST/STM32CubeCLT_1.18.0/GNU-tools-for-STM32/bin/../lib/gcc/arm-none-eabi/13.3.1/thumb/v7-m/nofp\libgcc.a(_arm_cmpdf2.o)
                              CMakeFiles/test_dw1000.elf.dir/Drivers/dw1000/Src/calibration.c.obj (__aeabi_dcmplt)
C:/ST/STM32CubeCLT_1.18.0/GNU-tools-for-STM32/bin/../lib/gcc/arm-none-eabi/13.3.1/thumb/v7-m/nofp\libgcc.a(_arm_fixdfsi.o)
                              CMakeFiles/test_dw1000.elf.dir/Drivers/decadriver/platform/deca_range_tables.c.obj (__aeabi_d2iz)
C:/ST/STM32CubeCLT_1.18.0/GNU-tools-for-STM32/bin/../lib/gcc/arm-none-eabi/13.3.1/thumb/v7-m/nofp\libgcc.a(_arm_fixunsdfsi.o)
                              CMakeFiles/test_dw1000.elf.dir/Drivers/decadriver/deca_device.c.obj (__aeabi_d2uiz)
C:/ST/STM32CubeCLT_1.18.0/GNU-tools-for-STM32/bin/../lib/gcc/arm-none-eabi/13.3.1/thumb/v7-m/nofp\libgcc.a(_arm_truncdfsf2.o)
                              CMakeFiles/test_dw1000.elf.dir/Core/Src/examples/ex_06a_ss_twr_init/ex_06a_main.c.obj (__aeabi_d2f)
C:/ST/STM32CubeCLT_1.18.0/GNU-tools-for-STM32/bin/../lib/gcc/arm-none-eabi/13.3.1/thumb/v7-m/nofp\libgcc.a(_arm_addsubsf3.o)
                              CMakeFiles/test_dw1000.elf.dir/Core/Src/examples/ex_06a_ss_twr_init/ex_06a_main.c.obj (__aeabi_fsub)
C:/ST/STM32CubeCLT_1.18.0/GNU-tools-for-STM32/bin/../lib/gcc/arm-none-eabi/13.3.1/thumb/v7-m/nofp\libgcc.a(_fixdfdi.o)
                              CMakeFiles/test_dw1000.elf.dir/Drivers/dw1000/Src/fsm.c.obj (__aeabi_d2lz)
C:/ST/STM32CubeCLT_1.18.0/GNU-tools-for-STM32/bin/../lib/gcc/arm-none-eabi/13.3.1/thumb/v7-m/nofp\libgcc.a(_fixunsdfdi.o)
                              C:/ST/STM32CubeCLT_1.18.0/GNU-tools-for-STM32/bin/../lib/gcc/arm-none-eabi/13.3.1/thumb/v7-m/nofp\libgcc.a(_fixdfdi.o) (__aeabi_d2ulz)
C:/ST/STM32CubeCLT_1.18.0/GNU-tools-for-STM32/bin/../lib/gcc/arm-none-eabi/13.3.1/../../../../arm-none-eabi/lib/thumb/v7-m/nofp\libg.a(libc_a-exit.o)
                              C:/ST/STM32CubeCLT_1.18.0/GNU-tools-for-STM32/bin/../lib/gcc/arm-none-eabi/13.3.1/../../../../arm-none-eabi/lib/thumb/v7-m/nofp/crt0.o (exit)
C:/ST/STM32CubeCLT_1.18.0/GNU-tools-for-STM32/bin/../lib/gcc/arm-none-eabi/13.3.1/../../../../arm-none-eabi/lib/thumb/v7-m/nofp\libg.a(libc_a-findfp.o)
                              C:/ST/STM32CubeCLT_1.18.0/GNU-tools-for-STM32/bin/../lib/gcc/arm-none-eabi/13.3.1/../../../../arm-none-eabi/lib/thumb/v7-m/nofp\libg.a(libc_a-exit.o) (__stdio_exit_handler)
C:/ST/STM32CubeCLT_1.18.0/GNU-tools-for-STM32/bin/../lib/gcc/arm-none-eabi/13.3.1/../../../../arm-none-eabi/lib/thumb/v7-m/nofp\libg.a(libc_a-fwalk.o)
                              C:/ST/STM32CubeCLT_1.18.0/GNU-tools-for-STM32/bin/../lib/gcc/arm-none-eabi/13.3.1/../../../../arm-none-eabi/lib/thumb/v7-m/nofp\libg.a(libc_a-findfp.o) (_fwalk_sglue)
C:/ST/STM32CubeCLT_1.18.0/GNU-tools-for-STM32/bin/../lib/gcc/arm-none-eabi/13.3.1/../../../../arm-none-eabi/lib/thumb/v7-m/nofp\libg.a(libc_a-sprintf.o)
                              CMakeFiles/test_dw1000.elf.dir/Drivers/dw1000/Src/calibration.c.obj (sprintf)
C:/ST/STM32CubeCLT_1.18.0/GNU-tools-for-STM32/bin/../lib/gcc/arm-none-eabi/13.3.1/../../../../arm-none-eabi/lib/thumb/v7-m/nofp\libg.a(libc_a-stdio.o)
                              C:/ST/STM32CubeCLT_1.18.0/GNU-tools-for-STM32/bin/../lib/gcc/arm-none-eabi/13.3.1/../../../../arm-none-eabi/lib/thumb/v7-m/nofp\libg.a(libc_a-findfp.o) (__sread)
C:/ST/STM32CubeCLT_1.18.0/GNU-tools-for-STM32/bin/../lib/gcc/arm-none-eabi/13.3.1/../../../../arm-none-eabi/lib/thumb/v7-m/nofp\libg.a(libc_a-memcmp.o)
                              CMakeFiles/test_dw1000.elf.dir/Core/Src/examples/ex_06a_ss_twr_init/ex_06a_main.c.obj (memcmp)
C:/ST/STM32CubeCLT_1.18.0/GNU-tools-for-STM32/bin/../lib/gcc/arm-none-eabi/13.3.1/../../../../arm-none-eabi/lib/thumb/v7-m/nofp\libg.a(libc_a-memset.o)
[...]
Memory Configuration

Name             Origin             Length             Attributes
RAM              0x20000000         0x00005000         xrw
FLASH            0x08000000         0x00010000         xr
*default*        0x00000000         0xffffffff

Linker script and memory map

LOAD C:/ST/STM32CubeCLT_1.18.0/GNU-tools-for-STM32/bin/../lib/gcc/arm-none-eabi/13.3.1/thumb/v7-m/nofp/crti.o
LOAD C:/ST/STM32CubeCLT_1.18.0/GNU-tools-for-STM32/bin/../lib/gcc/arm-none-eabi/13.3.1/thumb/v7-m/nofp/crtbegin.o
LOAD C:/ST/STM32CubeCLT_1.18.0/GNU-tools-for-STM32/bin/../lib/gcc/arm-none-eabi/13.3.1/../../../../arm-none-eabi/lib/thumb/v7-m/nofp/crt0.o
LOAD CMakeFiles/test_dw1000.elf.dir/Core/Src/examples/ex_01a_simple_tx/ex_01a_main.c.obj
LOAD CMakeFiles/test_dw1000.elf.dir/Core/Src/examples/ex_01b_tx_sleep/ex_01b_main.c.obj
LOAD CMakeFiles/test_dw1000.elf.dir/Core/Src/examples/ex_01c_tx_sleep_auto/ex_01c_main.c.obj
LOAD CMakeFiles/test_dw1000.elf.dir/Core/Src/examples/ex_01d_tx_timed_sleep/ex_01d_main.c.obj
LOAD CMakeFiles/test_dw1000.elf.dir/Core/Src/examples/ex_01e_tx_with_cca/ex_01e_tx_with_cca.c.obj
LOAD CMakeFiles/test_dw1000.elf.dir/Core/Src/examples/ex_02a_simple_rx/ex_02a_main.c.obj
LOAD CMakeFiles/test_dw1000.elf.dir/Core/Src/examples/ex_02b_rx_preamble_64/ex_02b_main.c.obj
LOAD CMakeFiles/test_dw1000.elf.dir/Core/Src/examples/ex_02c_rx_diagnostics/ex_02c_main.c.obj
LOAD CMakeFiles/test_dw1000.elf.dir/Core/Src/examples/ex_02d_rx_sniff/ex_02d_main.c.obj
LOAD CMakeFiles/test_dw1000.elf.dir/Core/Src/examples/ex_02e_rx_dbl_buff/ex_02e_main.c.obj
LOAD CMakeFiles/test_dw1000.elf.dir/Core/Src/examples/ex_02f_rx_with_crystal_trim/ex_02f_rx_with_xtal_trim.c.obj
LOAD CMakeFiles/test_dw1000.elf.dir/Core/Src/examples/ex_03a_tx_wait_resp/ex_03a_main.c.obj
LOAD CMakeFiles/test_dw1000.elf.dir/Core/Src/examples/ex_03b_rx_send_resp/ex_03b_main.c.obj
LOAD CMakeFiles/test_dw1000.elf.dir/Core/Src/examples/ex_03c_tx_wait_resp_leds/ex_03c_main.c.obj
LOAD CMakeFiles/test_dw1000.elf.dir/Core/Src/examples/ex_03d_tx_wait_resp_interrupts/ex_03d_main.c.obj
LOAD CMakeFiles/test_dw1000.elf.dir/Core/Src/examples/ex_04a_cont_wave/ex_04a_main.c.obj
LOAD CMakeFiles/test_dw1000.elf.dir/Core/Src/examples/ex_04b_cont_frame/ex_04b_main.c.obj
LOAD CMakeFiles/test_dw1000.elf.dir/Core/Src/examples/ex_05a_ds_twr_init/ex_05a_main.c.obj
LOAD CMakeFiles/test_dw1000.elf.dir/Core/Src/examples/ex_05b_ds_twr_resp/ex_05b_main.c.obj
LOAD CMakeFiles/test_dw1000.elf.dir/Core/Src/examples/ex_06a_ss_twr_init/ex_06a_main.c.obj
LOAD CMakeFiles/test_dw1000.elf.dir/Core/Src/examples/ex_06b_ss_twr_resp/ex_06b_main.c.obj
LOAD CMakeFiles/test_dw1000.elf.dir/Core/Src/examples/ex_07a_ack_data_tx/ex_07a_main.c.obj
LOAD CMakeFiles/test_dw1000.elf.dir/Core/Src/examples/ex_07b_ack_data_rx/ex_07b_main.c.obj
LOAD CMakeFiles/test_dw1000.elf.dir/Core/Src/examples/ex_08a_low_power_listen_rx/ex_08a_main.c.obj
LOAD CMakeFiles/test_dw1000.elf.dir/Core/Src/examples/ex_08b_low_power_listen_tx/ex_08b_main.c.obj
LOAD CMakeFiles/test_dw1000.elf.dir/Core/Src/examples/ex_09a_bandwidth_power_ref_meas/ex_09a_main.c.obj
LOAD CMakeFiles/test_dw1000.elf.dir/Core/Src/examples/ex_09b_bandwidth_power_comp/ex_09b_main.c.obj
LOAD CMakeFiles/test_dw1000.elf.dir/Core/Src/examples/ex_10a_gpio/ex_10a_main.c.obj
LOAD CMakeFiles/test_dw1000.elf.dir/Core/Src/gpio.c.obj
LOAD CMakeFiles/test_dw1000.elf.dir/Core/Src/i2c.c.obj
LOAD CMakeFiles/test_dw1000.elf.dir/Core/Src/lcd.c.obj
LOAD CMakeFiles/test_dw1000.elf.dir/Core/Src/main.c.obj
LOAD CMakeFiles/test_dw1000.elf.dir/Core/Src/spi.c.obj
LOAD CMakeFiles/test_dw1000.elf.dir/Core/Src/stm32f1xx_hal_msp.c.obj
LOAD CMakeFiles/test_dw1000.elf.dir/Core/Src/stm32f1xx_it.c.obj
LOAD CMakeFiles/test_dw1000.elf.dir/Core/Src/syscalls.c.obj
LOAD CMakeFiles/test_dw1000.elf.dir/Core/Src/sysmem.c.obj
LOAD CMakeFiles/test_dw1000.elf.dir/Core/Src/system_stm32f1xx.c.obj
LOAD CMakeFiles/test_dw1000.elf.dir/Core/Src/usart.c.obj
LOAD CMakeFiles/test_dw1000.elf.dir/Core/Startup/startup_stm32f103c8tx.s.obj
LOAD CMakeFiles/test_dw1000.elf.dir/Drivers/STM32F1xx_HAL_Driver/Src/stm32f1xx_hal.c.obj
LOAD CMakeFiles/test_dw1000.elf.dir/Drivers/STM32F1xx_HAL_Driver/Src/stm32f1xx_hal_cortex.c.obj
LOAD CMakeFiles/test_dw1000.elf.dir/Drivers/STM32F1xx_HAL_Driver/Src/stm32f1xx_hal_dma.c.obj
LOAD CMakeFiles/test_dw1000.elf.dir/Drivers/STM32F1xx_HAL_Driver/Src/stm32f1xx_hal_exti.c.obj
LOAD CMakeFiles/test_dw1000.elf.dir/Drivers/STM32F1xx_HAL_Driver/Src/stm32f1xx_hal_flash.c.obj
LOAD CMakeFiles/test_dw1000.elf.dir/Drivers/STM32F1xx_HAL_Driver/Src/stm32f1xx_hal_flash_ex.c.obj
LOAD CMakeFiles/test_dw1000.elf.dir/Drivers/STM32F1xx_HAL_Driver/Src/stm32f1xx_hal_gpio.c.obj
LOAD CMakeFiles/test_dw1000.elf.dir/Drivers/STM32F1xx_HAL_Driver/Src/stm32f1xx_hal_gpio_ex.c.obj
LOAD CMakeFiles/test_dw1000.elf.dir/Drivers/STM32F1xx_HAL_Driver/Src/stm32f1xx_hal_i2c.c.obj
LOAD CMakeFiles/test_dw1000.elf.dir/Drivers/STM32F1xx_HAL_Driver/Src/stm32f1xx_hal_pwr.c.obj
LOAD CMakeFiles/test_dw1000.elf.dir/Drivers/STM32F1xx_HAL_Driver/Src/stm32f1xx_hal_rcc.c.obj
LOAD CMakeFiles/test_dw1000.elf.dir/Drivers/STM32F1xx_HAL_Driver/Src/stm32f1xx_hal_rcc_ex.c.obj
LOAD CMakeFiles/test_dw1000.elf.dir/Drivers/STM32F1xx_HAL_Driver/Src/stm32f1xx_hal_spi.c.obj
LOAD CMakeFiles/test_dw1000.elf.dir/Drivers/STM32F1xx_HAL_Driver/Src/stm32f1xx_hal_uart.c.obj
LOAD CMakeFiles/test_dw1000.elf.dir/Drivers/decadriver/deca_device.c.obj
LOAD CMakeFiles/test_dw1000.elf.dir/Drivers/decadriver/deca_params_init.c.obj
LOAD CMakeFiles/test_dw1000.elf.dir/Drivers/decadriver/platform/deca_mutex.c.obj
LOAD CMakeFiles/test_dw1000.elf.dir/Drivers/decadriver/platform/deca_range_tables.c.obj
LOAD CMakeFiles/test_dw1000.elf.dir/Drivers/decadriver/platform/deca_sleep.c.obj
LOAD CMakeFiles/test_dw1000.elf.dir/Drivers/decadriver/platform/deca_spi.c.obj
LOAD CMakeFiles/test_dw1000.elf.dir/Drivers/decadriver/platform/port.c.obj
LOAD CMakeFiles/test_dw1000.elf.dir/Drivers/dw1000/Src/calibration.c.obj
LOAD CMakeFiles/test_dw1000.elf.dir/Drivers/dw1000/Src/dw1000.c.obj
LOAD CMakeFiles/test_dw1000.elf.dir/Drivers/dw1000/Src/frame.c.obj
LOAD CMakeFiles/test_dw1000.elf.dir/Drivers/dw1000/Src/fsm.c.obj
LOAD CMakeFiles/test_dw1000.elf.dir/Drivers/pc_connection/pc_protocol.c.obj
LOAD CMakeFiles/test_dw1000.elf.dir/Drivers/terminal/lwshell.c.obj
LOAD CMakeFiles/test_dw1000.elf.dir/Drivers/terminal/platform/terminal.c.obj
LOAD CMakeFiles/test_dw1000.elf.dir/Drivers/tests/tests.c.obj
LOAD CMakeFiles/test_dw1000.elf.dir/Drivers/utils.c.obj
START GROUP
LOAD C:/ST/STM32CubeCLT_1.18.0/GNU-tools-for-STM32/bin/../lib/gcc/arm-none-eabi/13.3.1/thumb/v7-m/nofp\libgcc.a
LOAD C:/ST/STM32CubeCLT_1.18.0/GNU-tools-for-STM32/bin/../lib/gcc/arm-none-eabi/13.3.1/../../../../arm-none-eabi/lib/thumb/v7-m/nofp\libg.a
LOAD C:/ST/STM32CubeCLT_1.18.0/GNU-tools-for-STM32/bin/../lib/gcc/arm-none-eabi/13.3.1/../../../../arm-none-eabi/lib/thumb/v7-m/nofp\libc.a
END GROUP
LOAD C:/ST/STM32CubeCLT_1.18.0/GNU-tools-for-STM32/bin/../lib/gcc/arm-none-eabi/13.3.1/thumb/v7-m/nofp/crtend.o
LOAD C:/ST/STM32CubeCLT_1.18.0/GNU-tools-for-STM32/bin/../lib/gcc/arm-none-eabi/13.3.1/thumb/v7-m/nofp/crtn.o
                0x20005000                        _estack = (ORIGIN (RAM) + LENGTH (RAM))
                0x00000200                        _Min_Heap_Size = 0x200
                0x00000400                        _Min_Stack_Size = 0x400

.isr_vector     0x08000000      0x10c
                0x08000000                        . = ALIGN (0x4)
 *(.isr_vector)
 .isr_vector    0x08000000      0x10c CMakeFiles/test_dw1000.elf.dir/Core/Startup/startup_stm32f103c8tx.s.obj
                0x08000000                g_pfnVectors
                0x0800010c                        . = ALIGN (0x4)

.text           0x0800010c     0x34e8
                0x0800010c                        . = ALIGN (0x4)
 *(.text)
 .text          0x0800010c       0x40 C:/ST/STM32CubeCLT_1.18.0/GNU-tools-for-STM32/bin/../lib/gcc/arm-none-eabi/13.3.1/thumb/v7-m/nofp/crtbegin.o
 .text          0x0800014c       0x10 C:/ST/STM32CubeCLT_1.18.0/GNU-tools-for-STM32/bin/../lib/gcc/arm-none-eabi/13.3.1/../../../../arm-none-eabi/lib/thumb/v7-m/nofp\libg.a(libc_a-strlen.o)
                0x0800014c                strlen
 *(.text*)
 .text.MX_GPIO_Init
                0x0800015c      0x120 CMakeFiles/test_dw1000.elf.dir/Core/Src/gpio.c.obj
                0x0800015c                MX_GPIO_Init
 .text.MX_I2C1_Init
                0x0800027c       0x3c CMakeFiles/test_dw1000.elf.dir/Core/Src/i2c.c.obj
                0x0800027c                MX_I2C1_Init
 .text.HAL_I2C_MspInit
                0x080002b8       0x64 CMakeFiles/test_dw1000.elf.dir/Core/Src/i2c.c.obj
                0x080002b8                HAL_I2C_MspInit
 .text.write_to_expander
                0x0800031c       0x4c CMakeFiles/test_dw1000.elf.dir/Core/Src/lcd.c.obj
 .text.strobe_enable
                0x08000368       0x2c CMakeFiles/test_dw1000.elf.dir/Core/Src/lcd.c.obj
 .text.write_top_nibble
                0x08000394       0x16 CMakeFiles/test_dw1000.elf.dir/Core/Src/lcd.c.obj
 .text.write    0x080003aa       0x22 CMakeFiles/test_dw1000.elf.dir/Core/Src/lcd.c.obj
 .text.write_command
                0x080003cc        0xa CMakeFiles/test_dw1000.elf.dir/Core/Src/lcd.c.obj
 *fill*         0x080003d6        0x2 
 .text.i2c_lcd1602_clear
                0x080003d8       0x28 CMakeFiles/test_dw1000.elf.dir/Core/Src/lcd.c.obj
                0x080003d8                i2c_lcd1602_clear
 .text.i2c_lcd1602_home
                0x08000400       0x28 CMakeFiles/test_dw1000.elf.dir/Core/Src/lcd.c.obj
                0x08000400                i2c_lcd1602_home
 .text.i2c_lcd1602_reset
                0x08000428       0x90 CMakeFiles/test_dw1000.elf.dir/Core/Src/lcd.c.obj
                0x08000428                i2c_lcd1602_reset
 .text.i2c_lcd1602_init
                0x080004b8       0x40 CMakeFiles/test_dw1000.elf.dir/Core/Src/lcd.c.obj
                0x080004b8                i2c_lcd1602_init
 .text.Error_Handler
                0x080004f8        0x4 CMakeFiles/test_dw1000.elf.dir/Core/Src/main.c.obj
                0x080004f8                Error_Handler
 .text.SystemClock_Config
                0x080004fc       0x6a CMakeFiles/test_dw1000.elf.dir/Core/Src/main.c.obj
                0x080004fc                SystemClock_Config
 *fill*         0x08000566        0x2 
 .text.main     0x08000568       0x58 CMakeFiles/test_dw1000.elf.dir/Core/Src/main.c.obj
                0x08000568                main
 .text.MX_SPI1_Init
                0x080005c0       0x44 CMakeFiles/test_dw1000.elf.dir/Core/Src/spi.c.obj
                0x080005c0                MX_SPI1_Init
 .text.HAL_SPI_MspInit
                0x08000604       0x74 CMakeFiles/test_dw1000.elf.dir/Core/Src/spi.c.obj
                0x08000604                HAL_SPI_MspInit
 .text.HAL_MspInit
                0x08000678       0x44 CMakeFiles/test_dw1000.elf.dir/Core/Src/stm32f1xx_hal_msp.c.obj
                0x08000678                HAL_MspInit
 .text.NMI_Handler
                0x080006bc        0x2 CMakeFiles/test_dw1000.elf.dir/Core/Src/stm32f1xx_it.c.obj
                0x080006bc                NMI_Handler
 .text.HardFault_Handler
                0x080006be        0x2 CMakeFiles/test_dw1000.elf.dir/Core/Src/stm32f1xx_it.c.obj
                0x080006be                HardFault_Handler
 .text.MemManage_Handler
                0x080006c0        0x2 CMakeFiles/test_dw1000.elf.dir/Core/Src/stm32f1xx_it.c.obj
                0x080006c0                MemManage_Handler
 .text.BusFault_Handler
                0x080006c2        0x2 CMakeFiles/test_dw1000.elf.dir/Core/Src/stm32f1xx_it.c.obj
                0x080006c2                BusFault_Handler
 .text.UsageFault_Handler
                0x080006c4        0x2 CMakeFiles/test_dw1000.elf.dir/Core/Src/stm32f1xx_it.c.obj
                0x080006c4                UsageFault_Handler
 .text.SVC_Handler
                0x080006c6        0x2 CMakeFiles/test_dw1000.elf.dir/Core/Src/stm32f1xx_it.c.obj
                0x080006c6                SVC_Handler
 .text.DebugMon_Handler
                0x080006c8        0x2 CMakeFiles/test_dw1000.elf.dir/Core/Src/stm32f1xx_it.c.obj
                0x080006c8                DebugMon_Handler
 .text.PendSV_Handler
                0x080006ca        0x2 CMakeFiles/test_dw1000.elf.dir/Core/Src/stm32f1xx_it.c.obj
                0x080006ca                PendSV_Handler
 .text.SysTick_Handler
                0x080006cc        0x8 CMakeFiles/test_dw1000.elf.dir/Core/Src/stm32f1xx_it.c.obj
                0x080006cc                SysTick_Handler
 .text.EXTI0_IRQHandler
                0x080006d4        0xa CMakeFiles/test_dw1000.elf.dir/Core/Src/stm32f1xx_it.c.obj
                0x080006d4                EXTI0_IRQHandler
 *fill*         0x080006de        0x2 
 .text.USART1_IRQHandler
                0x080006e0       0x10 CMakeFiles/test_dw1000.elf.dir/Core/Src/stm32f1xx_it.c.obj
                0x080006e0                USART1_IRQHandler
 .text.EXTI15_10_IRQHandler
                0x080006f0        0xc CMakeFiles/test_dw1000.elf.dir/Core/Src/stm32f1xx_it.c.obj
                0x080006f0                EXTI15_10_IRQHandler
 .text.HAL_UARTEx_RxEventCallback
                0x080006fc       0x1c CMakeFiles/test_dw1000.elf.dir/Core/Src/stm32f1xx_it.c.obj
                0x080006fc                HAL_UARTEx_RxEventCallback
 .text.SystemInit
                0x08000718        0x2 CMakeFiles/test_dw1000.elf.dir/Core/Src/system_stm32f1xx.c.obj
                0x08000718                SystemInit
 *fill*         0x0800071a        0x2 
 .text.MX_USART1_UART_Init
                0x0800071c       0x34 CMakeFiles/test_dw1000.elf.dir/Core/Src/usart.c.obj
                0x0800071c                MX_USART1_UART_Init
 .text.HAL_UART_MspInit
                0x08000750       0x88 CMakeFiles/test_dw1000.elf.dir/Core/Src/usart.c.obj
                0x08000750                HAL_UART_MspInit
 .text.Reset_Handler
                0x080007d8       0x48 CMakeFiles/test_dw1000.elf.dir/Core/Startup/startup_stm32f103c8tx.s.obj
                0x080007d8                Reset_Handler
 .text.Default_Handler
                0x08000820        0x2 CMakeFiles/test_dw1000.elf.dir/Core/Startup/startup_stm32f103c8tx.s.obj
                0x08000820                RTC_Alarm_IRQHandler
                0x08000820                EXTI2_IRQHandler
                0x08000820                TIM1_CC_IRQHandler
                0x08000820                PVD_IRQHandler
                0x08000820                EXTI3_IRQHandler
                0x08000820                I2C2_EV_IRQHandler
                0x08000820                ADC1_2_IRQHandler
                0x08000820                SPI1_IRQHandler
                0x08000820                TAMPER_IRQHandler
                0x08000820                DMA1_Channel4_IRQHandler
                0x08000820                USART3_IRQHandler
                0x08000820                RTC_IRQHandler
                0x08000820                DMA1_Channel7_IRQHandler
                0x08000820                CAN1_RX1_IRQHandler
                0x08000820                TIM4_IRQHandler
                0x08000820                I2C1_EV_IRQHandler
                0x08000820                DMA1_Channel6_IRQHandler
                0x08000820                TIM3_IRQHandler
                0x08000820                RCC_IRQHandler
                0x08000820                TIM1_TRG_COM_IRQHandler
                0x08000820                DMA1_Channel1_IRQHandler
                0x08000820                Default_Handler
                0x08000820                EXTI9_5_IRQHandler
                0x08000820                SPI2_IRQHandler
                0x08000820                DMA1_Channel5_IRQHandler
                0x08000820                EXTI4_IRQHandler
                0x08000820                USB_LP_CAN1_RX0_IRQHandler
                0x08000820                USB_HP_CAN1_TX_IRQHandler
                0x08000820                DMA1_Channel3_IRQHandler
                0x08000820                TIM1_UP_IRQHandler
                0x08000820                WWDG_IRQHandler
                0x08000820                TIM2_IRQHandler
                0x08000820                TIM1_BRK_IRQHandler
                0x08000820                EXTI1_IRQHandler
                0x08000820                USART2_IRQHandler
                0x08000820                I2C2_ER_IRQHandler
                0x08000820                DMA1_Channel2_IRQHandler
                0x08000820                CAN1_SCE_IRQHandler
                0x08000820                FLASH_IRQHandler
                0x08000820                I2C1_ER_IRQHandler
                0x08000820                USBWakeUp_IRQHandler
 *fill*         0x08000822        0x2 
 .text.HAL_InitTick
                0x08000824       0x4c CMakeFiles/test_dw1000.elf.dir/Drivers/STM32F1xx_HAL_Driver/Src/stm32f1xx_hal.c.obj
                0x08000824                HAL_InitTick
 .text.HAL_Init
                0x08000870       0x24 CMakeFiles/test_dw1000.elf.dir/Drivers/STM32F1xx_HAL_Driver/Src/stm32f1xx_hal.c.obj
                0x08000870                HAL_Init
 .text.HAL_IncTick
                0x08000894       0x18 CMakeFiles/test_dw1000.elf.dir/Drivers/STM32F1xx_HAL_Driver/Src/stm32f1xx_hal.c.obj
                0x08000894                HAL_IncTick
 .text.HAL_GetTick
                0x080008ac        0xc CMakeFiles/test_dw1000.elf.dir/Drivers/STM32F1xx_HAL_Driver/Src/stm32f1xx_hal.c.obj
                0x080008ac                HAL_GetTick
 .text.HAL_Delay
                0x080008b8       0x28 CMakeFiles/test_dw1000.elf.dir/Drivers/STM32F1xx_HAL_Driver/Src/stm32f1xx_hal.c.obj
                0x080008b8                HAL_Delay
 .text.__NVIC_DisableIRQ
                0x080008e0       0x24 CMakeFiles/test_dw1000.elf.dir/Drivers/STM32F1xx_HAL_Driver/Src/stm32f1xx_hal_cortex.c.obj
 .text.__NVIC_SetPriority
                0x08000904       0x28 CMakeFiles/test_dw1000.elf.dir/Drivers/STM32F1xx_HAL_Driver/Src/stm32f1xx_hal_cortex.c.obj
 .text.NVIC_EncodePriority
                0x0800092c       0x3e CMakeFiles/test_dw1000.elf.dir/Drivers/STM32F1xx_HAL_Driver/Src/stm32f1xx_hal_cortex.c.obj
 *fill*         0x0800096a        0x2 
 .text.HAL_NVIC_SetPriorityGrouping
                0x0800096c       0x24 CMakeFiles/test_dw1000.elf.dir/Drivers/STM32F1xx_HAL_Driver/Src/stm32f1xx_hal_cortex.c.obj
                0x0800096c                HAL_NVIC_SetPriorityGrouping
 .text.HAL_NVIC_SetPriority
                0x08000990       0x20 CMakeFiles/test_dw1000.elf.dir/Drivers/STM32F1xx_HAL_Driver/Src/stm32f1xx_hal_cortex.c.obj
                0x08000990                HAL_NVIC_SetPriority
 .text.HAL_NVIC_EnableIRQ
                0x080009b0       0x1c CMakeFiles/test_dw1000.elf.dir/Drivers/STM32F1xx_HAL_Driver/Src/stm32f1xx_hal_cortex.c.obj
                0x080009b0                HAL_NVIC_EnableIRQ
 .text.HAL_NVIC_DisableIRQ
                0x080009cc        0x8 CMakeFiles/test_dw1000.elf.dir/Drivers/STM32F1xx_HAL_Driver/Src/stm32f1xx_hal_cortex.c.obj
                0x080009cc                HAL_NVIC_DisableIRQ
 .text.HAL_SYSTICK_Config
                0x080009d4       0x28 CMakeFiles/test_dw1000.elf.dir/Drivers/STM32F1xx_HAL_Driver/Src/stm32f1xx_hal_cortex.c.obj
                0x080009d4                HAL_SYSTICK_Config
 .text.HAL_DMA_Abort
                0x080009fc       0x46 CMakeFiles/test_dw1000.elf.dir/Drivers/STM32F1xx_HAL_Driver/Src/stm32f1xx_hal_dma.c.obj
                0x080009fc                HAL_DMA_Abort
 *fill*         0x08000a42        0x2 
 .text.HAL_DMA_Abort_IT
                0x08000a44       0x98 CMakeFiles/test_dw1000.elf.dir/Drivers/STM32F1xx_HAL_Driver/Src/stm32f1xx_hal_dma.c.obj
                0x08000a44                HAL_DMA_Abort_IT
 .text.HAL_GPIO_Init
                0x08000adc      0x21c CMakeFiles/test_dw1000.elf.dir/Drivers/STM32F1xx_HAL_Driver/Src/stm32f1xx_hal_gpio.c.obj
                0x08000adc                HAL_GPIO_Init
 .text.HAL_GPIO_ReadPin
                0x08000cf8        0xe CMakeFiles/test_dw1000.elf.dir/Drivers/STM32F1xx_HAL_Driver/Src/stm32f1xx_hal_gpio.c.obj
                0x08000cf8                HAL_GPIO_ReadPin
 .text.HAL_GPIO_WritePin
                0x08000d06        0xc CMakeFiles/test_dw1000.elf.dir/Drivers/STM32F1xx_HAL_Driver/Src/stm32f1xx_hal_gpio.c.obj
                0x08000d06                HAL_GPIO_WritePin
 *fill*         0x08000d12        0x2 
 .text.HAL_GPIO_EXTI_IRQHandler
                0x08000d14       0x1c CMakeFiles/test_dw1000.elf.dir/Drivers/STM32F1xx_HAL_Driver/Src/stm32f1xx_hal_gpio.c.obj
                0x08000d14                HAL_GPIO_EXTI_IRQHandler
 .text.I2C_IsAcknowledgeFailed
                0x08000d30       0x32 CMakeFiles/test_dw1000.elf.dir/Drivers/STM32F1xx_HAL_Driver/Src/stm32f1xx_hal_i2c.c.obj
 .text.I2C_WaitOnFlagUntilTimeout
                0x08000d62       0xaa CMakeFiles/test_dw1000.elf.dir/Drivers/STM32F1xx_HAL_Driver/Src/stm32f1xx_hal_i2c.c.obj
 .text.I2C_WaitOnMasterAddressFlagUntilTimeout
                0x08000e0c       0xd6 CMakeFiles/test_dw1000.elf.dir/Drivers/STM32F1xx_HAL_Driver/Src/stm32f1xx_hal_i2c.c.obj
 *fill*         0x08000ee2        0x2 
 .text.I2C_MasterRequestWrite
                0x08000ee4       0xb4 CMakeFiles/test_dw1000.elf.dir/Drivers/STM32F1xx_HAL_Driver/Src/stm32f1xx_hal_i2c.c.obj
 .text.I2C_WaitOnTXEFlagUntilTimeout
                0x08000f98       0x5e CMakeFiles/test_dw1000.elf.dir/Drivers/STM32F1xx_HAL_Driver/Src/stm32f1xx_hal_i2c.c.obj
 .text.I2C_WaitOnBTFFlagUntilTimeout
                0x08000ff6       0x5e CMakeFiles/test_dw1000.elf.dir/Drivers/STM32F1xx_HAL_Driver/Src/stm32f1xx_hal_i2c.c.obj
 .text.HAL_I2C_Init
                0x08001054      0x1bc CMakeFiles/test_dw1000.elf.dir/Drivers/STM32F1xx_HAL_Driver/Src/stm32f1xx_hal_i2c.c.obj
                0x08001054                HAL_I2C_Init
 .text.HAL_I2C_Master_Transmit
                0x08001210      0x178 CMakeFiles/test_dw1000.elf.dir/Drivers/STM32F1xx_HAL_Driver/Src/stm32f1xx_hal_i2c.c.obj
                0x08001210                HAL_I2C_Master_Transmit
 .text.HAL_I2C_IsDeviceReady
                0x08001388      0x194 CMakeFiles/test_dw1000.elf.dir/Drivers/STM32F1xx_HAL_Driver/Src/stm32f1xx_hal_i2c.c.obj
                0x08001388                HAL_I2C_IsDeviceReady
 .text.RCC_Delay
                0x0800151c       0x2c CMakeFiles/test_dw1000.elf.dir/Drivers/STM32F1xx_HAL_Driver/Src/stm32f1xx_hal_rcc.c.obj
 .text.HAL_RCC_OscConfig
                0x08001548      0x410 CMakeFiles/test_dw1000.elf.dir/Drivers/STM32F1xx_HAL_Driver/Src/stm32f1xx_hal_rcc.c.obj
                0x08001548                HAL_RCC_OscConfig
 .text.HAL_RCC_GetSysClockFreq
                0x08001958       0x60 CMakeFiles/test_dw1000.elf.dir/Drivers/STM32F1xx_HAL_Driver/Src/stm32f1xx_hal_rcc.c.obj
                0x08001958                HAL_RCC_GetSysClockFreq
 .text.HAL_RCC_ClockConfig
                0x080019b8      0x16c CMakeFiles/test_dw1000.elf.dir/Drivers/STM32F1xx_HAL_Driver/Src/stm32f1xx_hal_rcc.c.obj
                0x080019b8                HAL_RCC_ClockConfig
 .text.HAL_RCC_GetHCLKFreq
                0x08001b24        0xc CMakeFiles/test_dw1000.elf.dir/Drivers/STM32F1xx_HAL_Driver/Src/stm32f1xx_hal_rcc.c.obj
                0x08001b24                HAL_RCC_GetHCLKFreq
 .text.HAL_RCC_GetPCLK1Freq
                0x08001b30       0x20 CMakeFiles/test_dw1000.elf.dir/Drivers/STM32F1xx_HAL_Driver/Src/stm32f1xx_hal_rcc.c.obj
                0x08001b30                HAL_RCC_GetPCLK1Freq
 .text.HAL_RCC_GetPCLK2Freq
                0x08001b50       0x20 CMakeFiles/test_dw1000.elf.dir/Drivers/STM32F1xx_HAL_Driver/Src/stm32f1xx_hal_rcc.c.obj
                0x08001b50                HAL_RCC_GetPCLK2Freq
 .text.SPI_WaitFlagStateUntilTimeout
                0x08001b70       0xc8 CMakeFiles/test_dw1000.elf.dir/Drivers/STM32F1xx_HAL_Driver/Src/stm32f1xx_hal_spi.c.obj
 .text.SPI_EndRxTxTransaction
                0x08001c38       0x44 CMakeFiles/test_dw1000.elf.dir/Drivers/STM32F1xx_HAL_Driver/Src/stm32f1xx_hal_spi.c.obj
 .text.HAL_SPI_Init
                0x08001c7c       0xb6 CMakeFiles/test_dw1000.elf.dir/Drivers/STM32F1xx_HAL_Driver/Src/stm32f1xx_hal_spi.c.obj
                0x08001c7c                HAL_SPI_Init
 .text.HAL_SPI_Transmit
                0x08001d32      0x1c4 CMakeFiles/test_dw1000.elf.dir/Drivers/STM32F1xx_HAL_Driver/Src/stm32f1xx_hal_spi.c.obj
                0x08001d32                HAL_SPI_Transmit
 .text.HAL_SPI_GetState
                0x08001ef6        0x6 CMakeFiles/test_dw1000.elf.dir/Drivers/STM32F1xx_HAL_Driver/Src/stm32f1xx_hal_spi.c.obj
                0x08001ef6                HAL_SPI_GetState
 .text.UART_EndRxTransfer
                0x08001efc       0x5c CMakeFiles/test_dw1000.elf.dir/Drivers/STM32F1xx_HAL_Driver/Src/stm32f1xx_hal_uart.c.obj
 .text.UART_Transmit_IT
                0x08001f58       0x60 CMakeFiles/test_dw1000.elf.dir/Drivers/STM32F1xx_HAL_Driver/Src/stm32f1xx_hal_uart.c.obj
 .text.UART_SetConfig
                0x08001fb8       0x94 CMakeFiles/test_dw1000.elf.dir/Drivers/STM32F1xx_HAL_Driver/Src/stm32f1xx_hal_uart.c.obj
 .text.UART_WaitOnFlagUntilTimeout
                0x0800204c       0x86 CMakeFiles/test_dw1000.elf.dir/Drivers/STM32F1xx_HAL_Driver/Src/stm32f1xx_hal_uart.c.obj
 .text.HAL_UART_Init
                0x080020d2       0x60 CMakeFiles/test_dw1000.elf.dir/Drivers/STM32F1xx_HAL_Driver/Src/stm32f1xx_hal_uart.c.obj
                0x080020d2                HAL_UART_Init
 .text.HAL_UART_Transmit
                0x08002132       0xcc CMakeFiles/test_dw1000.elf.dir/Drivers/STM32F1xx_HAL_Driver/Src/stm32f1xx_hal_uart.c.obj
                0x08002132                HAL_UART_Transmit
 .text.HAL_UART_TxCpltCallback
                0x080021fe        0x2 CMakeFiles/test_dw1000.elf.dir/Drivers/STM32F1xx_HAL_Driver/Src/stm32f1xx_hal_uart.c.obj
                0x080021fe                HAL_UART_TxCpltCallback
 .text.UART_EndTransmit_IT
                0x08002200       0x1a CMakeFiles/test_dw1000.elf.dir/Drivers/STM32F1xx_HAL_Driver/Src/stm32f1xx_hal_uart.c.obj
 .text.HAL_UART_RxCpltCallback
                0x0800221a        0x2 CMakeFiles/test_dw1000.elf.dir/Drivers/STM32F1xx_HAL_Driver/Src/stm32f1xx_hal_uart.c.obj
                0x0800221a                HAL_UART_RxCpltCallback
 .text.HAL_UART_ErrorCallback
                0x0800221c        0x2 CMakeFiles/test_dw1000.elf.dir/Drivers/STM32F1xx_HAL_Driver/Src/stm32f1xx_hal_uart.c.obj
                0x0800221c                HAL_UART_ErrorCallback
 .text.UART_DMAAbortOnError
                0x0800221e       0x10 CMakeFiles/test_dw1000.elf.dir/Drivers/STM32F1xx_HAL_Driver/Src/stm32f1xx_hal_uart.c.obj
 .text.UART_Receive_IT
                0x0800222e       0xe6 CMakeFiles/test_dw1000.elf.dir/Drivers/STM32F1xx_HAL_Driver/Src/stm32f1xx_hal_uart.c.obj
 .text.HAL_UART_IRQHandler
                0x08002314      0x284 CMakeFiles/test_dw1000.elf.dir/Drivers/STM32F1xx_HAL_Driver/Src/stm32f1xx_hal_uart.c.obj
                0x08002314                HAL_UART_IRQHandler
 .text.HAL_UART_GetState
                0x08002598        0xc CMakeFiles/test_dw1000.elf.dir/Drivers/STM32F1xx_HAL_Driver/Src/stm32f1xx_hal_uart.c.obj
                0x08002598                HAL_UART_GetState
 .text.UART_Start_Receive_IT
                0x080025a4       0x36 CMakeFiles/test_dw1000.elf.dir/Drivers/STM32F1xx_HAL_Driver/Src/stm32f1xx_hal_uart.c.obj
                0x080025a4                UART_Start_Receive_IT
 .text.HAL_UARTEx_ReceiveToIdle_IT
                0x080025da       0x66 CMakeFiles/test_dw1000.elf.dir/Drivers/STM32F1xx_HAL_Driver/Src/stm32f1xx_hal_uart.c.obj
                0x080025da                HAL_UARTEx_ReceiveToIdle_IT
 .text.dwt_writetodevice
                0x08002640       0x46 CMakeFiles/test_dw1000.elf.dir/Drivers/decadriver/deca_device.c.obj
                0x08002640                dwt_writetodevice
 .text.dwt_readfromdevice
                0x08002686       0x42 CMakeFiles/test_dw1000.elf.dir/Drivers/decadriver/deca_device.c.obj
                0x08002686                dwt_readfromdevice
 .text.dwt_read32bitoffsetreg
                0x080026c8       0x30 CMakeFiles/test_dw1000.elf.dir/Drivers/decadriver/deca_device.c.obj
                0x080026c8                dwt_read32bitoffsetreg
 .text.dwt_readdevid
                0x080026f8        0xc CMakeFiles/test_dw1000.elf.dir/Drivers/decadriver/deca_device.c.obj
                0x080026f8                dwt_readdevid
 .text.dwt_read16bitoffsetreg
                0x08002704       0x24 CMakeFiles/test_dw1000.elf.dir/Drivers/decadriver/deca_device.c.obj
                0x08002704                dwt_read16bitoffsetreg
 .text.dwt_write8bitoffsetreg
                0x08002728       0x1c CMakeFiles/test_dw1000.elf.dir/Drivers/decadriver/deca_device.c.obj
                0x08002728                dwt_write8bitoffsetreg
 .text.dwt_write16bitoffsetreg
                0x08002744       0x20 CMakeFiles/test_dw1000.elf.dir/Drivers/decadriver/deca_device.c.obj
                0x08002744                dwt_write16bitoffsetreg
 .text.dwt_setrxantennadelay
                0x08002764       0x10 CMakeFiles/test_dw1000.elf.dir/Drivers/decadriver/deca_device.c.obj
                0x08002764                dwt_setrxantennadelay
 .text.dwt_settxantennadelay
                0x08002774        0xe CMakeFiles/test_dw1000.elf.dir/Drivers/decadriver/deca_device.c.obj
                0x08002774                dwt_settxantennadelay
 .text.dwt_write32bitoffsetreg
                0x08002782       0x2c CMakeFiles/test_dw1000.elf.dir/Drivers/decadriver/deca_device.c.obj
                0x08002782                dwt_write32bitoffsetreg
 .text._dwt_otpread
                0x080027ae       0x2a CMakeFiles/test_dw1000.elf.dir/Drivers/decadriver/deca_device.c.obj
                0x080027ae                _dwt_otpread
 .text._dwt_aonarrayupload
                0x080027d8       0x18 CMakeFiles/test_dw1000.elf.dir/Drivers/decadriver/deca_device.c.obj
                0x080027d8                _dwt_aonarrayupload
 .text._dwt_configlde
                0x080027f0       0x32 CMakeFiles/test_dw1000.elf.dir/Drivers/decadriver/deca_device.c.obj
                0x080027f0                _dwt_configlde
 *fill*         0x08002822        0x2 
 .text.dwt_configure
                0x08002824      0x220 CMakeFiles/test_dw1000.elf.dir/Drivers/decadriver/deca_device.c.obj
                0x08002824                dwt_configure
 .text.dwt_setleds
                0x08002a44       0x78 CMakeFiles/test_dw1000.elf.dir/Drivers/decadriver/deca_device.c.obj
                0x08002a44                dwt_setleds
 .text._dwt_enableclocks
                0x08002abc       0xf2 CMakeFiles/test_dw1000.elf.dir/Drivers/decadriver/deca_device.c.obj
                0x08002abc                _dwt_enableclocks
 .text._dwt_loaducodefromrom
                0x08002bae       0x22 CMakeFiles/test_dw1000.elf.dir/Drivers/decadriver/deca_device.c.obj
                0x08002bae                _dwt_loaducodefromrom
 .text._dwt_disablesequencing
                0x08002bd0       0x14 CMakeFiles/test_dw1000.elf.dir/Drivers/decadriver/deca_device.c.obj
                0x08002bd0                _dwt_disablesequencing
 .text.dwt_softreset
                0x08002be4       0x48 CMakeFiles/test_dw1000.elf.dir/Drivers/decadriver/deca_device.c.obj
                0x08002be4                dwt_softreset
 .text.dwt_setxtaltrim
                0x08002c2c       0x14 CMakeFiles/test_dw1000.elf.dir/Drivers/decadriver/deca_device.c.obj
                0x08002c2c                dwt_setxtaltrim
 .text.dwt_initialise
                0x08002c40      0x1bc CMakeFiles/test_dw1000.elf.dir/Drivers/decadriver/deca_device.c.obj
                0x08002c40                dwt_initialise
 .text.decamutexon
                0x08002dfc       0x14 CMakeFiles/test_dw1000.elf.dir/Drivers/decadriver/platform/deca_mutex.c.obj
                0x08002dfc                decamutexon
 .text.decamutexoff
                0x08002e10        0xc CMakeFiles/test_dw1000.elf.dir/Drivers/decadriver/platform/deca_mutex.c.obj
                0x08002e10                decamutexoff
 .text.deca_sleep
                0x08002e1c        0x8 CMakeFiles/test_dw1000.elf.dir/Drivers/decadriver/platform/deca_sleep.c.obj
                0x08002e1c                deca_sleep
 .text.writetospi
                0x08002e24       0x64 CMakeFiles/test_dw1000.elf.dir/Drivers/decadriver/platform/deca_spi.c.obj
                0x08002e24                writetospi
 .text.readfromspi
                0x08002e88       0x90 CMakeFiles/test_dw1000.elf.dir/Drivers/decadriver/platform/deca_spi.c.obj
                0x08002e88                readfromspi
 .text.usleep   0x08002f18       0x60 CMakeFiles/test_dw1000.elf.dir/Drivers/decadriver/platform/port.c.obj
                0x08002f18                usleep
 .text.Sleep    0x08002f78       0x16 CMakeFiles/test_dw1000.elf.dir/Drivers/decadriver/platform/port.c.obj
                0x08002f78                Sleep
 *fill*         0x08002f8e        0x2 
 .text.EXTI_GetITEnStatus
                0x08002f90       0x38 CMakeFiles/test_dw1000.elf.dir/Drivers/decadriver/platform/port.c.obj
                0x08002f90                EXTI_GetITEnStatus
 .text.reset_DW1000
                0x08002fc8       0x50 CMakeFiles/test_dw1000.elf.dir/Drivers/decadriver/platform/port.c.obj
                0x08002fc8                reset_DW1000
 .text.setup_DW1000RSTnIRQ
                0x08003018       0x7c CMakeFiles/test_dw1000.elf.dir/Drivers/decadriver/platform/port.c.obj
                0x08003018                setup_DW1000RSTnIRQ
 .text.port_set_dw1000_slowrate
                0x08003094       0x18 CMakeFiles/test_dw1000.elf.dir/Drivers/decadriver/platform/port.c.obj
                0x08003094                port_set_dw1000_slowrate
 .text.port_set_dw1000_fastrate
                0x080030ac       0x18 CMakeFiles/test_dw1000.elf.dir/Drivers/decadriver/platform/port.c.obj
                0x080030ac                port_set_dw1000_fastrate
 .text.HAL_GPIO_EXTI_Callback
                0x080030c4       0x30 CMakeFiles/test_dw1000.elf.dir/Drivers/decadriver/platform/port.c.obj
                0x080030c4                HAL_GPIO_EXTI_Callback
 .text.process_deca_irq
                0x080030f4       0x20 CMakeFiles/test_dw1000.elf.dir/Drivers/decadriver/platform/port.c.obj
                0x080030f4                process_deca_irq
 .text.port_DisableEXT_IRQ
                0x08003114        0xe CMakeFiles/test_dw1000.elf.dir/Drivers/decadriver/platform/port.c.obj
                0x08003114                port_DisableEXT_IRQ
 .text.port_EnableEXT_IRQ
                0x08003122        0xe CMakeFiles/test_dw1000.elf.dir/Drivers/decadriver/platform/port.c.obj
                0x08003122                port_EnableEXT_IRQ
 .text.port_GetEXT_IRQStatus
                0x08003130       0x10 CMakeFiles/test_dw1000.elf.dir/Drivers/decadriver/platform/port.c.obj
                0x08003130                port_GetEXT_IRQStatus
 .text.port_CheckEXT_IRQ
                0x08003140       0x18 CMakeFiles/test_dw1000.elf.dir/Drivers/decadriver/platform/port.c.obj
                0x08003140                port_CheckEXT_IRQ
 .text.__NVIC_EnableIRQ
                0x08003158       0x1c CMakeFiles/test_dw1000.elf.dir/Drivers/decadriver/platform/port.c.obj
 .text.__NVIC_DisableIRQ
                0x08003174       0x24 CMakeFiles/test_dw1000.elf.dir/Drivers/decadriver/platform/port.c.obj
 .text.initialise_dw1000
                0x08003198       0x2c CMakeFiles/test_dw1000.elf.dir/Drivers/dw1000/Src/dw1000.c.obj
                0x08003198                initialise_dw1000
 .text.configure_dw1000
                0x080031c4       0x18 CMakeFiles/test_dw1000.elf.dir/Drivers/dw1000/Src/dw1000.c.obj
                0x080031c4                configure_dw1000
 .text.dev_loop
                0x080031dc       0x6c CMakeFiles/test_dw1000.elf.dir/Drivers/dw1000/Src/fsm.c.obj
                0x080031dc                dev_loop
 .text.check_valid_message
                0x08003248       0x7a CMakeFiles/test_dw1000.elf.dir/Drivers/pc_connection/pc_protocol.c.obj
                0x08003248                check_valid_message
 *fill*         0x080032c2        0x2 
 .text.lwshell_init_ex
                0x080032c4       0x18 CMakeFiles/test_dw1000.elf.dir/Drivers/terminal/lwshell.c.obj
                0x080032c4                lwshell_init_ex
 .text.lwshell_set_output_fn_ex
                0x080032dc       0x14 CMakeFiles/test_dw1000.elf.dir/Drivers/terminal/lwshell.c.obj
                0x080032dc                lwshell_set_output_fn_ex
 .text.lwshell_register_cmd_ex
                0x080032f0       0x50 CMakeFiles/test_dw1000.elf.dir/Drivers/terminal/lwshell.c.obj
                0x080032f0                lwshell_register_cmd_ex
 .text.terminal_print
                0x08003340       0x48 CMakeFiles/test_dw1000.elf.dir/Drivers/terminal/platform/terminal.c.obj
                0x08003340                terminal_print
 .text.terminal_function_output
                0x08003388       0x12 CMakeFiles/test_dw1000.elf.dir/Drivers/terminal/platform/terminal.c.obj
                0x08003388                terminal_function_output
 *fill*         0x0800339a        0x2 
 .text.terminal_echo
                0x0800339c       0x38 CMakeFiles/test_dw1000.elf.dir/Drivers/terminal/platform/terminal.c.obj
                0x0800339c                terminal_echo
 .text.terminal_clear
                0x080033d4       0x20 CMakeFiles/test_dw1000.elf.dir/Drivers/terminal/platform/terminal.c.obj
                0x080033d4                terminal_clear
 .text.terminal_test
                0x080033f4       0x14 CMakeFiles/test_dw1000.elf.dir/Drivers/terminal/platform/terminal.c.obj
                0x080033f4                terminal_test
 .text.terminal_settings_init
                0x08003408        0xc CMakeFiles/test_dw1000.elf.dir/Drivers/terminal/platform/terminal.c.obj
                0x08003408                terminal_settings_init
 .text.terminal_init
                0x08003414       0x64 CMakeFiles/test_dw1000.elf.dir/Drivers/terminal/platform/terminal.c.obj
                0x08003414                terminal_init
 .text.crc16_kermit
                0x08003478       0x40 CMakeFiles/test_dw1000.elf.dir/Drivers/utils.c.obj
                0x08003478                crc16_kermit
 .text.memset   0x080034b8       0x10 C:/ST/STM32CubeCLT_1.18.0/GNU-tools-for-STM32/bin/../lib/gcc/arm-none-eabi/13.3.1/../../../../arm-none-eabi/lib/thumb/v7-m/nofp\libg.a(libc_a-memset.o)
                0x080034b8                memset
 .text.__libc_init_array
                0x080034c8       0x48 C:/ST/STM32CubeCLT_1.18.0/GNU-tools-for-STM32/bin/../lib/gcc/arm-none-eabi/13.3.1/../../../../arm-none-eabi/lib/thumb/v7-m/nofp\libg.a(libc_a-init.o)
                0x080034c8                __libc_init_array
 .text.__retarget_lock_acquire_recursive
                0x08003510        0x2 C:/ST/STM32CubeCLT_1.18.0/GNU-tools-for-STM32/bin/../lib/gcc/arm-none-eabi/13.3.1/../../../../arm-none-eabi/lib/thumb/v7-m/nofp\libg.a(libc_a-lock.o)
                0x08003510                __retarget_lock_acquire_recursive
 .text.__retarget_lock_release_recursive
                0x08003512        0x2 C:/ST/STM32CubeCLT_1.18.0/GNU-tools-for-STM32/bin/../lib/gcc/arm-none-eabi/13.3.1/../../../../arm-none-eabi/lib/thumb/v7-m/nofp\libg.a(libc_a-lock.o)
                0x08003512                __retarget_lock_release_recursive
 .text.startup.register_fini
                0x08003514       0x14 C:/ST/STM32CubeCLT_1.18.0/GNU-tools-for-STM32/bin/../lib/gcc/arm-none-eabi/13.3.1/../../../../arm-none-eabi/lib/thumb/v7-m/nofp\libg.a(libc_a-__call_atexit.o)
 .text.atexit   0x08003528        0xc C:/ST/STM32CubeCLT_1.18.0/GNU-tools-for-STM32/bin/../lib/gcc/arm-none-eabi/13.3.1/../../../../arm-none-eabi/lib/thumb/v7-m/nofp\libg.a(libc_a-atexit.o)
                0x08003528                atexit
 .text.__libc_fini_array
                0x08003534       0x28 C:/ST/STM32CubeCLT_1.18.0/GNU-tools-for-STM32/bin/../lib/gcc/arm-none-eabi/13.3.1/../../../../arm-none-eabi/lib/thumb/v7-m/nofp\libg.a(libc_a-fini.o)
                0x08003534                __libc_fini_array
 .text.__register_exitproc
                0x0800355c       0x80 C:/ST/STM32CubeCLT_1.18.0/GNU-tools-for-STM32/bin/../lib/gcc/arm-none-eabi/13.3.1/../../../../arm-none-eabi/lib/thumb/v7-m/nofp\libg.a(libc_a-__atexit.o)
                0x0800355c                __register_exitproc
 *(.glue_7)
 .glue_7        0x080035dc        0x0 linker stubs
 *(.glue_7t)
 .glue_7t       0x080035dc        0x0 linker stubs
 *(.eh_frame)
 .eh_frame      0x080035dc        0x0 C:/ST/STM32CubeCLT_1.18.0/GNU-tools-for-STM32/bin/../lib/gcc/arm-none-eabi/13.3.1/thumb/v7-m/nofp/crtbegin.o
 *(.init)
 .init          0x080035dc        0x4 C:/ST/STM32CubeCLT_1.18.0/GNU-tools-for-STM32/bin/../lib/gcc/arm-none-eabi/13.3.1/thumb/v7-m/nofp/crti.o
                0x080035dc                _init
 .init          0x080035e0        0x8 C:/ST/STM32CubeCLT_1.18.0/GNU-tools-for-STM32/bin/../lib/gcc/arm-none-eabi/13.3.1/thumb/v7-m/nofp/crtn.o
 *(.fini)
 .fini          0x080035e8        0x4 C:/ST/STM32CubeCLT_1.18.0/GNU-tools-for-STM32/bin/../lib/gcc/arm-none-eabi/13.3.1/thumb/v7-m/nofp/crti.o
                0x080035e8                _fini
 .fini          0x080035ec        0x8 C:/ST/STM32CubeCLT_1.18.0/GNU-tools-for-STM32/bin/../lib/gcc/arm-none-eabi/13.3.1/thumb/v7-m/nofp/crtn.o
                0x080035f4                        . = ALIGN (0x4)
                0x080035f4                        _etext = .

.vfp11_veneer   0x080035f4        0x0
 .vfp11_veneer  0x080035f4        0x0 linker stubs

.v4_bx          0x080035f4        0x0
 .v4_bx         0x080035f4        0x0 linker stubs

.iplt           0x080035f4        0x0
 .iplt          0x080035f4        0x0 C:/ST/STM32CubeCLT_1.18.0/GNU-tools-for-STM32/bin/../lib/gcc/arm-none-eabi/13.3.1/thumb/v7-m/nofp/crtbegin.o

.rodata         0x080035f4      0x1b0
                0x080035f4                        . = ALIGN (0x4)
 *(.rodata)
 *(.rodata*)
 .rodata.APBPrescTable
                0x080035f4        0x8 CMakeFiles/test_dw1000.elf.dir/Core/Src/system_stm32f1xx.c.obj
                0x080035f4                APBPrescTable
 .rodata.AHBPrescTable
                0x080035fc       0x10 CMakeFiles/test_dw1000.elf.dir/Core/Src/system_stm32f1xx.c.obj
                0x080035fc                AHBPrescTable
 .rodata.aPredivFactorTable.0
                0x0800360c        0x2 CMakeFiles/test_dw1000.elf.dir/Drivers/STM32F1xx_HAL_Driver/Src/stm32f1xx_hal_rcc.c.obj
 *fill*         0x0800360e        0x2 
 .rodata.aPLLMULFactorTable.1
                0x08003610       0x10 CMakeFiles/test_dw1000.elf.dir/Drivers/STM32F1xx_HAL_Driver/Src/stm32f1xx_hal_rcc.c.obj
 .rodata.lde_replicaCoeff
                0x08003620       0x32 CMakeFiles/test_dw1000.elf.dir/Drivers/decadriver/deca_params_init.c.obj
                0x08003620                lde_replicaCoeff
 *fill*         0x08003652        0x2 
 .rodata.digital_bb_config
                0x08003654       0x20 CMakeFiles/test_dw1000.elf.dir/Drivers/decadriver/deca_params_init.c.obj
                0x08003654                digital_bb_config
 .rodata.dtune1
                0x08003674        0x4 CMakeFiles/test_dw1000.elf.dir/Drivers/decadriver/deca_params_init.c.obj
                0x08003674                dtune1
 .rodata.sftsh  0x08003678        0xc CMakeFiles/test_dw1000.elf.dir/Drivers/decadriver/deca_params_init.c.obj
                0x08003678                sftsh
 .rodata.dwnsSFDlen
                0x08003684        0x3 CMakeFiles/test_dw1000.elf.dir/Drivers/decadriver/deca_params_init.c.obj
                0x08003684                dwnsSFDlen
 *fill*         0x08003687        0x1 
 .rodata.agc_config
                0x08003688        0x8 CMakeFiles/test_dw1000.elf.dir/Drivers/decadriver/deca_params_init.c.obj
                0x08003688                agc_config
 .rodata.rx_config
                0x08003690        0x2 CMakeFiles/test_dw1000.elf.dir/Drivers/decadriver/deca_params_init.c.obj
                0x08003690                rx_config
 *fill*         0x08003692        0x2 
 .rodata.fs_pll_tune
                0x08003694        0x6 CMakeFiles/test_dw1000.elf.dir/Drivers/decadriver/deca_params_init.c.obj
                0x08003694                fs_pll_tune
 *fill*         0x0800369a        0x2 
 .rodata.fs_pll_cfg
                0x0800369c       0x18 CMakeFiles/test_dw1000.elf.dir/Drivers/decadriver/deca_params_init.c.obj
                0x0800369c                fs_pll_cfg
 .rodata.tx_config
                0x080036b4       0x18 CMakeFiles/test_dw1000.elf.dir/Drivers/decadriver/deca_params_init.c.obj
                0x080036b4                tx_config
 .rodata.chan_idx
                0x080036cc        0x8 CMakeFiles/test_dw1000.elf.dir/Drivers/decadriver/deca_params_init.c.obj
                0x080036cc                chan_idx
 .rodata.initialise_dw1000.str1.4
                0x080036d4       0xcd CMakeFiles/test_dw1000.elf.dir/Drivers/dw1000/Src/dw1000.c.obj
                                 0x1b (size before relaxing)
 .rodata.dev_loop.str1.4
                0x080037a1       0x19 CMakeFiles/test_dw1000.elf.dir/Drivers/dw1000/Src/fsm.c.obj
 .rodata.terminal_echo.str1.4
                0x080037a1       0x25 CMakeFiles/test_dw1000.elf.dir/Drivers/terminal/platform/terminal.c.obj
 .rodata.terminal_clear.str1.4
                0x080037a1        0xc CMakeFiles/test_dw1000.elf.dir/Drivers/terminal/platform/terminal.c.obj
 .rodata.terminal_test.str1.4
                0x080037a1       0x11 CMakeFiles/test_dw1000.elf.dir/Drivers/terminal/platform/terminal.c.obj
 .rodata.terminal_init.str1.4
                0x080037a1       0x55 CMakeFiles/test_dw1000.elf.dir/Drivers/terminal/platform/terminal.c.obj
                0x080037f8                        . = ALIGN (0x4)
 *fill*         0x080037a1        0x3 

.ARM.extab      0x080037a4        0x0
                0x080037a4                        . = ALIGN (0x4)
 *(.ARM.extab* .gnu.linkonce.armextab.*)
                0x080037a4                        . = ALIGN (0x4)

.ARM            0x080037a4        0x8
                0x080037a4                        . = ALIGN (0x4)
                0x080037a4                        __exidx_start = .
 *(.ARM.exidx*)
 .ARM.exidx     0x080037a4        0x8 C:/ST/STM32CubeCLT_1.18.0/GNU-tools-for-STM32/bin/../lib/gcc/arm-none-eabi/13.3.1/../../../../arm-none-eabi/lib/thumb/v7-m/nofp\libg.a(libc_a-strlen.o)
                0x080037ac                        __exidx_end = .
                0x080037ac                        . = ALIGN (0x4)

.preinit_array  0x080037ac        0x0
                0x080037ac                        . = ALIGN (0x4)
                0x080037ac                        PROVIDE (__preinit_array_start = .)
 *(.preinit_array*)
                0x080037ac                        PROVIDE (__preinit_array_end = .)
                0x080037ac                        . = ALIGN (0x4)

.init_array     0x080037ac        0x8
                0x080037ac                        . = ALIGN (0x4)
                0x080037ac                        PROVIDE (__init_array_start = .)
 *(SORT_BY_NAME(.init_array.*))
 .init_array.00000
                0x080037ac        0x4 C:/ST/STM32CubeCLT_1.18.0/GNU-tools-for-STM32/bin/../lib/gcc/arm-none-eabi/13.3.1/../../../../arm-none-eabi/lib/thumb/v7-m/nofp\libg.a(libc_a-__call_atexit.o)
 *(.init_array*)
 .init_array    0x080037b0        0x4 C:/ST/STM32CubeCLT_1.18.0/GNU-tools-for-STM32/bin/../lib/gcc/arm-none-eabi/13.3.1/thumb/v7-m/nofp/crtbegin.o
                0x080037b4                        PROVIDE (__init_array_end = .)
                0x080037b4                        . = ALIGN (0x4)

.fini_array     0x080037b4        0x4
                0x080037b4                        . = ALIGN (0x4)
                0x080037b4                        PROVIDE (__fini_array_start = .)
 *(SORT_BY_NAME(.fini_array.*))
 *(.fini_array*)
 .fini_array    0x080037b4        0x4 C:/ST/STM32CubeCLT_1.18.0/GNU-tools-for-STM32/bin/../lib/gcc/arm-none-eabi/13.3.1/thumb/v7-m/nofp/crtbegin.o
                0x080037b8                        PROVIDE (__fini_array_end = .)
                0x080037b8                        . = ALIGN (0x4)
                0x080037b8                        _sidata = LOADADDR (.data)

.rel.dyn        0x080037b8        0x0
 .rel.iplt      0x080037b8        0x0 C:/ST/STM32CubeCLT_1.18.0/GNU-tools-for-STM32/bin/../lib/gcc/arm-none-eabi/13.3.1/thumb/v7-m/nofp/crtbegin.o

.data           0x20000000       0x20 load address 0x080037b8
                0x20000000                        . = ALIGN (0x4)
                0x20000000                        _sdata = .
 *(.data)
 *(.data*)
 .data.SystemCoreClock
                0x20000000        0x4 CMakeFiles/test_dw1000.elf.dir/Core/Src/system_stm32f1xx.c.obj
                0x20000000                SystemCoreClock
 .data.uwTickFreq
                0x20000004        0x1 CMakeFiles/test_dw1000.elf.dir/Drivers/STM32F1xx_HAL_Driver/Src/stm32f1xx_hal.c.obj
                0x20000004                uwTickFreq
 *fill*         0x20000005        0x3 
 .data.uwTickPrio
                0x20000008        0x4 CMakeFiles/test_dw1000.elf.dir/Drivers/STM32F1xx_HAL_Driver/Src/stm32f1xx_hal.c.obj
                0x20000008                uwTickPrio
 .data.pdw1000local
                0x2000000c        0x4 CMakeFiles/test_dw1000.elf.dir/Drivers/decadriver/deca_device.c.obj
 .data.config   0x20000010        0xc CMakeFiles/test_dw1000.elf.dir/Drivers/dw1000/Src/dw1000.c.obj
 .data.__atexit_recursive_mutex
                0x2000001c        0x4 C:/ST/STM32CubeCLT_1.18.0/GNU-tools-for-STM32/bin/../lib/gcc/arm-none-eabi/13.3.1/../../../../arm-none-eabi/lib/thumb/v7-m/nofp\libg.a(libc_a-__call_atexit.o)
                0x2000001c                __atexit_recursive_mutex
 *(.RamFunc)
 *(.RamFunc*)
                0x20000020                        . = ALIGN (0x4)
                0x20000020                        _edata = .

.igot.plt       0x20000020        0x0 load address 0x080037d8
 .igot.plt      0x20000020        0x0 C:/ST/STM32CubeCLT_1.18.0/GNU-tools-for-STM32/bin/../lib/gcc/arm-none-eabi/13.3.1/thumb/v7-m/nofp/crtbegin.o
                0x20000020                        . = ALIGN (0x4)

.bss            0x20000020      0x498 load address 0x080037d8
                0x20000020                        _sbss = .
                0x20000020                        __bss_start__ = _sbss
 *(.bss)
 .bss           0x20000020       0x1c C:/ST/STM32CubeCLT_1.18.0/GNU-tools-for-STM32/bin/../lib/gcc/arm-none-eabi/13.3.1/thumb/v7-m/nofp/crtbegin.o
 *(.bss*)
 .bss.hi2c1     0x2000003c       0x54 CMakeFiles/test_dw1000.elf.dir/Core/Src/i2c.c.obj
                0x2000003c                hi2c1
 .bss.i2c_lcd1602_info
                0x20000090        0x7 CMakeFiles/test_dw1000.elf.dir/Core/Src/lcd.c.obj
 *fill*         0x20000097        0x1 
 .bss.hspi1     0x20000098       0x58 CMakeFiles/test_dw1000.elf.dir/Core/Src/spi.c.obj
                0x20000098                hspi1
 .bss.huart1    0x200000f0       0x48 CMakeFiles/test_dw1000.elf.dir/Core/Src/usart.c.obj
                0x200000f0                huart1
 .bss.uwTick    0x20000138        0x4 CMakeFiles/test_dw1000.elf.dir/Drivers/STM32F1xx_HAL_Driver/Src/stm32f1xx_hal.c.obj
                0x20000138                uwTick
 .bss.dw1000local
                0x2000013c       0x38 CMakeFiles/test_dw1000.elf.dir/Drivers/decadriver/deca_device.c.obj
 .bss.port_deca_isr
                0x20000174        0x4 CMakeFiles/test_dw1000.elf.dir/Drivers/decadriver/platform/port.c.obj
                0x20000174                port_deca_isr
 .bss.signalResetDone
                0x20000178        0x4 CMakeFiles/test_dw1000.elf.dir/Drivers/decadriver/platform/port.c.obj
 .bss.source_address
                0x2000017c        0x1 CMakeFiles/test_dw1000.elf.dir/Drivers/dw1000/Src/frame.c.obj
                0x2000017c                source_address
 *fill*         0x2000017d        0x1 
 .bss.pc_data_len
                0x2000017e        0x2 CMakeFiles/test_dw1000.elf.dir/Drivers/pc_connection/pc_protocol.c.obj
                0x2000017e                pc_data_len
 .bss.pc_data   0x20000180       0x8a CMakeFiles/test_dw1000.elf.dir/Drivers/pc_connection/pc_protocol.c.obj
                0x20000180                pc_data
 .bss.pc_command_flag
                0x2000020a        0x1 CMakeFiles/test_dw1000.elf.dir/Drivers/pc_connection/pc_protocol.c.obj
                0x2000020a                pc_command_flag
 *fill*         0x2000020b        0x1 
 .bss.shell     0x2000020c      0x114 CMakeFiles/test_dw1000.elf.dir/Drivers/terminal/lwshell.c.obj
 .bss.terminal_settings
                0x20000320        0x1 CMakeFiles/test_dw1000.elf.dir/Drivers/terminal/platform/terminal.c.obj
                0x20000320                terminal_settings
 .bss.__lock___atexit_recursive_mutex
                0x20000321        0x1 C:/ST/STM32CubeCLT_1.18.0/GNU-tools-for-STM32/bin/../lib/gcc/arm-none-eabi/13.3.1/../../../../arm-none-eabi/lib/thumb/v7-m/nofp\libg.a(libc_a-lock.o)
                0x20000321                __lock___atexit_recursive_mutex
 *fill*         0x20000322        0x2 
 .bss.__atexit  0x20000324        0x4 C:/ST/STM32CubeCLT_1.18.0/GNU-tools-for-STM32/bin/../lib/gcc/arm-none-eabi/13.3.1/../../../../arm-none-eabi/lib/thumb/v7-m/nofp\libg.a(libc_a-__call_atexit.o)
                0x20000324                __atexit
 .bss.__atexit0
                0x20000328      0x190 C:/ST/STM32CubeCLT_1.18.0/GNU-tools-for-STM32/bin/../lib/gcc/arm-none-eabi/13.3.1/../../../../arm-none-eabi/lib/thumb/v7-m/nofp\libg.a(libc_a-__atexit.o)
                0x20000328                __atexit0
 *(COMMON)
                0x200004b8                        . = ALIGN (0x4)
                0x200004b8                        _ebss = .
                0x200004b8                        __bss_end__ = _ebss

._user_heap_stack
                0x200004b8      0x600 load address 0x080037d8
                0x200004b8                        . = ALIGN (0x8)
                [!provide]                        PROVIDE (end = .)
                0x200004b8                        PROVIDE (_end = .)
                0x200006b8                        . = (. + _Min_Heap_Size)
 *fill*         0x200004b8      0x200 
                0x20000ab8                        . = (. + _Min_Stack_Size)
 *fill*         0x200006b8      0x400 
                0x20000ab8                        . = ALIGN (0x8)

/DISCARD/
 libc.a(*)
 libm.a(*)
 libgcc.a(*)

.ARM.attributes
                0x00000000       0x29
 *(.ARM.attributes)
 .ARM.attributes
                0x00000000       0x1d C:/ST/STM32CubeCLT_1.18.0/GNU-tools-for-STM32/bin/../lib/gcc/arm-none-eabi/13.3.1/thumb/v7-m/nofp/crti.o
 .ARM.attributes
                0x0000001d       0x2d C:/ST/STM32CubeCLT_1.18.0/GNU-tools-for-STM32/bin/../lib/gcc/arm-none-eabi/13.3.1/thumb/v7-m/nofp/crtbegin.o
 .ARM.attributes
                0x0000004a       0x2d CMakeFiles/test_dw1000.elf.dir/Core/Src/gpio.c.obj
 .ARM.attributes
                0x00000077       0x2d CMakeFiles/test_dw1000.elf.dir/Core/Src/i2c.c.obj
 .ARM.attributes
                0x000000a4       0x2d CMakeFiles/test_dw1000.elf.dir/Core/Src/lcd.c.obj
 .ARM.attributes
                0x000000d1       0x2d CMakeFiles/test_dw1000.elf.dir/Core/Src/main.c.obj
 .ARM.attributes
                0x000000fe       0x2d CMakeFiles/test_dw1000.elf.dir/Core/Src/spi.c.obj
 .ARM.attributes
                0x0000012b       0x2d CMakeFiles/test_dw1000.elf.dir/Core/Src/stm32f1xx_hal_msp.c.obj
 .ARM.attributes
                0x00000158       0x2d CMakeFiles/test_dw1000.elf.dir/Core/Src/stm32f1xx_it.c.obj
 .ARM.attributes
                0x00000185       0x2d CMakeFiles/test_dw1000.elf.dir/Core/Src/system_stm32f1xx.c.obj
 .ARM.attributes
                0x000001b2       0x2d CMakeFiles/test_dw1000.elf.dir/Core/Src/usart.c.obj
 .ARM.attributes
                0x000001df       0x21 CMakeFiles/test_dw1000.elf.dir/Core/Startup/startup_stm32f103c8tx.s.obj
 .ARM.attributes
                0x00000200       0x2d CMakeFiles/test_dw1000.elf.dir/Drivers/STM32F1xx_HAL_Driver/Src/stm32f1xx_hal.c.obj
 .ARM.attributes
                0x0000022d       0x2d CMakeFiles/test_dw1000.elf.dir/Drivers/STM32F1xx_HAL_Driver/Src/stm32f1xx_hal_cortex.c.obj
 .ARM.attributes
                0x0000025a       0x2d CMakeFiles/test_dw1000.elf.dir/Drivers/STM32F1xx_HAL_Driver/Src/stm32f1xx_hal_dma.c.obj
 .ARM.attributes
                0x00000287       0x2d CMakeFiles/test_dw1000.elf.dir/Drivers/STM32F1xx_HAL_Driver/Src/stm32f1xx_hal_gpio.c.obj
 .ARM.attributes
                0x000002b4       0x2d CMakeFiles/test_dw1000.elf.dir/Drivers/STM32F1xx_HAL_Driver/Src/stm32f1xx_hal_i2c.c.obj
 .ARM.attributes
                0x000002e1       0x2d CMakeFiles/test_dw1000.elf.dir/Drivers/STM32F1xx_HAL_Driver/Src/stm32f1xx_hal_rcc.c.obj
 .ARM.attributes
                0x0000030e       0x2d CMakeFiles/test_dw1000.elf.dir/Drivers/STM32F1xx_HAL_Driver/Src/stm32f1xx_hal_spi.c.obj
 .ARM.attributes
                0x0000033b       0x2d CMakeFiles/test_dw1000.elf.dir/Drivers/STM32F1xx_HAL_Driver/Src/stm32f1xx_hal_uart.c.obj
 .ARM.attributes
                0x00000368       0x2d CMakeFiles/test_dw1000.elf.dir/Drivers/decadriver/deca_device.c.obj
 .ARM.attributes
                0x00000395       0x2d CMakeFiles/test_dw1000.elf.dir/Drivers/decadriver/deca_params_init.c.obj
 .ARM.attributes
                0x000003c2       0x2d CMakeFiles/test_dw1000.elf.dir/Drivers/decadriver/platform/deca_mutex.c.obj
 .ARM.attributes
                0x000003ef       0x2d CMakeFiles/test_dw1000.elf.dir/Drivers/decadriver/platform/deca_sleep.c.obj
 .ARM.attributes
                0x0000041c       0x2d CMakeFiles/test_dw1000.elf.dir/Drivers/decadriver/platform/deca_spi.c.obj
 .ARM.attributes
                0x00000449       0x2d CMakeFiles/test_dw1000.elf.dir/Drivers/decadriver/platform/port.c.obj
 .ARM.attributes
                0x00000476       0x2d CMakeFiles/test_dw1000.elf.dir/Drivers/dw1000/Src/dw1000.c.obj
 .ARM.attributes
                0x000004a3       0x2d CMakeFiles/test_dw1000.elf.dir/Drivers/dw1000/Src/frame.c.obj
 .ARM.attributes
                0x000004d0       0x2d CMakeFiles/test_dw1000.elf.dir/Drivers/dw1000/Src/fsm.c.obj
 .ARM.attributes
                0x000004fd       0x2d CMakeFiles/test_dw1000.elf.dir/Drivers/pc_connection/pc_protocol.c.obj
 .ARM.attributes
                0x0000052a       0x2d CMakeFiles/test_dw1000.elf.dir/Drivers/terminal/lwshell.c.obj
 .ARM.attributes
                0x00000557       0x2d CMakeFiles/test_dw1000.elf.dir/Drivers/terminal/platform/terminal.c.obj
 .ARM.attributes
                0x00000584       0x2d CMakeFiles/test_dw1000.elf.dir/Drivers/utils.c.obj
 .ARM.attributes
                0x000005b1       0x2d C:/ST/STM32CubeCLT_1.18.0/GNU-tools-for-STM32/bin/../lib/gcc/arm-none-eabi/13.3.1/../../../../arm-none-eabi/lib/thumb/v7-m/nofp\libg.a(libc_a-memset.o)
 .ARM.attributes
                0x000005de       0x2d C:/ST/STM32CubeCLT_1.18.0/GNU-tools-for-STM32/bin/../lib/gcc/arm-none-eabi/13.3.1/../../../../arm-none-eabi/lib/thumb/v7-m/nofp\libg.a(libc_a-init.o)
 .ARM.attributes
                0x0000060b       0x2d C:/ST/STM32CubeCLT_1.18.0/GNU-tools-for-STM32/bin/../lib/gcc/arm-none-eabi/13.3.1/../../../../arm-none-eabi/lib/thumb/v7-m/nofp\libg.a(libc_a-lock.o)
 .ARM.attributes
                0x00000638       0x17 C:/ST/STM32CubeCLT_1.18.0/GNU-tools-for-STM32/bin/../lib/gcc/arm-none-eabi/13.3.1/../../../../arm-none-eabi/lib/thumb/v7-m/nofp\libg.a(libc_a-strlen.o)
 .ARM.attributes
                0x0000064f       0x2d C:/ST/STM32CubeCLT_1.18.0/GNU-tools-for-STM32/bin/../lib/gcc/arm-none-eabi/13.3.1/../../../../arm-none-eabi/lib/thumb/v7-m/nofp\libg.a(libc_a-__call_atexit.o)
 .ARM.attributes
                0x0000067c       0x2d C:/ST/STM32CubeCLT_1.18.0/GNU-tools-for-STM32/bin/../lib/gcc/arm-none-eabi/13.3.1/../../../../arm-none-eabi/lib/thumb/v7-m/nofp\libg.a(libc_a-atexit.o)
 .ARM.attributes
                0x000006a9       0x2d C:/ST/STM32CubeCLT_1.18.0/GNU-tools-for-STM32/bin/../lib/gcc/arm-none-eabi/13.3.1/../../../../arm-none-eabi/lib/thumb/v7-m/nofp\libg.a(libc_a-fini.o)
 .ARM.attributes
                0x000006d6       0x2d C:/ST/STM32CubeCLT_1.18.0/GNU-tools-for-STM32/bin/../lib/gcc/arm-none-eabi/13.3.1/../../../../arm-none-eabi/lib/thumb/v7-m/nofp\libg.a(libc_a-__atexit.o)
 .ARM.attributes
                0x00000703       0x1d C:/ST/STM32CubeCLT_1.18.0/GNU-tools-for-STM32/bin/../lib/gcc/arm-none-eabi/13.3.1/thumb/v7-m/nofp/crtn.o
OUTPUT(test_dw1000.elf elf32-littlearm)
LOAD linker stubs
LOAD C:/ST/STM32CubeCLT_1.18.0/GNU-tools-for-STM32/bin/../lib/gcc/arm-none-eabi/13.3.1/../../../../arm-none-eabi/lib/thumb/v7-m/nofp\libc.a
LOAD C:/ST/STM32CubeCLT_1.18.0/GNU-tools-for-STM32/bin/../lib/gcc/arm-none-eabi/13.3.1/../../../../arm-none-eabi/lib/thumb/v7-m/nofp\libm.a
LOAD C:/ST/STM32CubeCLT_1.18.0/GNU-tools-for-STM32/bin/../lib/gcc/arm-none-eabi/13.3.1/thumb/v7-m/nofp\libgcc.a

.debug_info     0x00000000    0x1b67e
 .debug_info    0x00000000      0x59a CMakeFiles/test_dw1000.elf.dir/Core/Src/gpio.c.obj
 .debug_info    0x0000059a      0x85e CMakeFiles/test_dw1000.elf.dir/Core/Src/i2c.c.obj
 .debug_info    0x00000df8     0x11f5 CMakeFiles/test_dw1000.elf.dir/Core/Src/lcd.c.obj
 .debug_info    0x00001fed      0x4b7 CMakeFiles/test_dw1000.elf.dir/Core/Src/main.c.obj
 .debug_info    0x000024a4      0x837 CMakeFiles/test_dw1000.elf.dir/Core/Src/spi.c.obj
 .debug_info    0x00002cdb      0x1fb CMakeFiles/test_dw1000.elf.dir/Core/Src/stm32f1xx_hal_msp.c.obj
 .debug_info    0x00002ed6      0x833 CMakeFiles/test_dw1000.elf.dir/Core/Src/stm32f1xx_it.c.obj
 .debug_info    0x00003709      0x22d CMakeFiles/test_dw1000.elf.dir/Core/Src/system_stm32f1xx.c.obj
 .debug_info    0x00003936      0x9ee CMakeFiles/test_dw1000.elf.dir/Core/Src/usart.c.obj
 .debug_info    0x00004324       0x30 CMakeFiles/test_dw1000.elf.dir/Core/Startup/startup_stm32f103c8tx.s.obj
 .debug_info    0x00004354      0x7a2 CMakeFiles/test_dw1000.elf.dir/Drivers/STM32F1xx_HAL_Driver/Src/stm32f1xx_hal.c.obj
 .debug_info    0x00004af6      0xcd9 CMakeFiles/test_dw1000.elf.dir/Drivers/STM32F1xx_HAL_Driver/Src/stm32f1xx_hal_cortex.c.obj
 .debug_info    0x000057cf      0x7f2 CMakeFiles/test_dw1000.elf.dir/Drivers/STM32F1xx_HAL_Driver/Src/stm32f1xx_hal_dma.c.obj
 .debug_info    0x00005fc1      0x604 CMakeFiles/test_dw1000.elf.dir/Drivers/STM32F1xx_HAL_Driver/Src/stm32f1xx_hal_gpio.c.obj
 .debug_info    0x000065c5     0x390b CMakeFiles/test_dw1000.elf.dir/Drivers/STM32F1xx_HAL_Driver/Src/stm32f1xx_hal_i2c.c.obj
 .debug_info    0x00009ed0      0x9c7 CMakeFiles/test_dw1000.elf.dir/Drivers/STM32F1xx_HAL_Driver/Src/stm32f1xx_hal_rcc.c.obj
 .debug_info    0x0000a897     0x1ba8 CMakeFiles/test_dw1000.elf.dir/Drivers/STM32F1xx_HAL_Driver/Src/stm32f1xx_hal_spi.c.obj
 .debug_info    0x0000c43f     0x3f85 CMakeFiles/test_dw1000.elf.dir/Drivers/STM32F1xx_HAL_Driver/Src/stm32f1xx_hal_uart.c.obj
 .debug_info    0x000103c4     0x456a CMakeFiles/test_dw1000.elf.dir/Drivers/decadriver/deca_device.c.obj
 .debug_info    0x0001492e      0x2b8 CMakeFiles/test_dw1000.elf.dir/Drivers/decadriver/deca_params_init.c.obj
 .debug_info    0x00014be6      0x133 CMakeFiles/test_dw1000.elf.dir/Drivers/decadriver/platform/deca_mutex.c.obj
 .debug_info    0x00014d19       0xf1 CMakeFiles/test_dw1000.elf.dir/Drivers/decadriver/platform/deca_sleep.c.obj
 .debug_info    0x00014e0a      0x94f CMakeFiles/test_dw1000.elf.dir/Drivers/decadriver/platform/deca_spi.c.obj
 .debug_info    0x00015759      0xe08 CMakeFiles/test_dw1000.elf.dir/Drivers/decadriver/platform/port.c.obj
 .debug_info    0x00016561      0xb4a CMakeFiles/test_dw1000.elf.dir/Drivers/dw1000/Src/dw1000.c.obj
 .debug_info    0x000170ab      0xc97 CMakeFiles/test_dw1000.elf.dir/Drivers/dw1000/Src/frame.c.obj
 .debug_info    0x00017d42     0x11bc CMakeFiles/test_dw1000.elf.dir/Drivers/dw1000/Src/fsm.c.obj
 .debug_info    0x00018efe      0x3e2 CMakeFiles/test_dw1000.elf.dir/Drivers/pc_connection/pc_protocol.c.obj
 .debug_info    0x000192e0      0x7ee CMakeFiles/test_dw1000.elf.dir/Drivers/terminal/lwshell.c.obj
 .debug_info    0x00019ace      0xbc0 CMakeFiles/test_dw1000.elf.dir/Drivers/terminal/platform/terminal.c.obj
 .debug_info    0x0001a68e      0x46b CMakeFiles/test_dw1000.elf.dir/Drivers/utils.c.obj
 .debug_info    0x0001aaf9       0xe0 C:/ST/STM32CubeCLT_1.18.0/GNU-tools-for-STM32/bin/../lib/gcc/arm-none-eabi/13.3.1/../../../../arm-none-eabi/lib/thumb/v7-m/nofp\libg.a(libc_a-memset.o)
 .debug_info    0x0001abd9      0x10b C:/ST/STM32CubeCLT_1.18.0/GNU-tools-for-STM32/bin/../lib/gcc/arm-none-eabi/13.3.1/../../../../arm-none-eabi/lib/thumb/v7-m/nofp\libg.a(libc_a-init.o)
 .debug_info    0x0001ace4      0x218 C:/ST/STM32CubeCLT_1.18.0/GNU-tools-for-STM32/bin/../lib/gcc/arm-none-eabi/13.3.1/../../../../arm-none-eabi/lib/thumb/v7-m/nofp\libg.a(libc_a-lock.o)
 .debug_info    0x0001aefc       0x31 C:/ST/STM32CubeCLT_1.18.0/GNU-tools-for-STM32/bin/../lib/gcc/arm-none-eabi/13.3.1/../../../../arm-none-eabi/lib/thumb/v7-m/nofp\libg.a(libc_a-strlen.o)
 .debug_info    0x0001af2d      0x2dd C:/ST/STM32CubeCLT_1.18.0/GNU-tools-for-STM32/bin/../lib/gcc/arm-none-eabi/13.3.1/../../../../arm-none-eabi/lib/thumb/v7-m/nofp\libg.a(libc_a-__call_atexit.o)
 .debug_info    0x0001b20a      0x11e C:/ST/STM32CubeCLT_1.18.0/GNU-tools-for-STM32/bin/../lib/gcc/arm-none-eabi/13.3.1/../../../../arm-none-eabi/lib/thumb/v7-m/nofp\libg.a(libc_a-atexit.o)
 .debug_info    0x0001b328       0xf7 C:/ST/STM32CubeCLT_1.18.0/GNU-tools-for-STM32/bin/../lib/gcc/arm-none-eabi/13.3.1/../../../../arm-none-eabi/lib/thumb/v7-m/nofp\libg.a(libc_a-fini.o)
 .debug_info    0x0001b41f      0x25f C:/ST/STM32CubeCLT_1.18.0/GNU-tools-for-STM32/bin/../lib/gcc/arm-none-eabi/13.3.1/../../../../arm-none-eabi/lib/thumb/v7-m/nofp\libg.a(libc_a-__atexit.o)

.debug_abbrev   0x00000000     0x469f
 .debug_abbrev  0x00000000      0x173 CMakeFiles/test_dw1000.elf.dir/Core/Src/gpio.c.obj
 .debug_abbrev  0x00000173      0x1fc CMakeFiles/test_dw1000.elf.dir/Core/Src/i2c.c.obj
 .debug_abbrev  0x0000036f      0x314 CMakeFiles/test_dw1000.elf.dir/Core/Src/lcd.c.obj
 .debug_abbrev  0x00000683      0x1f9 CMakeFiles/test_dw1000.elf.dir/Core/Src/main.c.obj
 .debug_abbrev  0x0000087c      0x205 CMakeFiles/test_dw1000.elf.dir/Core/Src/spi.c.obj
 .debug_abbrev  0x00000a81       0xed CMakeFiles/test_dw1000.elf.dir/Core/Src/stm32f1xx_hal_msp.c.obj
 .debug_abbrev  0x00000b6e      0x1c4 CMakeFiles/test_dw1000.elf.dir/Core/Src/stm32f1xx_it.c.obj
 .debug_abbrev  0x00000d32      0x143 CMakeFiles/test_dw1000.elf.dir/Core/Src/system_stm32f1xx.c.obj
 .debug_abbrev  0x00000e75      0x223 CMakeFiles/test_dw1000.elf.dir/Core/Src/usart.c.obj
 .debug_abbrev  0x00001098       0x24 CMakeFiles/test_dw1000.elf.dir/Core/Startup/startup_stm32f103c8tx.s.obj
 .debug_abbrev  0x000010bc      0x22d CMakeFiles/test_dw1000.elf.dir/Drivers/STM32F1xx_HAL_Driver/Src/stm32f1xx_hal.c.obj
 .debug_abbrev  0x000012e9      0x36d CMakeFiles/test_dw1000.elf.dir/Drivers/STM32F1xx_HAL_Driver/Src/stm32f1xx_hal_cortex.c.obj
 .debug_abbrev  0x00001656      0x244 CMakeFiles/test_dw1000.elf.dir/Drivers/STM32F1xx_HAL_Driver/Src/stm32f1xx_hal_dma.c.obj
 .debug_abbrev  0x0000189a      0x1f7 CMakeFiles/test_dw1000.elf.dir/Drivers/STM32F1xx_HAL_Driver/Src/stm32f1xx_hal_gpio.c.obj
 .debug_abbrev  0x00001a91      0x2be CMakeFiles/test_dw1000.elf.dir/Drivers/STM32F1xx_HAL_Driver/Src/stm32f1xx_hal_i2c.c.obj
 .debug_abbrev  0x00001d4f      0x2a0 CMakeFiles/test_dw1000.elf.dir/Drivers/STM32F1xx_HAL_Driver/Src/stm32f1xx_hal_rcc.c.obj
 .debug_abbrev  0x00001fef      0x272 CMakeFiles/test_dw1000.elf.dir/Drivers/STM32F1xx_HAL_Driver/Src/stm32f1xx_hal_spi.c.obj
 .debug_abbrev  0x00002261      0x31c CMakeFiles/test_dw1000.elf.dir/Drivers/STM32F1xx_HAL_Driver/Src/stm32f1xx_hal_uart.c.obj
 .debug_abbrev  0x0000257d      0x303 CMakeFiles/test_dw1000.elf.dir/Drivers/decadriver/deca_device.c.obj
 .debug_abbrev  0x00002880       0x94 CMakeFiles/test_dw1000.elf.dir/Drivers/decadriver/deca_params_init.c.obj
 .debug_abbrev  0x00002914       0xd9 CMakeFiles/test_dw1000.elf.dir/Drivers/decadriver/platform/deca_mutex.c.obj
 .debug_abbrev  0x000029ed       0x94 CMakeFiles/test_dw1000.elf.dir/Drivers/decadriver/platform/deca_sleep.c.obj
 .debug_abbrev  0x00002a81      0x225 CMakeFiles/test_dw1000.elf.dir/Drivers/decadriver/platform/deca_spi.c.obj
 .debug_abbrev  0x00002ca6      0x3fb CMakeFiles/test_dw1000.elf.dir/Drivers/decadriver/platform/port.c.obj
 .debug_abbrev  0x000030a1      0x283 CMakeFiles/test_dw1000.elf.dir/Drivers/dw1000/Src/dw1000.c.obj
 .debug_abbrev  0x00003324      0x187 CMakeFiles/test_dw1000.elf.dir/Drivers/dw1000/Src/frame.c.obj
 .debug_abbrev  0x000034ab      0x27c CMakeFiles/test_dw1000.elf.dir/Drivers/dw1000/Src/fsm.c.obj
 .debug_abbrev  0x00003727      0x183 CMakeFiles/test_dw1000.elf.dir/Drivers/pc_connection/pc_protocol.c.obj
 .debug_abbrev  0x000038aa      0x2a0 CMakeFiles/test_dw1000.elf.dir/Drivers/terminal/lwshell.c.obj
 .debug_abbrev  0x00003b4a      0x279 CMakeFiles/test_dw1000.elf.dir/Drivers/terminal/platform/terminal.c.obj
 .debug_abbrev  0x00003dc3      0x116 CMakeFiles/test_dw1000.elf.dir/Drivers/utils.c.obj
 .debug_abbrev  0x00003ed9       0x9e C:/ST/STM32CubeCLT_1.18.0/GNU-tools-for-STM32/bin/../lib/gcc/arm-none-eabi/13.3.1/../../../../arm-none-eabi/lib/thumb/v7-m/nofp\libg.a(libc_a-memset.o)
 .debug_abbrev  0x00003f77       0xc9 C:/ST/STM32CubeCLT_1.18.0/GNU-tools-for-STM32/bin/../lib/gcc/arm-none-eabi/13.3.1/../../../../arm-none-eabi/lib/thumb/v7-m/nofp\libg.a(libc_a-init.o)
 .debug_abbrev  0x00004040      0x115 C:/ST/STM32CubeCLT_1.18.0/GNU-tools-for-STM32/bin/../lib/gcc/arm-none-eabi/13.3.1/../../../../arm-none-eabi/lib/thumb/v7-m/nofp\libg.a(libc_a-lock.o)
 .debug_abbrev  0x00004155       0x28 C:/ST/STM32CubeCLT_1.18.0/GNU-tools-for-STM32/bin/../lib/gcc/arm-none-eabi/13.3.1/../../../../arm-none-eabi/lib/thumb/v7-m/nofp\libg.a(libc_a-strlen.o)
 .debug_abbrev  0x0000417d      0x20c C:/ST/STM32CubeCLT_1.18.0/GNU-tools-for-STM32/bin/../lib/gcc/arm-none-eabi/13.3.1/../../../../arm-none-eabi/lib/thumb/v7-m/nofp\libg.a(libc_a-__call_atexit.o)
 .debug_abbrev  0x00004389       0xc1 C:/ST/STM32CubeCLT_1.18.0/GNU-tools-for-STM32/bin/../lib/gcc/arm-none-eabi/13.3.1/../../../../arm-none-eabi/lib/thumb/v7-m/nofp\libg.a(libc_a-atexit.o)
 .debug_abbrev  0x0000444a       0xcc C:/ST/STM32CubeCLT_1.18.0/GNU-tools-for-STM32/bin/../lib/gcc/arm-none-eabi/13.3.1/../../../../arm-none-eabi/lib/thumb/v7-m/nofp\libg.a(libc_a-fini.o)
 .debug_abbrev  0x00004516      0x189 C:/ST/STM32CubeCLT_1.18.0/GNU-tools-for-STM32/bin/../lib/gcc/arm-none-eabi/13.3.1/../../../../arm-none-eabi/lib/thumb/v7-m/nofp\libg.a(libc_a-__atexit.o)

.debug_aranges  0x00000000     0x1498
 .debug_aranges
                0x00000000       0x20 CMakeFiles/test_dw1000.elf.dir/Core/Src/gpio.c.obj
 .debug_aranges
                0x00000020       0x30 CMakeFiles/test_dw1000.elf.dir/Core/Src/i2c.c.obj
 .debug_aranges
                0x00000050       0xe8 CMakeFiles/test_dw1000.elf.dir/Core/Src/lcd.c.obj
 .debug_aranges
                0x00000138       0x30 CMakeFiles/test_dw1000.elf.dir/Core/Src/main.c.obj
 .debug_aranges
                0x00000168       0x30 CMakeFiles/test_dw1000.elf.dir/Core/Src/spi.c.obj
 .debug_aranges
                0x00000198       0x20 CMakeFiles/test_dw1000.elf.dir/Core/Src/stm32f1xx_hal_msp.c.obj
 .debug_aranges
                0x000001b8       0x80 CMakeFiles/test_dw1000.elf.dir/Core/Src/stm32f1xx_it.c.obj
 .debug_aranges
                0x00000238       0x28 CMakeFiles/test_dw1000.elf.dir/Core/Src/system_stm32f1xx.c.obj
 .debug_aranges
                0x00000260       0x30 CMakeFiles/test_dw1000.elf.dir/Core/Src/usart.c.obj
 .debug_aranges
                0x00000290       0x28 CMakeFiles/test_dw1000.elf.dir/Core/Startup/startup_stm32f103c8tx.s.obj
 .debug_aranges
                0x000002b8       0xe0 CMakeFiles/test_dw1000.elf.dir/Drivers/STM32F1xx_HAL_Driver/Src/stm32f1xx_hal.c.obj
 .debug_aranges
                0x00000398       0xc0 CMakeFiles/test_dw1000.elf.dir/Drivers/STM32F1xx_HAL_Driver/Src/stm32f1xx_hal_cortex.c.obj
 .debug_aranges
                0x00000458       0x80 CMakeFiles/test_dw1000.elf.dir/Drivers/STM32F1xx_HAL_Driver/Src/stm32f1xx_hal_dma.c.obj
 .debug_aranges
                0x000004d8       0x58 CMakeFiles/test_dw1000.elf.dir/Drivers/STM32F1xx_HAL_Driver/Src/stm32f1xx_hal_gpio.c.obj
 .debug_aranges
                0x00000530      0x2a8 CMakeFiles/test_dw1000.elf.dir/Drivers/STM32F1xx_HAL_Driver/Src/stm32f1xx_hal_i2c.c.obj
 .debug_aranges
                0x000007d8       0x90 CMakeFiles/test_dw1000.elf.dir/Drivers/STM32F1xx_HAL_Driver/Src/stm32f1xx_hal_rcc.c.obj
 .debug_aranges
                0x00000868      0x1d0 CMakeFiles/test_dw1000.elf.dir/Drivers/STM32F1xx_HAL_Driver/Src/stm32f1xx_hal_spi.c.obj
 .debug_aranges
                0x00000a38      0x208 CMakeFiles/test_dw1000.elf.dir/Drivers/STM32F1xx_HAL_Driver/Src/stm32f1xx_hal_uart.c.obj
 .debug_aranges
                0x00000c40      0x358 CMakeFiles/test_dw1000.elf.dir/Drivers/decadriver/deca_device.c.obj
 .debug_aranges
                0x00000f98       0x18 CMakeFiles/test_dw1000.elf.dir/Drivers/decadriver/deca_params_init.c.obj
 .debug_aranges
                0x00000fb0       0x28 CMakeFiles/test_dw1000.elf.dir/Drivers/decadriver/platform/deca_mutex.c.obj
 .debug_aranges
                0x00000fd8       0x20 CMakeFiles/test_dw1000.elf.dir/Drivers/decadriver/platform/deca_sleep.c.obj
 .debug_aranges
                0x00000ff8       0x38 CMakeFiles/test_dw1000.elf.dir/Drivers/decadriver/platform/deca_spi.c.obj
 .debug_aranges
                0x00001030       0xe8 CMakeFiles/test_dw1000.elf.dir/Drivers/decadriver/platform/port.c.obj
 .debug_aranges
                0x00001118       0x60 CMakeFiles/test_dw1000.elf.dir/Drivers/dw1000/Src/dw1000.c.obj
 .debug_aranges
                0x00001178       0x68 CMakeFiles/test_dw1000.elf.dir/Drivers/dw1000/Src/frame.c.obj
 .debug_aranges
                0x000011e0       0x30 CMakeFiles/test_dw1000.elf.dir/Drivers/dw1000/Src/fsm.c.obj
 .debug_aranges
                0x00001210       0x30 CMakeFiles/test_dw1000.elf.dir/Drivers/pc_connection/pc_protocol.c.obj
 .debug_aranges
                0x00001240       0x40 CMakeFiles/test_dw1000.elf.dir/Drivers/terminal/lwshell.c.obj
 .debug_aranges
                0x00001280       0x58 CMakeFiles/test_dw1000.elf.dir/Drivers/terminal/platform/terminal.c.obj
 .debug_aranges
                0x000012d8       0x70 CMakeFiles/test_dw1000.elf.dir/Drivers/utils.c.obj
 .debug_aranges
                0x00001348       0x20 C:/ST/STM32CubeCLT_1.18.0/GNU-tools-for-STM32/bin/../lib/gcc/arm-none-eabi/13.3.1/../../../../arm-none-eabi/lib/thumb/v7-m/nofp\libg.a(libc_a-memset.o)
 .debug_aranges
                0x00001368       0x20 C:/ST/STM32CubeCLT_1.18.0/GNU-tools-for-STM32/bin/../lib/gcc/arm-none-eabi/13.3.1/../../../../arm-none-eabi/lib/thumb/v7-m/nofp\libg.a(libc_a-init.o)
 .debug_aranges
                0x00001388       0x68 C:/ST/STM32CubeCLT_1.18.0/GNU-tools-for-STM32/bin/../lib/gcc/arm-none-eabi/13.3.1/../../../../arm-none-eabi/lib/thumb/v7-m/nofp\libg.a(libc_a-lock.o)
 .debug_aranges
                0x000013f0       0x20 C:/ST/STM32CubeCLT_1.18.0/GNU-tools-for-STM32/bin/../lib/gcc/arm-none-eabi/13.3.1/../../../../arm-none-eabi/lib/thumb/v7-m/nofp\libg.a(libc_a-strlen.o)
 .debug_aranges
                0x00001410       0x28 C:/ST/STM32CubeCLT_1.18.0/GNU-tools-for-STM32/bin/../lib/gcc/arm-none-eabi/13.3.1/../../../../arm-none-eabi/lib/thumb/v7-m/nofp\libg.a(libc_a-__call_atexit.o)
 .debug_aranges
                0x00001438       0x20 C:/ST/STM32CubeCLT_1.18.0/GNU-tools-for-STM32/bin/../lib/gcc/arm-none-eabi/13.3.1/../../../../arm-none-eabi/lib/thumb/v7-m/nofp\libg.a(libc_a-atexit.o)
 .debug_aranges
                0x00001458       0x20 C:/ST/STM32CubeCLT_1.18.0/GNU-tools-for-STM32/bin/../lib/gcc/arm-none-eabi/13.3.1/../../../../arm-none-eabi/lib/thumb/v7-m/nofp\libg.a(libc_a-fini.o)
 .debug_aranges
                0x00001478       0x20 C:/ST/STM32CubeCLT_1.18.0/GNU-tools-for-STM32/bin/../lib/gcc/arm-none-eabi/13.3.1/../../../../arm-none-eabi/lib/thumb/v7-m/nofp\libg.a(libc_a-__atexit.o)

.debug_rnglists
                0x00000000      0xfc0
 .debug_rnglists
                0x00000000       0x14 CMakeFiles/test_dw1000.elf.dir/Core/Src/gpio.c.obj
 .debug_rnglists
                0x00000014       0x1f CMakeFiles/test_dw1000.elf.dir/Core/Src/i2c.c.obj
 .debug_rnglists
                0x00000033       0xaa CMakeFiles/test_dw1000.elf.dir/Core/Src/lcd.c.obj
 .debug_rnglists
                0x000000dd       0x1f CMakeFiles/test_dw1000.elf.dir/Core/Src/main.c.obj
 .debug_rnglists
                0x000000fc       0x1f CMakeFiles/test_dw1000.elf.dir/Core/Src/spi.c.obj
 .debug_rnglists
                0x0000011b       0x13 CMakeFiles/test_dw1000.elf.dir/Core/Src/stm32f1xx_hal_msp.c.obj
 .debug_rnglists
                0x0000012e       0x5b CMakeFiles/test_dw1000.elf.dir/Core/Src/stm32f1xx_it.c.obj
 .debug_rnglists
                0x00000189       0x1a CMakeFiles/test_dw1000.elf.dir/Core/Src/system_stm32f1xx.c.obj
 .debug_rnglists
                0x000001a3       0x20 CMakeFiles/test_dw1000.elf.dir/Core/Src/usart.c.obj
 .debug_rnglists
                0x000001c3       0x19 CMakeFiles/test_dw1000.elf.dir/Core/Startup/startup_stm32f103c8tx.s.obj
 .debug_rnglists
                0x000001dc       0xa3 CMakeFiles/test_dw1000.elf.dir/Drivers/STM32F1xx_HAL_Driver/Src/stm32f1xx_hal.c.obj
 .debug_rnglists
                0x0000027f       0x8b CMakeFiles/test_dw1000.elf.dir/Drivers/STM32F1xx_HAL_Driver/Src/stm32f1xx_hal_cortex.c.obj
 .debug_rnglists
                0x0000030a       0x5e CMakeFiles/test_dw1000.elf.dir/Drivers/STM32F1xx_HAL_Driver/Src/stm32f1xx_hal_dma.c.obj
 .debug_rnglists
                0x00000368       0x3f CMakeFiles/test_dw1000.elf.dir/Drivers/STM32F1xx_HAL_Driver/Src/stm32f1xx_hal_gpio.c.obj
 .debug_rnglists
                0x000003a7      0x236 CMakeFiles/test_dw1000.elf.dir/Drivers/STM32F1xx_HAL_Driver/Src/stm32f1xx_hal_i2c.c.obj
 .debug_rnglists
                0x000005dd       0x7d CMakeFiles/test_dw1000.elf.dir/Drivers/STM32F1xx_HAL_Driver/Src/stm32f1xx_hal_rcc.c.obj
 .debug_rnglists
                0x0000065a      0x168 CMakeFiles/test_dw1000.elf.dir/Drivers/STM32F1xx_HAL_Driver/Src/stm32f1xx_hal_spi.c.obj
 .debug_rnglists
                0x000007c2      0x1a1 CMakeFiles/test_dw1000.elf.dir/Drivers/STM32F1xx_HAL_Driver/Src/stm32f1xx_hal_uart.c.obj
 .debug_rnglists
                0x00000963      0x28a CMakeFiles/test_dw1000.elf.dir/Drivers/decadriver/deca_device.c.obj
 .debug_rnglists
                0x00000bed       0x19 CMakeFiles/test_dw1000.elf.dir/Drivers/decadriver/platform/deca_mutex.c.obj
 .debug_rnglists
                0x00000c06       0x13 CMakeFiles/test_dw1000.elf.dir/Drivers/decadriver/platform/deca_sleep.c.obj
 .debug_rnglists
                0x00000c19       0x26 CMakeFiles/test_dw1000.elf.dir/Drivers/decadriver/platform/deca_spi.c.obj
 .debug_rnglists
                0x00000c3f       0xa9 CMakeFiles/test_dw1000.elf.dir/Drivers/decadriver/platform/port.c.obj
 .debug_rnglists
                0x00000ce8       0x45 CMakeFiles/test_dw1000.elf.dir/Drivers/dw1000/Src/dw1000.c.obj
 .debug_rnglists
                0x00000d2d       0x4d CMakeFiles/test_dw1000.elf.dir/Drivers/dw1000/Src/frame.c.obj
 .debug_rnglists
                0x00000d7a       0x21 CMakeFiles/test_dw1000.elf.dir/Drivers/dw1000/Src/fsm.c.obj
 .debug_rnglists
                0x00000d9b       0x1f CMakeFiles/test_dw1000.elf.dir/Drivers/pc_connection/pc_protocol.c.obj
 .debug_rnglists
                0x00000dba       0x3b CMakeFiles/test_dw1000.elf.dir/Drivers/terminal/lwshell.c.obj
 .debug_rnglists
                0x00000df5       0x3d CMakeFiles/test_dw1000.elf.dir/Drivers/terminal/platform/terminal.c.obj
 .debug_rnglists
                0x00000e32       0xbb CMakeFiles/test_dw1000.elf.dir/Drivers/utils.c.obj
 .debug_rnglists
                0x00000eed       0x13 C:/ST/STM32CubeCLT_1.18.0/GNU-tools-for-STM32/bin/../lib/gcc/arm-none-eabi/13.3.1/../../../../arm-none-eabi/lib/thumb/v7-m/nofp\libg.a(libc_a-memset.o)
 .debug_rnglists
                0x00000f00       0x13 C:/ST/STM32CubeCLT_1.18.0/GNU-tools-for-STM32/bin/../lib/gcc/arm-none-eabi/13.3.1/../../../../arm-none-eabi/lib/thumb/v7-m/nofp\libg.a(libc_a-init.o)
 .debug_rnglists
                0x00000f13       0x49 C:/ST/STM32CubeCLT_1.18.0/GNU-tools-for-STM32/bin/../lib/gcc/arm-none-eabi/13.3.1/../../../../arm-none-eabi/lib/thumb/v7-m/nofp\libg.a(libc_a-lock.o)
 .debug_rnglists
                0x00000f5c       0x2a C:/ST/STM32CubeCLT_1.18.0/GNU-tools-for-STM32/bin/../lib/gcc/arm-none-eabi/13.3.1/../../../../arm-none-eabi/lib/thumb/v7-m/nofp\libg.a(libc_a-__call_atexit.o)
 .debug_rnglists
                0x00000f86       0x13 C:/ST/STM32CubeCLT_1.18.0/GNU-tools-for-STM32/bin/../lib/gcc/arm-none-eabi/13.3.1/../../../../arm-none-eabi/lib/thumb/v7-m/nofp\libg.a(libc_a-atexit.o)
 .debug_rnglists
                0x00000f99       0x13 C:/ST/STM32CubeCLT_1.18.0/GNU-tools-for-STM32/bin/../lib/gcc/arm-none-eabi/13.3.1/../../../../arm-none-eabi/lib/thumb/v7-m/nofp\libg.a(libc_a-fini.o)
 .debug_rnglists
                0x00000fac       0x14 C:/ST/STM32CubeCLT_1.18.0/GNU-tools-for-STM32/bin/../lib/gcc/arm-none-eabi/13.3.1/../../../../arm-none-eabi/lib/thumb/v7-m/nofp\libg.a(libc_a-__atexit.o)

.debug_line     0x00000000    0x17611
 .debug_line    0x00000000      0x34f CMakeFiles/test_dw1000.elf.dir/Core/Src/gpio.c.obj
 .debug_line    0x0000034f      0x403 CMakeFiles/test_dw1000.elf.dir/Core/Src/i2c.c.obj
 .debug_line    0x00000752      0xac0 CMakeFiles/test_dw1000.elf.dir/Core/Src/lcd.c.obj
 .debug_line    0x00001212      0x5b7 CMakeFiles/test_dw1000.elf.dir/Core/Src/main.c.obj
 .debug_line    0x000017c9      0x434 CMakeFiles/test_dw1000.elf.dir/Core/Src/spi.c.obj
 .debug_line    0x00001bfd      0x22a CMakeFiles/test_dw1000.elf.dir/Core/Src/stm32f1xx_hal_msp.c.obj
 .debug_line    0x00001e27      0x492 CMakeFiles/test_dw1000.elf.dir/Core/Src/stm32f1xx_it.c.obj
 .debug_line    0x000022b9      0x2f3 CMakeFiles/test_dw1000.elf.dir/Core/Src/system_stm32f1xx.c.obj
 .debug_line    0x000025ac      0x438 CMakeFiles/test_dw1000.elf.dir/Core/Src/usart.c.obj
 .debug_line    0x000029e4       0x78 CMakeFiles/test_dw1000.elf.dir/Core/Startup/startup_stm32f103c8tx.s.obj
 .debug_line    0x00002a5c      0x650 CMakeFiles/test_dw1000.elf.dir/Drivers/STM32F1xx_HAL_Driver/Src/stm32f1xx_hal.c.obj
 .debug_line    0x000030ac      0x78f CMakeFiles/test_dw1000.elf.dir/Drivers/STM32F1xx_HAL_Driver/Src/stm32f1xx_hal_cortex.c.obj
 .debug_line    0x0000383b      0xbd7 CMakeFiles/test_dw1000.elf.dir/Drivers/STM32F1xx_HAL_Driver/Src/stm32f1xx_hal_dma.c.obj
 .debug_line    0x00004412      0x6b8 CMakeFiles/test_dw1000.elf.dir/Drivers/STM32F1xx_HAL_Driver/Src/stm32f1xx_hal_gpio.c.obj
 .debug_line    0x00004aca     0x576a CMakeFiles/test_dw1000.elf.dir/Drivers/STM32F1xx_HAL_Driver/Src/stm32f1xx_hal_i2c.c.obj
 .debug_line    0x0000a234      0xd97 CMakeFiles/test_dw1000.elf.dir/Drivers/STM32F1xx_HAL_Driver/Src/stm32f1xx_hal_rcc.c.obj
 .debug_line    0x0000afcb     0x24e3 CMakeFiles/test_dw1000.elf.dir/Drivers/STM32F1xx_HAL_Driver/Src/stm32f1xx_hal_spi.c.obj
 .debug_line    0x0000d4ae     0x35c1 CMakeFiles/test_dw1000.elf.dir/Drivers/STM32F1xx_HAL_Driver/Src/stm32f1xx_hal_uart.c.obj
 .debug_line    0x00010a6f     0x1f30 CMakeFiles/test_dw1000.elf.dir/Drivers/decadriver/deca_device.c.obj
 .debug_line    0x0001299f       0xab CMakeFiles/test_dw1000.elf.dir/Drivers/decadriver/deca_params_init.c.obj
 .debug_line    0x00012a4a      0x256 CMakeFiles/test_dw1000.elf.dir/Drivers/decadriver/platform/deca_mutex.c.obj
 .debug_line    0x00012ca0      0x1bd CMakeFiles/test_dw1000.elf.dir/Drivers/decadriver/platform/deca_sleep.c.obj
 .debug_line    0x00012e5d      0x49f CMakeFiles/test_dw1000.elf.dir/Drivers/decadriver/platform/deca_spi.c.obj
 .debug_line    0x000132fc      0x74d CMakeFiles/test_dw1000.elf.dir/Drivers/decadriver/platform/port.c.obj
 .debug_line    0x00013a49      0x782 CMakeFiles/test_dw1000.elf.dir/Drivers/dw1000/Src/dw1000.c.obj
 .debug_line    0x000141cb      0x8c7 CMakeFiles/test_dw1000.elf.dir/Drivers/dw1000/Src/frame.c.obj
 .debug_line    0x00014a92      0x891 CMakeFiles/test_dw1000.elf.dir/Drivers/dw1000/Src/fsm.c.obj
 .debug_line    0x00015323      0x53a CMakeFiles/test_dw1000.elf.dir/Drivers/pc_connection/pc_protocol.c.obj
 .debug_line    0x0001585d      0x791 CMakeFiles/test_dw1000.elf.dir/Drivers/terminal/lwshell.c.obj
 .debug_line    0x00015fee      0x5fb CMakeFiles/test_dw1000.elf.dir/Drivers/terminal/platform/terminal.c.obj
 .debug_line    0x000165e9      0x4dd CMakeFiles/test_dw1000.elf.dir/Drivers/utils.c.obj
 .debug_line    0x00016ac6      0x17e C:/ST/STM32CubeCLT_1.18.0/GNU-tools-for-STM32/bin/../lib/gcc/arm-none-eabi/13.3.1/../../../../arm-none-eabi/lib/thumb/v7-m/nofp\libg.a(libc_a-memset.o)
 .debug_line    0x00016c44      0x165 C:/ST/STM32CubeCLT_1.18.0/GNU-tools-for-STM32/bin/../lib/gcc/arm-none-eabi/13.3.1/../../../../arm-none-eabi/lib/thumb/v7-m/nofp\libg.a(libc_a-init.o)
 .debug_line    0x00016da9      0x19b C:/ST/STM32CubeCLT_1.18.0/GNU-tools-for-STM32/bin/../lib/gcc/arm-none-eabi/13.3.1/../../../../arm-none-eabi/lib/thumb/v7-m/nofp\libg.a(libc_a-lock.o)
 .debug_line    0x00016f44       0x4f C:/ST/STM32CubeCLT_1.18.0/GNU-tools-for-STM32/bin/../lib/gcc/arm-none-eabi/13.3.1/../../../../arm-none-eabi/lib/thumb/v7-m/nofp\libg.a(libc_a-strlen.o)
 .debug_line    0x00016f93      0x2a3 C:/ST/STM32CubeCLT_1.18.0/GNU-tools-for-STM32/bin/../lib/gcc/arm-none-eabi/13.3.1/../../../../arm-none-eabi/lib/thumb/v7-m/nofp\libg.a(libc_a-__call_atexit.o)
 .debug_line    0x00017236      0x102 C:/ST/STM32CubeCLT_1.18.0/GNU-tools-for-STM32/bin/../lib/gcc/arm-none-eabi/13.3.1/../../../../arm-none-eabi/lib/thumb/v7-m/nofp\libg.a(libc_a-atexit.o)
 .debug_line    0x00017338      0x134 C:/ST/STM32CubeCLT_1.18.0/GNU-tools-for-STM32/bin/../lib/gcc/arm-none-eabi/13.3.1/../../../../arm-none-eabi/lib/thumb/v7-m/nofp\libg.a(libc_a-fini.o)
 .debug_line    0x0001746c      0x1a5 C:/ST/STM32CubeCLT_1.18.0/GNU-tools-for-STM32/bin/../lib/gcc/arm-none-eabi/13.3.1/../../../../arm-none-eabi/lib/thumb/v7-m/nofp\libg.a(libc_a-__atexit.o)

.debug_str      0x00000000     0x612f
 .debug_str     0x00000000     0x612f CMakeFiles/test_dw1000.elf.dir/Core/Src/gpio.c.obj
                                0x5f9 (size before relaxing)
 .debug_str     0x0000612f      0x7ad CMakeFiles/test_dw1000.elf.dir/Core/Src/i2c.c.obj
 .debug_str     0x0000612f      0xb63 CMakeFiles/test_dw1000.elf.dir/Core/Src/lcd.c.obj
 .debug_str     0x0000612f      0x4d7 CMakeFiles/test_dw1000.elf.dir/Core/Src/main.c.obj
 .debug_str     0x0000612f      0x704 CMakeFiles/test_dw1000.elf.dir/Core/Src/spi.c.obj
 .debug_str     0x0000612f      0x286 CMakeFiles/test_dw1000.elf.dir/Core/Src/stm32f1xx_hal_msp.c.obj
 .debug_str     0x0000612f      0xa38 CMakeFiles/test_dw1000.elf.dir/Core/Src/stm32f1xx_it.c.obj
 .debug_str     0x0000612f      0x2b6 CMakeFiles/test_dw1000.elf.dir/Core/Src/system_stm32f1xx.c.obj
 .debug_str     0x0000612f      0xa54 CMakeFiles/test_dw1000.elf.dir/Core/Src/usart.c.obj
 .debug_str     0x0000612f       0xc7 CMakeFiles/test_dw1000.elf.dir/Core/Startup/startup_stm32f103c8tx.s.obj
 .debug_str     0x0000612f      0x890 CMakeFiles/test_dw1000.elf.dir/Drivers/STM32F1xx_HAL_Driver/Src/stm32f1xx_hal.c.obj
 .debug_str     0x0000612f      0x935 CMakeFiles/test_dw1000.elf.dir/Drivers/STM32F1xx_HAL_Driver/Src/stm32f1xx_hal_cortex.c.obj
 .debug_str     0x0000612f      0x65f CMakeFiles/test_dw1000.elf.dir/Drivers/STM32F1xx_HAL_Driver/Src/stm32f1xx_hal_dma.c.obj
 .debug_str     0x0000612f      0x462 CMakeFiles/test_dw1000.elf.dir/Drivers/STM32F1xx_HAL_Driver/Src/stm32f1xx_hal_gpio.c.obj
 .debug_str     0x0000612f     0x1027 CMakeFiles/test_dw1000.elf.dir/Drivers/STM32F1xx_HAL_Driver/Src/stm32f1xx_hal_i2c.c.obj
 .debug_str     0x0000612f      0x68d CMakeFiles/test_dw1000.elf.dir/Drivers/STM32F1xx_HAL_Driver/Src/stm32f1xx_hal_rcc.c.obj
 .debug_str     0x0000612f      0xbc3 CMakeFiles/test_dw1000.elf.dir/Drivers/STM32F1xx_HAL_Driver/Src/stm32f1xx_hal_spi.c.obj
 .debug_str     0x0000612f      0xd56 CMakeFiles/test_dw1000.elf.dir/Drivers/STM32F1xx_HAL_Driver/Src/stm32f1xx_hal_uart.c.obj
 .debug_str     0x0000612f     0x116c CMakeFiles/test_dw1000.elf.dir/Drivers/decadriver/deca_device.c.obj
 .debug_str     0x0000612f      0x2a4 CMakeFiles/test_dw1000.elf.dir/Drivers/decadriver/deca_params_init.c.obj
 .debug_str     0x0000612f      0x285 CMakeFiles/test_dw1000.elf.dir/Drivers/decadriver/platform/deca_mutex.c.obj
 .debug_str     0x0000612f      0x238 CMakeFiles/test_dw1000.elf.dir/Drivers/decadriver/platform/deca_sleep.c.obj
 .debug_str     0x0000612f      0x745 CMakeFiles/test_dw1000.elf.dir/Drivers/decadriver/platform/deca_spi.c.obj
 .debug_str     0x0000612f      0xce9 CMakeFiles/test_dw1000.elf.dir/Drivers/decadriver/platform/port.c.obj
 .debug_str     0x0000612f      0x6c4 CMakeFiles/test_dw1000.elf.dir/Drivers/dw1000/Src/dw1000.c.obj
 .debug_str     0x0000612f      0x524 CMakeFiles/test_dw1000.elf.dir/Drivers/dw1000/Src/frame.c.obj
 .debug_str     0x0000612f      0xf65 CMakeFiles/test_dw1000.elf.dir/Drivers/dw1000/Src/fsm.c.obj
 .debug_str     0x0000612f      0x334 CMakeFiles/test_dw1000.elf.dir/Drivers/pc_connection/pc_protocol.c.obj
 .debug_str     0x0000612f      0x485 CMakeFiles/test_dw1000.elf.dir/Drivers/terminal/lwshell.c.obj
 .debug_str     0x0000612f      0x90f CMakeFiles/test_dw1000.elf.dir/Drivers/terminal/platform/terminal.c.obj
 .debug_str     0x0000612f      0x30f CMakeFiles/test_dw1000.elf.dir/Drivers/utils.c.obj
 .debug_str     0x0000612f      0x204 C:/ST/STM32CubeCLT_1.18.0/GNU-tools-for-STM32/bin/../lib/gcc/arm-none-eabi/13.3.1/../../../../arm-none-eabi/lib/thumb/v7-m/nofp\libg.a(libc_a-memset.o)
 .debug_str     0x0000612f      0x265 C:/ST/STM32CubeCLT_1.18.0/GNU-tools-for-STM32/bin/../lib/gcc/arm-none-eabi/13.3.1/../../../../arm-none-eabi/lib/thumb/v7-m/nofp\libg.a(libc_a-init.o)
 .debug_str     0x0000612f      0x39b C:/ST/STM32CubeCLT_1.18.0/GNU-tools-for-STM32/bin/../lib/gcc/arm-none-eabi/13.3.1/../../../../arm-none-eabi/lib/thumb/v7-m/nofp\libg.a(libc_a-lock.o)
 .debug_str     0x0000612f       0xea C:/ST/STM32CubeCLT_1.18.0/GNU-tools-for-STM32/bin/../lib/gcc/arm-none-eabi/13.3.1/../../../../arm-none-eabi/lib/thumb/v7-m/nofp\libg.a(libc_a-strlen.o)
 .debug_str     0x0000612f      0x341 C:/ST/STM32CubeCLT_1.18.0/GNU-tools-for-STM32/bin/../lib/gcc/arm-none-eabi/13.3.1/../../../../arm-none-eabi/lib/thumb/v7-m/nofp\libg.a(libc_a-__call_atexit.o)
 .debug_str     0x0000612f      0x241 C:/ST/STM32CubeCLT_1.18.0/GNU-tools-for-STM32/bin/../lib/gcc/arm-none-eabi/13.3.1/../../../../arm-none-eabi/lib/thumb/v7-m/nofp\libg.a(libc_a-atexit.o)
 .debug_str     0x0000612f      0x23b C:/ST/STM32CubeCLT_1.18.0/GNU-tools-for-STM32/bin/../lib/gcc/arm-none-eabi/13.3.1/../../../../arm-none-eabi/lib/thumb/v7-m/nofp\libg.a(libc_a-fini.o)
 .debug_str     0x0000612f      0x318 C:/ST/STM32CubeCLT_1.18.0/GNU-tools-for-STM32/bin/../lib/gcc/arm-none-eabi/13.3.1/../../../../arm-none-eabi/lib/thumb/v7-m/nofp\libg.a(libc_a-__atexit.o)

.comment        0x00000000       0x43
 .comment       0x00000000       0x43 CMakeFiles/test_dw1000.elf.dir/Core/Src/gpio.c.obj
                                 0x44 (size before relaxing)
 .comment       0x00000043       0x44 CMakeFiles/test_dw1000.elf.dir/Core/Src/i2c.c.obj
 .comment       0x00000043       0x44 CMakeFiles/test_dw1000.elf.dir/Core/Src/lcd.c.obj
 .comment       0x00000043       0x44 CMakeFiles/test_dw1000.elf.dir/Core/Src/main.c.obj
 .comment       0x00000043       0x44 CMakeFiles/test_dw1000.elf.dir/Core/Src/spi.c.obj
 .comment       0x00000043       0x44 CMakeFiles/test_dw1000.elf.dir/Core/Src/stm32f1xx_hal_msp.c.obj
 .comment       0x00000043       0x44 CMakeFiles/test_dw1000.elf.dir/Core/Src/stm32f1xx_it.c.obj
 .comment       0x00000043       0x44 CMakeFiles/test_dw1000.elf.dir/Core/Src/system_stm32f1xx.c.obj
 .comment       0x00000043       0x44 CMakeFiles/test_dw1000.elf.dir/Core/Src/usart.c.obj
 .comment       0x00000043       0x44 CMakeFiles/test_dw1000.elf.dir/Drivers/STM32F1xx_HAL_Driver/Src/stm32f1xx_hal.c.obj
 .comment       0x00000043       0x44 CMakeFiles/test_dw1000.elf.dir/Drivers/STM32F1xx_HAL_Driver/Src/stm32f1xx_hal_cortex.c.obj
 .comment       0x00000043       0x44 CMakeFiles/test_dw1000.elf.dir/Drivers/STM32F1xx_HAL_Driver/Src/stm32f1xx_hal_dma.c.obj
 .comment       0x00000043       0x44 CMakeFiles/test_dw1000.elf.dir/Drivers/STM32F1xx_HAL_Driver/Src/stm32f1xx_hal_gpio.c.obj
 .comment       0x00000043       0x44 CMakeFiles/test_dw1000.elf.dir/Drivers/STM32F1xx_HAL_Driver/Src/stm32f1xx_hal_i2c.c.obj
 .comment       0x00000043       0x44 CMakeFiles/test_dw1000.elf.dir/Drivers/STM32F1xx_HAL_Driver/Src/stm32f1xx_hal_rcc.c.obj
 .comment       0x00000043       0x44 CMakeFiles/test_dw1000.elf.dir/Drivers/STM32F1xx_HAL_Driver/Src/stm32f1xx_hal_spi.c.obj
 .comment       0x00000043       0x44 CMakeFiles/test_dw1000.elf.dir/Drivers/STM32F1xx_HAL_Driver/Src/stm32f1xx_hal_uart.c.obj
 .comment       0x00000043       0x44 CMakeFiles/test_dw1000.elf.dir/Drivers/decadriver/deca_device.c.obj
 .comment       0x00000043       0x44 CMakeFiles/test_dw1000.elf.dir/Drivers/decadriver/deca_params_init.c.obj
 .comment       0x00000043       0x44 CMakeFiles/test_dw1000.elf.dir/Drivers/decadriver/platform/deca_mutex.c.obj
 .comment       0x00000043       0x44 CMakeFiles/test_dw1000.elf.dir/Drivers/decadriver/platform/deca_sleep.c.obj
 .comment       0x00000043       0x44 CMakeFiles/test_dw1000.elf.dir/Drivers/decadriver/platform/deca_spi.c.obj
 .comment       0x00000043       0x44 CMakeFiles/test_dw1000.elf.dir/Drivers/decadriver/platform/port.c.obj
 .comment       0x00000043       0x44 CMakeFiles/test_dw1000.elf.dir/Drivers/dw1000/Src/dw1000.c.obj
 .comment       0x00000043       0x44 CMakeFiles/test_dw1000.elf.dir/Drivers/dw1000/Src/frame.c.obj
 .comment       0x00000043       0x44 CMakeFiles/test_dw1000.elf.dir/Drivers/dw1000/Src/fsm.c.obj
 .comment       0x00000043       0x44 CMakeFiles/test_dw1000.elf.dir/Drivers/pc_connection/pc_protocol.c.obj
 .comment       0x00000043       0x44 CMakeFiles/test_dw1000.elf.dir/Drivers/terminal/lwshell.c.obj
 .comment       0x00000043       0x44 CMakeFiles/test_dw1000.elf.dir/Drivers/terminal/platform/terminal.c.obj
 .comment       0x00000043       0x44 CMakeFiles/test_dw1000.elf.dir/Drivers/utils.c.obj