Archive member included to satisfy reference by file (symbol)

C:/PROGRA~2/ARMGNU~1/14EFD8~1.2RE/bin/../lib/gcc/arm-none-eabi/14.2.1/thumb/v7-m/nofp\libgcc.a(_arm_muldf3.o)
                              CMakeFiles/test_dw1000.elf.dir/Core/Src/examples/ex_06a_ss_twr_init/ex_06a_main.c.obj (__aeabi_dmul)
C:/PROGRA~2/ARMGNU~1/14EFD8~1.2RE/bin/../lib/gcc/arm-none-eabi/14.2.1/thumb/v7-m/nofp\libgcc.a(_arm_mulsf3.o)
                              CMakeFiles/test_dw1000.elf.dir/Core/Src/examples/ex_06a_ss_twr_init/ex_06a_main.c.obj (__aeabi_fmul)
C:/PROGRA~2/ARMGNU~1/14EFD8~1.2RE/bin/../lib/gcc/arm-none-eabi/14.2.1/thumb/v7-m/nofp\libgcc.a(_arm_addsubdf3.o)
                              CMakeFiles/test_dw1000.elf.dir/Drivers/dw1000/Src/calibration.c.obj (__aeabi_dsub)
C:/PROGRA~2/ARMGNU~1/14EFD8~1.2RE/bin/../lib/gcc/arm-none-eabi/14.2.1/thumb/v7-m/nofp\libgcc.a(_arm_muldivdf3.o)
                              CMakeFiles/test_dw1000.elf.dir/Drivers/dw1000/Src/fsm.c.obj (__aeabi_ddiv)
C:/PROGRA~2/ARMGNU~1/14EFD8~1.2RE/bin/../lib/gcc/arm-none-eabi/14.2.1/thumb/v7-m/nofp\libgcc.a(_arm_cmpdf2.o)
                              CMakeFiles/test_dw1000.elf.dir/Drivers/dw1000/Src/calibration.c.obj (__aeabi_dcmplt)
C:/PROGRA~2/ARMGNU~1/14EFD8~1.2RE/bin/../lib/gcc/arm-none-eabi/14.2.1/thumb/v7-m/nofp\libgcc.a(_arm_fixdfsi.o)
                              CMakeFiles/test_dw1000.elf.dir/Drivers/decadriver/platform/deca_range_tables.c.obj (__aeabi_d2iz)
C:/PROGRA~2/ARMGNU~1/14EFD8~1.2RE/bin/../lib/gcc/arm-none-eabi/14.2.1/thumb/v7-m/nofp\libgcc.a(_arm_fixunsdfsi.o)
                              CMakeFiles/test_dw1000.elf.dir/Drivers/decadriver/deca_device.c.obj (__aeabi_d2uiz)
C:/PROGRA~2/ARMGNU~1/14EFD8~1.2RE/bin/../lib/gcc/arm-none-eabi/14.2.1/thumb/v7-m/nofp\libgcc.a(_arm_truncdfsf2.o)
                              CMakeFiles/test_dw1000.elf.dir/Core/Src/examples/ex_06a_ss_twr_init/ex_06a_main.c.obj (__aeabi_d2f)
C:/PROGRA~2/ARMGNU~1/14EFD8~1.2RE/bin/../lib/gcc/arm-none-eabi/14.2.1/thumb/v7-m/nofp\libgcc.a(_arm_addsubsf3.o)
                              CMakeFiles/test_dw1000.elf.dir/Core/Src/examples/ex_06a_ss_twr_init/ex_06a_main.c.obj (__aeabi_fsub)
C:/PROGRA~2/ARMGNU~1/14EFD8~1.2RE/bin/../lib/gcc/arm-none-eabi/14.2.1/thumb/v7-m/nofp\libgcc.a(_fixdfdi.o)
                              CMakeFiles/test_dw1000.elf.dir/Drivers/dw1000/Src/fsm.c.obj (__aeabi_d2lz)
C:/PROGRA~2/ARMGNU~1/14EFD8~1.2RE/bin/../lib/gcc/arm-none-eabi/14.2.1/thumb/v7-m/nofp\libgcc.a(_fixunsdfdi.o)
                              C:/PROGRA~2/ARMGNU~1/14EFD8~1.2RE/bin/../lib/gcc/arm-none-eabi/14.2.1/thumb/v7-m/nofp\libgcc.a(_fixdfdi.o) (__aeabi_d2ulz)
C:/PROGRA~2/ARMGNU~1/14EFD8~1.2RE/bin/../lib/gcc/arm-none-eabi/14.2.1/thumb/v7-m/nofp\libg.a(libc_a-exit.o)
                              C:/PROGRA~2/ARMGNU~1/14EFD8~1.2RE/bin/../lib/gcc/arm-none-eabi/14.2.1/thumb/v7-m/nofp/crt0.o (exit)
C:/PROGRA~2/ARMGNU~1/14EFD8~1.2RE/bin/../lib/gcc/arm-none-eabi/14.2.1/thumb/v7-m/nofp\libg.a(libc_a-findfp.o)
                              C:/PROGRA~2/ARMGNU~1/14EFD8~1.2RE/bin/../lib/gcc/arm-none-eabi/14.2.1/thumb/v7-m/nofp\libg.a(libc_a-exit.o) (__stdio_exit_handler)
C:/PROGRA~2/ARMGNU~1/14EFD8~1.2RE/bin/../lib/gcc/arm-none-eabi/14.2.1/thumb/v7-m/nofp\libg.a(libc_a-fwalk.o)
                              C:/PROGRA~2/ARMGNU~1/14EFD8~1.2RE/bin/../lib/gcc/arm-none-eabi/14.2.1/thumb/v7-m/nofp\libg.a(libc_a-findfp.o) (_fwalk_sglue)
C:/PROGRA~2/ARMGNU~1/14EFD8~1.2RE/bin/../lib/gcc/arm-none-eabi/14.2.1/thumb/v7-m/nofp\libg.a(libc_a-sprintf.o)
                              CMakeFiles/test_dw1000.elf.dir/Core/Src/examples/ex_06a_ss_twr_init/ex_06a_main.c.obj (sprintf)
C:/PROGRA~2/ARMGNU~1/14EFD8~1.2RE/bin/../lib/gcc/arm-none-eabi/14.2.1/thumb/v7-m/nofp\libg.a(libc_a-stdio.o)
                              C:/PROGRA~2/ARMGNU~1/14EFD8~1.2RE/bin/../lib/gcc/arm-none-eabi/14.2.1/thumb/v7-m/nofp\libg.a(libc_a-findfp.o) (__sread)
C:/PROGRA~2/ARMGNU~1/14EFD8~1.2RE/bin/../lib/gcc/arm-none-eabi/14.2.1/thumb/v7-m/nofp\libg.a(libc_a-memcmp.o)
                              CMakeFiles/test_dw1000.elf.dir/Core/Src/examples/ex_06a_ss_twr_init/ex_06a_main.c.obj (memcmp)
C:/PROGRA~2/ARMGNU~1/14EFD8~1.2RE/bin/../lib/gcc/arm-none-eabi/14.2.1/thumb/v7-m/nofp\libg.a(libc_a-memset.o)
                              C:/PROGRA~2/ARMGNU~1/14EFD8~1.2RE/bin/../lib/gcc/arm-none-eabi/14.2.1/thumb/v7-m/nofp/crt0.o (memset)
C:/PROGRA~2/ARMGNU~1/14EFD8~1.2RE/bin/../lib/gcc/arm-none-eabi/14.2.1/thumb/v7-m/nofp\libg.a(libc_a-strncmp.o)
                              CMakeFiles/test_dw1000.elf.dir/Drivers/terminal/lwshell.c.obj (strncmp)
C:/PROGRA~2/ARMGNU~1/14EFD8~1.2RE/bin/../lib/gcc/arm-none-eabi/14.2.1/thumb/v7-m/nofp\libg.a(libc_a-closer.o)
                              C:/PROGRA~2/ARMGNU~1/14EFD8~1.2RE/bin/../lib/gcc/arm-none-eabi/14.2.1/thumb/v7-m/nofp\libg.a(libc_a-stdio.o) (_close_r)
C:/PROGRA~2/ARMGNU~1/14EFD8~1.2RE/bin/../lib/gcc/arm-none-eabi/14.2.1/thumb/v7-m/nofp\libg.a(libc_a-reent.o)
[...]
Memory Configuration

Name             Origin             Length             Attributes
RAM              0x20000000         0x00005000         xrw
FLASH            0x08000000         0x00010000         xr
*default*        0x00000000         0xffffffff

Linker script and memory map

LOAD C:/PROGRA~2/ARMGNU~1/14EFD8~1.2RE/bin/../lib/gcc/arm-none-eabi/14.2.1/thumb/v7-m/nofp/crti.o
LOAD C:/PROGRA~2/ARMGNU~1/14EFD8~1.2RE/bin/../lib/gcc/arm-none-eabi/14.2.1/thumb/v7-m/nofp/crtbegin.o
LOAD C:/PROGRA~2/ARMGNU~1/14EFD8~1.2RE/bin/../lib/gcc/arm-none-eabi/14.2.1/thumb/v7-m/nofp/crt0.o
LOAD CMakeFiles/test_dw1000.elf.dir/Core/Src/examples/ex_01a_simple_tx/ex_01a_main.c.obj
LOAD CMakeFiles/test_dw1000.elf.dir/Core/Src/examples/ex_01b_tx_sleep/ex_01b_main.c.obj
LOAD CMakeFiles/test_dw1000.elf.dir/Core/Src/examples/ex_01c_tx_sleep_auto/ex_01c_main.c.obj
LOAD CMakeFiles/test_dw1000.elf.dir/Core/Src/examples/ex_01d_tx_timed_sleep/ex_01d_main.c.obj
LOAD CMakeFiles/test_dw1000.elf.dir/Core/Src/examples/ex_01e_tx_with_cca/ex_01e_tx_with_cca.c.obj
LOAD CMakeFiles/test_dw1000.elf.dir/Core/Src/examples/ex_02a_simple_rx/ex_02a_main.c.obj
LOAD CMakeFiles/test_dw1000.elf.dir/Core/Src/examples/ex_02b_rx_preamble_64/ex_02b_main.c.obj
LOAD CMakeFiles/test_dw1000.elf.dir/Core/Src/examples/ex_02c_rx_diagnostics/ex_02c_main.c.obj
LOAD CMakeFiles/test_dw1000.elf.dir/Core/Src/examples/ex_02d_rx_sniff/ex_02d_main.c.obj
LOAD CMakeFiles/test_dw1000.elf.dir/Core/Src/examples/ex_02e_rx_dbl_buff/ex_02e_main.c.obj
LOAD CMakeFiles/test_dw1000.elf.dir/Core/Src/examples/ex_02f_rx_with_crystal_trim/ex_02f_rx_with_xtal_trim.c.obj
LOAD CMakeFiles/test_dw1000.elf.dir/Core/Src/examples/ex_03a_tx_wait_resp/ex_03a_main.c.obj
LOAD CMakeFiles/test_dw1000.elf.dir/Core/Src/examples/ex_03b_rx_send_resp/ex_03b_main.c.obj
LOAD CMakeFiles/test_dw1000.elf.dir/Core/Src/examples/ex_03c_tx_wait_resp_leds/ex_03c_main.c.obj
LOAD CMakeFiles/test_dw1000.elf.dir/Core/Src/examples/ex_03d_tx_wait_resp_interrupts/ex_03d_main.c.obj
LOAD CMakeFiles/test_dw1000.elf.dir/Core/Src/examples/ex_04a_cont_wave/ex_04a_main.c.obj
LOAD CMakeFiles/test_dw1000.elf.dir/Core/Src/examples/ex_04b_cont_frame/ex_04b_main.c.obj
LOAD CMakeFiles/test_dw1000.elf.dir/Core/Src/examples/ex_05a_ds_twr_init/ex_05a_main.c.obj
LOAD CMakeFiles/test_dw1000.elf.dir/Core/Src/examples/ex_05b_ds_twr_resp/ex_05b_main.c.obj
LOAD CMakeFiles/test_dw1000.elf.dir/Core/Src/examples/ex_06a_ss_twr_init/ex_06a_main.c.obj
LOAD CMakeFiles/test_dw1000.elf.dir/Core/Src/examples/ex_06b_ss_twr_resp/ex_06b_main.c.obj
LOAD CMakeFiles/test_dw1000.elf.dir/Core/Src/examples/ex_07a_ack_data_tx/ex_07a_main.c.obj
LOAD CMakeFiles/test_dw1000.elf.dir/Core/Src/examples/ex_07b_ack_data_rx/ex_07b_main.c.obj
LOAD CMakeFiles/test_dw1000.elf.dir/Core/Src/examples/ex_08a_low_power_listen_rx/ex_08a_main.c.obj
LOAD CMakeFiles/test_dw1000.elf.dir/Core/Src/examples/ex_08b_low_power_listen_tx/ex_08b_main.c.obj
LOAD CMakeFiles/test_dw1000.elf.dir/Core/Src/examples/ex_09a_bandwidth_power_ref_meas/ex_09a_main.c.obj
LOAD CMakeFiles/test_dw1000.elf.dir/Core/Src/examples/ex_09b_bandwidth_power_comp/ex_09b_main.c.obj
LOAD CMakeFiles/test_dw1000.elf.dir/Core/Src/examples/ex_10a_gpio/ex_10a_main.c.obj
LOAD CMakeFiles/test_dw1000.elf.dir/Core/Src/gpio.c.obj
LOAD CMakeFiles/test_dw1000.elf.dir/Core/Src/main.c.obj
LOAD CMakeFiles/test_dw1000.elf.dir/Core/Src/spi.c.obj
LOAD CMakeFiles/test_dw1000.elf.dir/Core/Src/stm32f1xx_hal_msp.c.obj
LOAD CMakeFiles/test_dw1000.elf.dir/Core/Src/stm32f1xx_it.c.obj
LOAD CMakeFiles/test_dw1000.elf.dir/Core/Src/syscalls.c.obj
LOAD CMakeFiles/test_dw1000.elf.dir/Core/Src/sysmem.c.obj
LOAD CMakeFiles/test_dw1000.elf.dir/Core/Src/system_stm32f1xx.c.obj
LOAD CMakeFiles/test_dw1000.elf.dir/Core/Src/usart.c.obj
LOAD CMakeFiles/test_dw1000.elf.dir/Core/Startup/startup_stm32f103c8tx.s.obj
LOAD CMakeFiles/test_dw1000.elf.dir/Drivers/STM32F1xx_HAL_Driver/Src/stm32f1xx_hal.c.obj
LOAD CMakeFiles/test_dw1000.elf.dir/Drivers/STM32F1xx_HAL_Driver/Src/stm32f1xx_hal_cortex.c.obj
LOAD CMakeFiles/test_dw1000.elf.dir/Drivers/STM32F1xx_HAL_Driver/Src/stm32f1xx_hal_dma.c.obj
LOAD CMakeFiles/test_dw1000.elf.dir/Drivers/STM32F1xx_HAL_Driver/Src/stm32f1xx_hal_exti.c.obj
LOAD CMakeFiles/test_dw1000.elf.dir/Drivers/STM32F1xx_HAL_Driver/Src/stm32f1xx_hal_flash.c.obj
LOAD CMakeFiles/test_dw1000.elf.dir/Drivers/STM32F1xx_HAL_Driver/Src/stm32f1xx_hal_flash_ex.c.obj
LOAD CMakeFiles/test_dw1000.elf.dir/Drivers/STM32F1xx_HAL_Driver/Src/stm32f1xx_hal_gpio.c.obj
LOAD CMakeFiles/test_dw1000.elf.dir/Drivers/STM32F1xx_HAL_Driver/Src/stm32f1xx_hal_gpio_ex.c.obj
LOAD CMakeFiles/test_dw1000.elf.dir/Drivers/STM32F1xx_HAL_Driver/Src/stm32f1xx_hal_pwr.c.obj
LOAD CMakeFiles/test_dw1000.elf.dir/Drivers/STM32F1xx_HAL_Driver/Src/stm32f1xx_hal_rcc.c.obj
LOAD CMakeFiles/test_dw1000.elf.dir/Drivers/STM32F1xx_HAL_Driver/Src/stm32f1xx_hal_rcc_ex.c.obj
LOAD CMakeFiles/test_dw1000.elf.dir/Drivers/STM32F1xx_HAL_Driver/Src/stm32f1xx_hal_spi.c.obj
LOAD CMakeFiles/test_dw1000.elf.dir/Drivers/STM32F1xx_HAL_Driver/Src/stm32f1xx_hal_uart.c.obj
LOAD CMakeFiles/test_dw1000.elf.dir/Drivers/decadriver/deca_device.c.obj
LOAD CMakeFiles/test_dw1000.elf.dir/Drivers/decadriver/deca_params_init.c.obj
LOAD CMakeFiles/test_dw1000.elf.dir/Drivers/decadriver/platform/deca_mutex.c.obj
LOAD CMakeFiles/test_dw1000.elf.dir/Drivers/decadriver/platform/deca_range_tables.c.obj
LOAD CMakeFiles/test_dw1000.elf.dir/Drivers/decadriver/platform/deca_sleep.c.obj
LOAD CMakeFiles/test_dw1000.elf.dir/Drivers/decadriver/platform/deca_spi.c.obj
LOAD CMakeFiles/test_dw1000.elf.dir/Drivers/decadriver/platform/port.c.obj
LOAD CMakeFiles/test_dw1000.elf.dir/Drivers/dw1000/Src/calibration.c.obj
LOAD CMakeFiles/test_dw1000.elf.dir/Drivers/dw1000/Src/dw1000.c.obj
LOAD CMakeFiles/test_dw1000.elf.dir/Drivers/dw1000/Src/frame.c.obj
LOAD CMakeFiles/test_dw1000.elf.dir/Drivers/dw1000/Src/fsm.c.obj
LOAD CMakeFiles/test_dw1000.elf.dir/Drivers/terminal/lwshell.c.obj
LOAD CMakeFiles/test_dw1000.elf.dir/Drivers/terminal/platform/terminal.c.obj
LOAD CMakeFiles/test_dw1000.elf.dir/Drivers/tests/tests.c.obj
LOAD CMakeFiles/test_dw1000.elf.dir/Drivers/utils.c.obj
START GROUP
LOAD C:/PROGRA~2/ARMGNU~1/14EFD8~1.2RE/bin/../lib/gcc/arm-none-eabi/14.2.1/thumb/v7-m/nofp\libgcc.a
LOAD C:/PROGRA~2/ARMGNU~1/14EFD8~1.2RE/bin/../lib/gcc/arm-none-eabi/14.2.1/thumb/v7-m/nofp\libg.a
LOAD C:/PROGRA~2/ARMGNU~1/14EFD8~1.2RE/bin/../lib/gcc/arm-none-eabi/14.2.1/thumb/v7-m/nofp\libc.a
END GROUP
LOAD C:/PROGRA~2/ARMGNU~1/14EFD8~1.2RE/bin/../lib/gcc/arm-none-eabi/14.2.1/thumb/v7-m/nofp/crtend.o
LOAD C:/PROGRA~2/ARMGNU~1/14EFD8~1.2RE/bin/../lib/gcc/arm-none-eabi/14.2.1/thumb/v7-m/nofp/crtn.o
                0x20005000                        _estack = (ORIGIN (RAM) + LENGTH (RAM))
                0x00000200                        _Min_Heap_Size = 0x200
                0x00000400                        _Min_Stack_Size = 0x400

.isr_vector     0x08000000      0x10c
                0x08000000                        . = ALIGN (0x4)
 *(.isr_vector)
 .isr_vector    0x08000000      0x10c CMakeFiles/test_dw1000.elf.dir/Core/Startup/startup_stm32f103c8tx.s.obj
                0x08000000                g_pfnVectors
                0x0800010c                        . = ALIGN (0x4)

.text           0x08000110     0xb01c
                0x08000110                        . = ALIGN (0x4)
 *(.text)
 .text          0x08000110      0x378 C:/PROGRA~2/ARMGNU~1/14EFD8~1.2RE/bin/../lib/gcc/arm-none-eabi/14.2.1/thumb/v7-m/nofp\libgcc.a(_arm_addsubdf3.o)
                0x08000110                __aeabi_drsub
                0x08000118                __aeabi_dsub
                0x08000118                __subdf3
                0x0800011c                __aeabi_dadd
                0x0800011c                __adddf3
                0x08000394                __floatunsidf
                0x08000394                __aeabi_ui2d
                0x080003b4                __floatsidf
                0x080003b4                __aeabi_i2d
                0x080003d8                __aeabi_f2d
                0x080003d8                __extendsfdf2
                0x0800041c                __floatundidf
                0x0800041c                __aeabi_ul2d
                0x0800042c                __floatdidf
                0x0800042c                __aeabi_l2d
 .text          0x08000488      0x424 C:/PROGRA~2/ARMGNU~1/14EFD8~1.2RE/bin/../lib/gcc/arm-none-eabi/14.2.1/thumb/v7-m/nofp\libgcc.a(_arm_muldivdf3.o)
                0x08000488                __aeabi_dmul
                0x08000488                __muldf3
                0x080006dc                __divdf3
                0x080006dc                __aeabi_ddiv
 .text          0x080008ac      0x110 C:/PROGRA~2/ARMGNU~1/14EFD8~1.2RE/bin/../lib/gcc/arm-none-eabi/14.2.1/thumb/v7-m/nofp\libgcc.a(_arm_cmpdf2.o)
                0x080008ac                __gtdf2
                0x080008ac                __gedf2
                0x080008b4                __ltdf2
                0x080008b4                __ledf2
                0x080008bc                __nedf2
                0x080008bc                __eqdf2
                0x080008bc                __cmpdf2
                0x08000938                __aeabi_cdrcmple
                0x08000948                __aeabi_cdcmpeq
                0x08000948                __aeabi_cdcmple
                0x08000958                __aeabi_dcmpeq
                0x0800096c                __aeabi_dcmplt
                0x08000980                __aeabi_dcmple
                0x08000994                __aeabi_dcmpge
                0x080009a8                __aeabi_dcmpgt
 .text          0x080009bc       0x50 C:/PROGRA~2/ARMGNU~1/14EFD8~1.2RE/bin/../lib/gcc/arm-none-eabi/14.2.1/thumb/v7-m/nofp\libgcc.a(_arm_fixdfsi.o)
                0x080009bc                __aeabi_d2iz
                0x080009bc                __fixdfsi
 .text          0x08000a0c       0x40 C:/PROGRA~2/ARMGNU~1/14EFD8~1.2RE/bin/../lib/gcc/arm-none-eabi/14.2.1/thumb/v7-m/nofp\libgcc.a(_arm_fixunsdfsi.o)
                0x08000a0c                __aeabi_d2uiz
                0x08000a0c                __fixunsdfsi
 .text          0x08000a4c       0xec C:/PROGRA~2/ARMGNU~1/14EFD8~1.2RE/bin/../lib/gcc/arm-none-eabi/14.2.1/thumb/v7-m/nofp\libg.a(libc_a-memcpy.o)
                0x08000a4c                memcpy
 .text          0x08000b38       0x2c C:/PROGRA~2/ARMGNU~1/14EFD8~1.2RE/bin/../lib/gcc/arm-none-eabi/14.2.1/thumb/v7-m/nofp\libgcc.a(_arm_unorddf2.o)
                0x08000b38                __unorddf2
                0x08000b38                __aeabi_dcmpun
 *(.text*)
 .text.deregister_tm_clones
                0x08000b64       0x1c C:/PROGRA~2/ARMGNU~1/14EFD8~1.2RE/bin/../lib/gcc/arm-none-eabi/14.2.1/thumb/v7-m/nofp/crtbegin.o
 .text.register_tm_clones
                0x08000b80       0x24 C:/PROGRA~2/ARMGNU~1/14EFD8~1.2RE/bin/../lib/gcc/arm-none-eabi/14.2.1/thumb/v7-m/nofp/crtbegin.o
 .text.__do_global_dtors_aux
                0x08000ba4       0x28 C:/PROGRA~2/ARMGNU~1/14EFD8~1.2RE/bin/../lib/gcc/arm-none-eabi/14.2.1/thumb/v7-m/nofp/crtbegin.o
 .text.frame_dummy
                0x08000bcc       0x24 C:/PROGRA~2/ARMGNU~1/14EFD8~1.2RE/bin/../lib/gcc/arm-none-eabi/14.2.1/thumb/v7-m/nofp/crtbegin.o
 .text.MX_GPIO_Init
                0x08000bf0      0x104 CMakeFiles/test_dw1000.elf.dir/Core/Src/gpio.c.obj
                0x08000bf0                MX_GPIO_Init
 .text.Error_Handler
                0x08000cf4        0x4 CMakeFiles/test_dw1000.elf.dir/Core/Src/main.c.obj
                0x08000cf4                Error_Handler
 .text.SystemClock_Config
                0x08000cf8       0x6a CMakeFiles/test_dw1000.elf.dir/Core/Src/main.c.obj
                0x08000cf8                SystemClock_Config
 .text.main     0x08000d62       0x3e CMakeFiles/test_dw1000.elf.dir/Core/Src/main.c.obj
                0x08000d62                main
 .text.assert_failed
                0x08000da0       0x24 CMakeFiles/test_dw1000.elf.dir/Core/Src/main.c.obj
                0x08000da0                assert_failed
 .text.MX_SPI1_Init
                0x08000dc4       0x44 CMakeFiles/test_dw1000.elf.dir/Core/Src/spi.c.obj
                0x08000dc4                MX_SPI1_Init
 .text.HAL_SPI_MspInit
                0x08000e08       0x78 CMakeFiles/test_dw1000.elf.dir/Core/Src/spi.c.obj
                0x08000e08                HAL_SPI_MspInit
 .text.HAL_MspInit
                0x08000e80       0x44 CMakeFiles/test_dw1000.elf.dir/Core/Src/stm32f1xx_hal_msp.c.obj
                0x08000e80                HAL_MspInit
 .text.NMI_Handler
                0x08000ec4        0x2 CMakeFiles/test_dw1000.elf.dir/Core/Src/stm32f1xx_it.c.obj
                0x08000ec4                NMI_Handler
 .text.HardFault_Handler
                0x08000ec6        0x2 CMakeFiles/test_dw1000.elf.dir/Core/Src/stm32f1xx_it.c.obj
                0x08000ec6                HardFault_Handler
 .text.MemManage_Handler
                0x08000ec8        0x2 CMakeFiles/test_dw1000.elf.dir/Core/Src/stm32f1xx_it.c.obj
                0x08000ec8                MemManage_Handler
 .text.BusFault_Handler
                0x08000eca        0x2 CMakeFiles/test_dw1000.elf.dir/Core/Src/stm32f1xx_it.c.obj
                0x08000eca                BusFault_Handler
 .text.UsageFault_Handler
                0x08000ecc        0x2 CMakeFiles/test_dw1000.elf.dir/Core/Src/stm32f1xx_it.c.obj
                0x08000ecc                UsageFault_Handler
 .text.SVC_Handler
                0x08000ece        0x2 CMakeFiles/test_dw1000.elf.dir/Core/Src/stm32f1xx_it.c.obj
                0x08000ece                SVC_Handler
 .text.DebugMon_Handler
                0x08000ed0        0x2 CMakeFiles/test_dw1000.elf.dir/Core/Src/stm32f1xx_it.c.obj
                0x08000ed0                DebugMon_Handler
 .text.PendSV_Handler
                0x08000ed2        0x2 CMakeFiles/test_dw1000.elf.dir/Core/Src/stm32f1xx_it.c.obj
                0x08000ed2                PendSV_Handler
 .text.SysTick_Handler
                0x08000ed4        0x8 CMakeFiles/test_dw1000.elf.dir/Core/Src/stm32f1xx_it.c.obj
                0x08000ed4                SysTick_Handler
 .text.EXTI0_IRQHandler
                0x08000edc        0xa CMakeFiles/test_dw1000.elf.dir/Core/Src/stm32f1xx_it.c.obj
                0x08000edc                EXTI0_IRQHandler
 *fill*         0x08000ee6        0x2 
 .text.USART1_IRQHandler
                0x08000ee8       0x10 CMakeFiles/test_dw1000.elf.dir/Core/Src/stm32f1xx_it.c.obj
                0x08000ee8                USART1_IRQHandler
 .text.EXTI15_10_IRQHandler
                0x08000ef8        0xc CMakeFiles/test_dw1000.elf.dir/Core/Src/stm32f1xx_it.c.obj
                0x08000ef8                EXTI15_10_IRQHandler
 .text._getpid  0x08000f04        0x4 CMakeFiles/test_dw1000.elf.dir/Core/Src/syscalls.c.obj
                0x08000f04                _getpid
 .text._kill    0x08000f08       0x10 CMakeFiles/test_dw1000.elf.dir/Core/Src/syscalls.c.obj
                0x08000f08                _kill
 .text._exit    0x08000f18        0xc CMakeFiles/test_dw1000.elf.dir/Core/Src/syscalls.c.obj
                0x08000f18                _exit
 .text._read    0x08000f24       0x20 CMakeFiles/test_dw1000.elf.dir/Core/Src/syscalls.c.obj
                0x08000f24                _read
 .text._write   0x08000f44       0x1c CMakeFiles/test_dw1000.elf.dir/Core/Src/syscalls.c.obj
                0x08000f44                _write
 .text._close   0x08000f60        0x6 CMakeFiles/test_dw1000.elf.dir/Core/Src/syscalls.c.obj
                0x08000f60                _close
 .text._fstat   0x08000f66        0xa CMakeFiles/test_dw1000.elf.dir/Core/Src/syscalls.c.obj
                0x08000f66                _fstat
 .text._isatty  0x08000f70        0x4 CMakeFiles/test_dw1000.elf.dir/Core/Src/syscalls.c.obj
                0x08000f70                _isatty
 .text._lseek   0x08000f74        0x4 CMakeFiles/test_dw1000.elf.dir/Core/Src/syscalls.c.obj
                0x08000f74                _lseek
 .text._sbrk    0x08000f78       0x48 CMakeFiles/test_dw1000.elf.dir/Core/Src/sysmem.c.obj
                0x08000f78                _sbrk
 .text.SystemInit
                0x08000fc0        0x2 CMakeFiles/test_dw1000.elf.dir/Core/Src/system_stm32f1xx.c.obj
                0x08000fc0                SystemInit
 *fill*         0x08000fc2        0x2 
 .text.MX_USART1_UART_Init
                0x08000fc4       0x34 CMakeFiles/test_dw1000.elf.dir/Core/Src/usart.c.obj
                0x08000fc4                MX_USART1_UART_Init
 .text.HAL_UART_MspInit
                0x08000ff8       0x8c CMakeFiles/test_dw1000.elf.dir/Core/Src/usart.c.obj
                0x08000ff8                HAL_UART_MspInit
 .text.Reset_Handler
                0x08001084       0x48 CMakeFiles/test_dw1000.elf.dir/Core/Startup/startup_stm32f103c8tx.s.obj
                0x08001084                Reset_Handler
 .text.Default_Handler
                0x080010cc        0x2 CMakeFiles/test_dw1000.elf.dir/Core/Startup/startup_stm32f103c8tx.s.obj
                0x080010cc                RTC_Alarm_IRQHandler
                0x080010cc                EXTI2_IRQHandler
                0x080010cc                TIM1_CC_IRQHandler
                0x080010cc                PVD_IRQHandler
                0x080010cc                EXTI3_IRQHandler
                0x080010cc                I2C2_EV_IRQHandler
                0x080010cc                ADC1_2_IRQHandler
                0x080010cc                SPI1_IRQHandler
                0x080010cc                TAMPER_IRQHandler
                0x080010cc                DMA1_Channel4_IRQHandler
                0x080010cc                USART3_IRQHandler
                0x080010cc                RTC_IRQHandler
                0x080010cc                DMA1_Channel7_IRQHandler
                0x080010cc                CAN1_RX1_IRQHandler
                0x080010cc                TIM4_IRQHandler
                0x080010cc                I2C1_EV_IRQHandler
                0x080010cc                DMA1_Channel6_IRQHandler
                0x080010cc                TIM3_IRQHandler
                0x080010cc                RCC_IRQHandler
                0x080010cc                TIM1_TRG_COM_IRQHandler
                0x080010cc                DMA1_Channel1_IRQHandler
                0x080010cc                Default_Handler
                0x080010cc                EXTI9_5_IRQHandler
                0x080010cc                SPI2_IRQHandler
                0x080010cc                DMA1_Channel5_IRQHandler
                0x080010cc                EXTI4_IRQHandler
                0x080010cc                USB_LP_CAN1_RX0_IRQHandler
                0x080010cc                USB_HP_CAN1_TX_IRQHandler
                0x080010cc                DMA1_Channel3_IRQHandler
                0x080010cc                TIM1_UP_IRQHandler
                0x080010cc                WWDG_IRQHandler
                0x080010cc                TIM2_IRQHandler
                0x080010cc                TIM1_BRK_IRQHandler
                0x080010cc                EXTI1_IRQHandler
                0x080010cc                USART2_IRQHandler
                0x080010cc                I2C2_ER_IRQHandler
                0x080010cc                DMA1_Channel2_IRQHandler
                0x080010cc                CAN1_SCE_IRQHandler
                0x080010cc                FLASH_IRQHandler
                0x080010cc                I2C1_ER_IRQHandler
                0x080010cc                USBWakeUp_IRQHandler
 *fill*         0x080010ce        0x2 
 .text.HAL_InitTick
                0x080010d0       0x4c CMakeFiles/test_dw1000.elf.dir/Drivers/STM32F1xx_HAL_Driver/Src/stm32f1xx_hal.c.obj
                0x080010d0                HAL_InitTick
 .text.HAL_Init
                0x0800111c       0x24 CMakeFiles/test_dw1000.elf.dir/Drivers/STM32F1xx_HAL_Driver/Src/stm32f1xx_hal.c.obj
                0x0800111c                HAL_Init
 .text.HAL_IncTick
                0x08001140       0x18 CMakeFiles/test_dw1000.elf.dir/Drivers/STM32F1xx_HAL_Driver/Src/stm32f1xx_hal.c.obj
                0x08001140                HAL_IncTick
 .text.HAL_GetTick
                0x08001158        0xc CMakeFiles/test_dw1000.elf.dir/Drivers/STM32F1xx_HAL_Driver/Src/stm32f1xx_hal.c.obj
                0x08001158                HAL_GetTick
 .text.HAL_Delay
                0x08001164       0x28 CMakeFiles/test_dw1000.elf.dir/Drivers/STM32F1xx_HAL_Driver/Src/stm32f1xx_hal.c.obj
                0x08001164                HAL_Delay
 .text.__NVIC_DisableIRQ
                0x0800118c       0x24 CMakeFiles/test_dw1000.elf.dir/Drivers/STM32F1xx_HAL_Driver/Src/stm32f1xx_hal_cortex.c.obj
 .text.__NVIC_SetPriority
                0x080011b0       0x28 CMakeFiles/test_dw1000.elf.dir/Drivers/STM32F1xx_HAL_Driver/Src/stm32f1xx_hal_cortex.c.obj
 .text.NVIC_EncodePriority
                0x080011d8       0x3e CMakeFiles/test_dw1000.elf.dir/Drivers/STM32F1xx_HAL_Driver/Src/stm32f1xx_hal_cortex.c.obj
 *fill*         0x08001216        0x2 
 .text.HAL_NVIC_SetPriorityGrouping
                0x08001218       0x3c CMakeFiles/test_dw1000.elf.dir/Drivers/STM32F1xx_HAL_Driver/Src/stm32f1xx_hal_cortex.c.obj
                0x08001218                HAL_NVIC_SetPriorityGrouping
 .text.HAL_NVIC_SetPriority
                0x08001254       0x48 CMakeFiles/test_dw1000.elf.dir/Drivers/STM32F1xx_HAL_Driver/Src/stm32f1xx_hal_cortex.c.obj
                0x08001254                HAL_NVIC_SetPriority
 .text.HAL_NVIC_EnableIRQ
                0x0800129c       0x2c CMakeFiles/test_dw1000.elf.dir/Drivers/STM32F1xx_HAL_Driver/Src/stm32f1xx_hal_cortex.c.obj
                0x0800129c                HAL_NVIC_EnableIRQ
 .text.HAL_NVIC_DisableIRQ
                0x080012c8       0x1c CMakeFiles/test_dw1000.elf.dir/Drivers/STM32F1xx_HAL_Driver/Src/stm32f1xx_hal_cortex.c.obj
                0x080012c8                HAL_NVIC_DisableIRQ
 .text.HAL_SYSTICK_Config
                0x080012e4       0x28 CMakeFiles/test_dw1000.elf.dir/Drivers/STM32F1xx_HAL_Driver/Src/stm32f1xx_hal_cortex.c.obj
                0x080012e4                HAL_SYSTICK_Config
 .text.HAL_DMA_Abort
                0x0800130c       0x44 CMakeFiles/test_dw1000.elf.dir/Drivers/STM32F1xx_HAL_Driver/Src/stm32f1xx_hal_dma.c.obj
                0x0800130c                HAL_DMA_Abort
 .text.HAL_DMA_Abort_IT
                0x08001350       0x98 CMakeFiles/test_dw1000.elf.dir/Drivers/STM32F1xx_HAL_Driver/Src/stm32f1xx_hal_dma.c.obj
                0x08001350                HAL_DMA_Abort_IT
 .text.HAL_GPIO_Init
                0x080013e8      0x354 CMakeFiles/test_dw1000.elf.dir/Drivers/STM32F1xx_HAL_Driver/Src/stm32f1xx_hal_gpio.c.obj
                0x080013e8                HAL_GPIO_Init
 .text.HAL_GPIO_ReadPin
                0x0800173c       0x28 CMakeFiles/test_dw1000.elf.dir/Drivers/STM32F1xx_HAL_Driver/Src/stm32f1xx_hal_gpio.c.obj
                0x0800173c                HAL_GPIO_ReadPin
 .text.HAL_GPIO_WritePin
                0x08001764       0x38 CMakeFiles/test_dw1000.elf.dir/Drivers/STM32F1xx_HAL_Driver/Src/stm32f1xx_hal_gpio.c.obj
                0x08001764                HAL_GPIO_WritePin
 .text.HAL_GPIO_EXTI_IRQHandler
                0x0800179c       0x1c CMakeFiles/test_dw1000.elf.dir/Drivers/STM32F1xx_HAL_Driver/Src/stm32f1xx_hal_gpio.c.obj
                0x0800179c                HAL_GPIO_EXTI_IRQHandler
 .text.RCC_Delay
                0x080017b8       0x2c CMakeFiles/test_dw1000.elf.dir/Drivers/STM32F1xx_HAL_Driver/Src/stm32f1xx_hal_rcc.c.obj
 .text.HAL_RCC_OscConfig
                0x080017e4      0x548 CMakeFiles/test_dw1000.elf.dir/Drivers/STM32F1xx_HAL_Driver/Src/stm32f1xx_hal_rcc.c.obj
                0x080017e4                HAL_RCC_OscConfig
 .text.HAL_RCC_GetSysClockFreq
                0x08001d2c       0x60 CMakeFiles/test_dw1000.elf.dir/Drivers/STM32F1xx_HAL_Driver/Src/stm32f1xx_hal_rcc.c.obj
                0x08001d2c                HAL_RCC_GetSysClockFreq
 .text.HAL_RCC_ClockConfig
                0x08001d8c      0x22c CMakeFiles/test_dw1000.elf.dir/Drivers/STM32F1xx_HAL_Driver/Src/stm32f1xx_hal_rcc.c.obj
                0x08001d8c                HAL_RCC_ClockConfig
 .text.HAL_RCC_GetHCLKFreq
                0x08001fb8        0xc CMakeFiles/test_dw1000.elf.dir/Drivers/STM32F1xx_HAL_Driver/Src/stm32f1xx_hal_rcc.c.obj
                0x08001fb8                HAL_RCC_GetHCLKFreq
 .text.HAL_RCC_GetPCLK1Freq
                0x08001fc4       0x20 CMakeFiles/test_dw1000.elf.dir/Drivers/STM32F1xx_HAL_Driver/Src/stm32f1xx_hal_rcc.c.obj
                0x08001fc4                HAL_RCC_GetPCLK1Freq
 .text.HAL_RCC_GetPCLK2Freq
                0x08001fe4       0x20 CMakeFiles/test_dw1000.elf.dir/Drivers/STM32F1xx_HAL_Driver/Src/stm32f1xx_hal_rcc.c.obj
                0x08001fe4                HAL_RCC_GetPCLK2Freq
 .text.SPI_WaitFlagStateUntilTimeout
                0x08002004       0xc8 CMakeFiles/test_dw1000.elf.dir/Drivers/STM32F1xx_HAL_Driver/Src/stm32f1xx_hal_spi.c.obj
 .text.SPI_EndRxTxTransaction
                0x080020cc       0x44 CMakeFiles/test_dw1000.elf.dir/Drivers/STM32F1xx_HAL_Driver/Src/stm32f1xx_hal_spi.c.obj
 .text.HAL_SPI_Init
                0x08002110      0x248 CMakeFiles/test_dw1000.elf.dir/Drivers/STM32F1xx_HAL_Driver/Src/stm32f1xx_hal_spi.c.obj
                0x08002110                HAL_SPI_Init
 .text.HAL_SPI_Transmit
                0x08002358      0x1e0 CMakeFiles/test_dw1000.elf.dir/Drivers/STM32F1xx_HAL_Driver/Src/stm32f1xx_hal_spi.c.obj
                0x08002358                HAL_SPI_Transmit
 .text.HAL_SPI_GetState
                0x08002538        0x6 CMakeFiles/test_dw1000.elf.dir/Drivers/STM32F1xx_HAL_Driver/Src/stm32f1xx_hal_spi.c.obj
                0x08002538                HAL_SPI_GetState
 .text.UART_EndRxTransfer
                0x0800253e       0x5c CMakeFiles/test_dw1000.elf.dir/Drivers/STM32F1xx_HAL_Driver/Src/stm32f1xx_hal_uart.c.obj
 .text.UART_Transmit_IT
                0x0800259a       0x5e CMakeFiles/test_dw1000.elf.dir/Drivers/STM32F1xx_HAL_Driver/Src/stm32f1xx_hal_uart.c.obj
 .text.UART_SetConfig
                0x080025f8       0xf8 CMakeFiles/test_dw1000.elf.dir/Drivers/STM32F1xx_HAL_Driver/Src/stm32f1xx_hal_uart.c.obj
 .text.UART_WaitOnFlagUntilTimeout
                0x080026f0       0x86 CMakeFiles/test_dw1000.elf.dir/Drivers/STM32F1xx_HAL_Driver/Src/stm32f1xx_hal_uart.c.obj
 *fill*         0x08002776        0x2 
 .text.HAL_UART_Init
                0x08002778       0xec CMakeFiles/test_dw1000.elf.dir/Drivers/STM32F1xx_HAL_Driver/Src/stm32f1xx_hal_uart.c.obj
                0x08002778                HAL_UART_Init
 .text.HAL_UART_Transmit
                0x08002864       0xca CMakeFiles/test_dw1000.elf.dir/Drivers/STM32F1xx_HAL_Driver/Src/stm32f1xx_hal_uart.c.obj
                0x08002864                HAL_UART_Transmit
 .text.HAL_UART_TxCpltCallback
                0x0800292e        0x2 CMakeFiles/test_dw1000.elf.dir/Drivers/STM32F1xx_HAL_Driver/Src/stm32f1xx_hal_uart.c.obj
                0x0800292e                HAL_UART_TxCpltCallback
 .text.UART_EndTransmit_IT
                0x08002930       0x1a CMakeFiles/test_dw1000.elf.dir/Drivers/STM32F1xx_HAL_Driver/Src/stm32f1xx_hal_uart.c.obj
 .text.HAL_UART_RxCpltCallback
                0x0800294a        0x2 CMakeFiles/test_dw1000.elf.dir/Drivers/STM32F1xx_HAL_Driver/Src/stm32f1xx_hal_uart.c.obj
                0x0800294a                HAL_UART_RxCpltCallback
 .text.HAL_UART_ErrorCallback
                0x0800294c        0x2 CMakeFiles/test_dw1000.elf.dir/Drivers/STM32F1xx_HAL_Driver/Src/stm32f1xx_hal_uart.c.obj
                0x0800294c                HAL_UART_ErrorCallback
 .text.UART_DMAAbortOnError
                0x0800294e       0x10 CMakeFiles/test_dw1000.elf.dir/Drivers/STM32F1xx_HAL_Driver/Src/stm32f1xx_hal_uart.c.obj
 .text.HAL_UARTEx_RxEventCallback
                0x0800295e        0x2 CMakeFiles/test_dw1000.elf.dir/Drivers/STM32F1xx_HAL_Driver/Src/stm32f1xx_hal_uart.c.obj
                0x0800295e                HAL_UARTEx_RxEventCallback
 .text.UART_Receive_IT
                0x08002960       0xe4 CMakeFiles/test_dw1000.elf.dir/Drivers/STM32F1xx_HAL_Driver/Src/stm32f1xx_hal_uart.c.obj
 .text.HAL_UART_IRQHandler
                0x08002a44      0x284 CMakeFiles/test_dw1000.elf.dir/Drivers/STM32F1xx_HAL_Driver/Src/stm32f1xx_hal_uart.c.obj
                0x08002a44                HAL_UART_IRQHandler
 .text.HAL_UART_GetState
                0x08002cc8        0xc CMakeFiles/test_dw1000.elf.dir/Drivers/STM32F1xx_HAL_Driver/Src/stm32f1xx_hal_uart.c.obj
                0x08002cc8                HAL_UART_GetState
 .text.dwt_writetodevice
                0x08002cd4       0x46 CMakeFiles/test_dw1000.elf.dir/Drivers/decadriver/deca_device.c.obj
                0x08002cd4                dwt_writetodevice
 .text.dwt_writetxdata
                0x08002d1a       0x20 CMakeFiles/test_dw1000.elf.dir/Drivers/decadriver/deca_device.c.obj
                0x08002d1a                dwt_writetxdata
 .text.dwt_readfromdevice
                0x08002d3a       0x42 CMakeFiles/test_dw1000.elf.dir/Drivers/decadriver/deca_device.c.obj
                0x08002d3a                dwt_readfromdevice
 .text.dwt_readrxdata
                0x08002d7c       0x12 CMakeFiles/test_dw1000.elf.dir/Drivers/decadriver/deca_device.c.obj
                0x08002d7c                dwt_readrxdata
 .text.dwt_readtxtimestamp
                0x08002d8e       0x10 CMakeFiles/test_dw1000.elf.dir/Drivers/decadriver/deca_device.c.obj
                0x08002d8e                dwt_readtxtimestamp
 .text.dwt_readrxtimestamp
                0x08002d9e       0x10 CMakeFiles/test_dw1000.elf.dir/Drivers/decadriver/deca_device.c.obj
                0x08002d9e                dwt_readrxtimestamp
 .text.dwt_read32bitoffsetreg
                0x08002dae       0x30 CMakeFiles/test_dw1000.elf.dir/Drivers/decadriver/deca_device.c.obj
                0x08002dae                dwt_read32bitoffsetreg
 .text.dwt_readdevid
                0x08002dde        0xc CMakeFiles/test_dw1000.elf.dir/Drivers/decadriver/deca_device.c.obj
                0x08002dde                dwt_readdevid
 .text.dwt_read16bitoffsetreg
                0x08002dea       0x24 CMakeFiles/test_dw1000.elf.dir/Drivers/decadriver/deca_device.c.obj
                0x08002dea                dwt_read16bitoffsetreg
 .text.dwt_read8bitoffsetreg
                0x08002e0e       0x1c CMakeFiles/test_dw1000.elf.dir/Drivers/decadriver/deca_device.c.obj
                0x08002e0e                dwt_read8bitoffsetreg
 .text.dwt_write8bitoffsetreg
                0x08002e2a       0x1c CMakeFiles/test_dw1000.elf.dir/Drivers/decadriver/deca_device.c.obj
                0x08002e2a                dwt_write8bitoffsetreg
 .text.dwt_write16bitoffsetreg
                0x08002e46       0x20 CMakeFiles/test_dw1000.elf.dir/Drivers/decadriver/deca_device.c.obj
                0x08002e46                dwt_write16bitoffsetreg
 .text.dwt_setrxantennadelay
                0x08002e66       0x10 CMakeFiles/test_dw1000.elf.dir/Drivers/decadriver/deca_device.c.obj
                0x08002e66                dwt_setrxantennadelay
 .text.dwt_settxantennadelay
                0x08002e76        0xe CMakeFiles/test_dw1000.elf.dir/Drivers/decadriver/deca_device.c.obj
                0x08002e76                dwt_settxantennadelay
 .text.dwt_write32bitoffsetreg
                0x08002e84       0x2c CMakeFiles/test_dw1000.elf.dir/Drivers/decadriver/deca_device.c.obj
                0x08002e84                dwt_write32bitoffsetreg
 .text.dwt_writetxfctrl
                0x08002eb0       0x20 CMakeFiles/test_dw1000.elf.dir/Drivers/decadriver/deca_device.c.obj
                0x08002eb0                dwt_writetxfctrl
 .text._dwt_otpread
                0x08002ed0       0x2a CMakeFiles/test_dw1000.elf.dir/Drivers/decadriver/deca_device.c.obj
                0x08002ed0                _dwt_otpread
 .text._dwt_aonarrayupload
                0x08002efa       0x18 CMakeFiles/test_dw1000.elf.dir/Drivers/decadriver/deca_device.c.obj
                0x08002efa                _dwt_aonarrayupload
 .text._dwt_configlde
                0x08002f12       0x32 CMakeFiles/test_dw1000.elf.dir/Drivers/decadriver/deca_device.c.obj
                0x08002f12                _dwt_configlde
 .text.dwt_configure
                0x08002f44      0x220 CMakeFiles/test_dw1000.elf.dir/Drivers/decadriver/deca_device.c.obj
                0x08002f44                dwt_configure
 .text.dwt_setrxaftertxdelay
                0x08003164       0x22 CMakeFiles/test_dw1000.elf.dir/Drivers/decadriver/deca_device.c.obj
                0x08003164                dwt_setrxaftertxdelay
 *fill*         0x08003186        0x2 
 .text.dwt_setleds
                0x08003188       0x78 CMakeFiles/test_dw1000.elf.dir/Drivers/decadriver/deca_device.c.obj
                0x08003188                dwt_setleds
 .text._dwt_enableclocks
                0x08003200       0xf2 CMakeFiles/test_dw1000.elf.dir/Drivers/decadriver/deca_device.c.obj
                0x08003200                _dwt_enableclocks
 .text._dwt_loaducodefromrom
                0x080032f2       0x22 CMakeFiles/test_dw1000.elf.dir/Drivers/decadriver/deca_device.c.obj
                0x080032f2                _dwt_loaducodefromrom
 .text._dwt_disablesequencing
                0x08003314       0x14 CMakeFiles/test_dw1000.elf.dir/Drivers/decadriver/deca_device.c.obj
                0x08003314                _dwt_disablesequencing
 .text.dwt_setdelayedtrxtime
                0x08003328        0xe CMakeFiles/test_dw1000.elf.dir/Drivers/decadriver/deca_device.c.obj
                0x08003328                dwt_setdelayedtrxtime
 *fill*         0x08003336        0x2 
 .text.dwt_starttx
                0x08003338       0x5c CMakeFiles/test_dw1000.elf.dir/Drivers/decadriver/deca_device.c.obj
                0x08003338                dwt_starttx
 .text.dwt_syncrxbufptrs
                0x08003394       0x22 CMakeFiles/test_dw1000.elf.dir/Drivers/decadriver/deca_device.c.obj
                0x08003394                dwt_syncrxbufptrs
 *fill*         0x080033b6        0x2 
 .text.dwt_forcetrxoff
                0x080033b8       0x58 CMakeFiles/test_dw1000.elf.dir/Drivers/decadriver/deca_device.c.obj
                0x080033b8                dwt_forcetrxoff
 .text.dwt_rxenable
                0x08003410       0x5e CMakeFiles/test_dw1000.elf.dir/Drivers/decadriver/deca_device.c.obj
                0x08003410                dwt_rxenable
 *fill*         0x0800346e        0x2 
 .text.dwt_setrxtimeout
                0x08003470       0x54 CMakeFiles/test_dw1000.elf.dir/Drivers/decadriver/deca_device.c.obj
                0x08003470                dwt_setrxtimeout
 .text.dwt_rxreset
                0x080034c4       0x18 CMakeFiles/test_dw1000.elf.dir/Drivers/decadriver/deca_device.c.obj
                0x080034c4                dwt_rxreset
 .text.dwt_softreset
                0x080034dc       0x48 CMakeFiles/test_dw1000.elf.dir/Drivers/decadriver/deca_device.c.obj
                0x080034dc                dwt_softreset
 .text.dwt_setxtaltrim
                0x08003524       0x14 CMakeFiles/test_dw1000.elf.dir/Drivers/decadriver/deca_device.c.obj
                0x08003524                dwt_setxtaltrim
 .text.dwt_initialise
                0x08003538      0x1b8 CMakeFiles/test_dw1000.elf.dir/Drivers/decadriver/deca_device.c.obj
                0x08003538                dwt_initialise
 .text.decamutexon
                0x080036f0       0x14 CMakeFiles/test_dw1000.elf.dir/Drivers/decadriver/platform/deca_mutex.c.obj
                0x080036f0                decamutexon
 .text.decamutexoff
                0x08003704        0xc CMakeFiles/test_dw1000.elf.dir/Drivers/decadriver/platform/deca_mutex.c.obj
                0x08003704                decamutexoff
 .text.deca_sleep
                0x08003710        0x8 CMakeFiles/test_dw1000.elf.dir/Drivers/decadriver/platform/deca_sleep.c.obj
                0x08003710                deca_sleep
 .text.writetospi
                0x08003718       0x64 CMakeFiles/test_dw1000.elf.dir/Drivers/decadriver/platform/deca_spi.c.obj
                0x08003718                writetospi
 .text.readfromspi
                0x0800377c       0x88 CMakeFiles/test_dw1000.elf.dir/Drivers/decadriver/platform/deca_spi.c.obj
                0x0800377c                readfromspi
 .text.usleep   0x08003804       0x60 CMakeFiles/test_dw1000.elf.dir/Drivers/decadriver/platform/port.c.obj
                0x08003804                usleep
 .text.Sleep    0x08003864       0x16 CMakeFiles/test_dw1000.elf.dir/Drivers/decadriver/platform/port.c.obj
                0x08003864                Sleep
 *fill*         0x0800387a        0x2 
 .text.EXTI_GetITEnStatus
                0x0800387c       0x38 CMakeFiles/test_dw1000.elf.dir/Drivers/decadriver/platform/port.c.obj
                0x0800387c                EXTI_GetITEnStatus
 .text.reset_DW1000
                0x080038b4       0x50 CMakeFiles/test_dw1000.elf.dir/Drivers/decadriver/platform/port.c.obj
                0x080038b4                reset_DW1000
 .text.setup_DW1000RSTnIRQ
                0x08003904       0x7c CMakeFiles/test_dw1000.elf.dir/Drivers/decadriver/platform/port.c.obj
                0x08003904                setup_DW1000RSTnIRQ
 .text.port_set_dw1000_slowrate
                0x08003980       0x18 CMakeFiles/test_dw1000.elf.dir/Drivers/decadriver/platform/port.c.obj
                0x08003980                port_set_dw1000_slowrate
 .text.port_set_dw1000_fastrate
                0x08003998       0x18 CMakeFiles/test_dw1000.elf.dir/Drivers/decadriver/platform/port.c.obj
                0x08003998                port_set_dw1000_fastrate
 .text.HAL_GPIO_EXTI_Callback
                0x080039b0       0x30 CMakeFiles/test_dw1000.elf.dir/Drivers/decadriver/platform/port.c.obj
                0x080039b0                HAL_GPIO_EXTI_Callback
 .text.process_deca_irq
                0x080039e0       0x20 CMakeFiles/test_dw1000.elf.dir/Drivers/decadriver/platform/port.c.obj
                0x080039e0                process_deca_irq
 .text.port_DisableEXT_IRQ
                0x08003a00        0xe CMakeFiles/test_dw1000.elf.dir/Drivers/decadriver/platform/port.c.obj
                0x08003a00                port_DisableEXT_IRQ
 .text.port_EnableEXT_IRQ
                0x08003a0e        0xe CMakeFiles/test_dw1000.elf.dir/Drivers/decadriver/platform/port.c.obj
                0x08003a0e                port_EnableEXT_IRQ
 .text.port_GetEXT_IRQStatus
                0x08003a1c       0x10 CMakeFiles/test_dw1000.elf.dir/Drivers/decadriver/platform/port.c.obj
                0x08003a1c                port_GetEXT_IRQStatus
 .text.port_CheckEXT_IRQ
                0x08003a2c       0x18 CMakeFiles/test_dw1000.elf.dir/Drivers/decadriver/platform/port.c.obj
                0x08003a2c                port_CheckEXT_IRQ
 .text.__NVIC_EnableIRQ
                0x08003a44       0x1c CMakeFiles/test_dw1000.elf.dir/Drivers/decadriver/platform/port.c.obj
 .text.__NVIC_DisableIRQ
                0x08003a60       0x24 CMakeFiles/test_dw1000.elf.dir/Drivers/decadriver/platform/port.c.obj
 .text.get_tx_timestamp_u64
                0x08003a84       0x32 CMakeFiles/test_dw1000.elf.dir/Drivers/dw1000/Src/dw1000.c.obj
                0x08003a84                get_tx_timestamp_u64
 .text.get_rx_timestamp_u64
                0x08003ab6       0x32 CMakeFiles/test_dw1000.elf.dir/Drivers/dw1000/Src/dw1000.c.obj
                0x08003ab6                get_rx_timestamp_u64
 .text.initialise_dw1000
                0x08003ae8       0x2c CMakeFiles/test_dw1000.elf.dir/Drivers/dw1000/Src/dw1000.c.obj
                0x08003ae8                initialise_dw1000
 .text.configure_dw1000
                0x08003b14       0x18 CMakeFiles/test_dw1000.elf.dir/Drivers/dw1000/Src/dw1000.c.obj
                0x08003b14                configure_dw1000
 .text.uwb_receive_data
                0x08003b2c       0xc4 CMakeFiles/test_dw1000.elf.dir/Drivers/dw1000/Src/dw1000.c.obj
                0x08003b2c                uwb_receive_data
 .text.uwb_transmit_data
                0x08003bf0       0x88 CMakeFiles/test_dw1000.elf.dir/Drivers/dw1000/Src/dw1000.c.obj
                0x08003bf0                uwb_transmit_data
 .text.poll_frame_parser
                0x08003c78       0xa4 CMakeFiles/test_dw1000.elf.dir/Drivers/dw1000/Src/frame.c.obj
                0x08003c78                poll_frame_parser
 .text.final_frame_parser
                0x08003d1c       0xbc CMakeFiles/test_dw1000.elf.dir/Drivers/dw1000/Src/frame.c.obj
                0x08003d1c                final_frame_parser
 .text.response_frame_builder
                0x08003dd8       0x70 CMakeFiles/test_dw1000.elf.dir/Drivers/dw1000/Src/frame.c.obj
                0x08003dd8                response_frame_builder
 .text.anchor_loop
                0x08003e48      0x26c CMakeFiles/test_dw1000.elf.dir/Drivers/dw1000/Src/fsm.c.obj
                0x08003e48                anchor_loop
 .text.lwshell_init_ex
                0x080040b4       0x18 CMakeFiles/test_dw1000.elf.dir/Drivers/terminal/lwshell.c.obj
                0x080040b4                lwshell_init_ex
 .text.lwshell_set_output_fn_ex
                0x080040cc       0x14 CMakeFiles/test_dw1000.elf.dir/Drivers/terminal/lwshell.c.obj
                0x080040cc                lwshell_set_output_fn_ex
 .text.lwshell_register_cmd_ex
                0x080040e0       0x50 CMakeFiles/test_dw1000.elf.dir/Drivers/terminal/lwshell.c.obj
                0x080040e0                lwshell_register_cmd_ex
 .text.terminal_print
                0x08004130       0x48 CMakeFiles/test_dw1000.elf.dir/Drivers/terminal/platform/terminal.c.obj
                0x08004130                terminal_print
 .text.terminal_function_output
                0x08004178       0x12 CMakeFiles/test_dw1000.elf.dir/Drivers/terminal/platform/terminal.c.obj
                0x08004178                terminal_function_output
 *fill*         0x0800418a        0x2 
 .text.terminal_echo
                0x0800418c       0x38 CMakeFiles/test_dw1000.elf.dir/Drivers/terminal/platform/terminal.c.obj
                0x0800418c                terminal_echo
 .text.terminal_clear
                0x080041c4       0x20 CMakeFiles/test_dw1000.elf.dir/Drivers/terminal/platform/terminal.c.obj
                0x080041c4                terminal_clear
 .text.terminal_test
                0x080041e4       0x14 CMakeFiles/test_dw1000.elf.dir/Drivers/terminal/platform/terminal.c.obj
                0x080041e4                terminal_test
 .text.terminal_settings_init
                0x080041f8        0xc CMakeFiles/test_dw1000.elf.dir/Drivers/terminal/platform/terminal.c.obj
                0x080041f8                terminal_settings_init
 .text.terminal_init
                0x08004204       0x64 CMakeFiles/test_dw1000.elf.dir/Drivers/terminal/platform/terminal.c.obj
                0x08004204                terminal_init
 .text.bytes_to_uint16
                0x08004268       0x1e CMakeFiles/test_dw1000.elf.dir/Drivers/utils.c.obj
                0x08004268                bytes_to_uint16
 .text.bytes_to_uint64
                0x08004286       0x28 CMakeFiles/test_dw1000.elf.dir/Drivers/utils.c.obj
                0x08004286                bytes_to_uint64
 .text.uint16_to_bytes
                0x080042ae       0x1e CMakeFiles/test_dw1000.elf.dir/Drivers/utils.c.obj
                0x080042ae                uint16_to_bytes
 .text.uint64_to_bytes
                0x080042cc       0x3e CMakeFiles/test_dw1000.elf.dir/Drivers/utils.c.obj
                0x080042cc                uint64_to_bytes
 .text.swap_endian16
                0x0800430a        0xa CMakeFiles/test_dw1000.elf.dir/Drivers/utils.c.obj
                0x0800430a                swap_endian16
 .text.crc16_kermit
                0x08004314       0x40 CMakeFiles/test_dw1000.elf.dir/Drivers/utils.c.obj
                0x08004314                crc16_kermit
 .text.__fixdfdi
                0x08004354       0x30 C:/PROGRA~2/ARMGNU~1/14EFD8~1.2RE/bin/../lib/gcc/arm-none-eabi/14.2.1/thumb/v7-m/nofp\libgcc.a(_fixdfdi.o)
                0x08004354                __fixdfdi
                0x08004354                __aeabi_d2lz
 .text.__fixunsdfdi
                0x08004384       0x3c C:/PROGRA~2/ARMGNU~1/14EFD8~1.2RE/bin/../lib/gcc/arm-none-eabi/14.2.1/thumb/v7-m/nofp\libgcc.a(_fixunsdfdi.o)
                0x08004384                __fixunsdfdi
                0x08004384                __aeabi_d2ulz
 .text.stdio_exit_handler
                0x080043c0       0x18 C:/PROGRA~2/ARMGNU~1/14EFD8~1.2RE/bin/../lib/gcc/arm-none-eabi/14.2.1/thumb/v7-m/nofp\libg.a(libc_a-findfp.o)
 .text.cleanup_stdio
                0x080043d8       0x40 C:/PROGRA~2/ARMGNU~1/14EFD8~1.2RE/bin/../lib/gcc/arm-none-eabi/14.2.1/thumb/v7-m/nofp\libg.a(libc_a-findfp.o)
 .text.global_stdio_init.part.0
                0x08004418       0xf0 C:/PROGRA~2/ARMGNU~1/14EFD8~1.2RE/bin/../lib/gcc/arm-none-eabi/14.2.1/thumb/v7-m/nofp\libg.a(libc_a-findfp.o)
 .text.__sinit  0x08004508       0x3c C:/PROGRA~2/ARMGNU~1/14EFD8~1.2RE/bin/../lib/gcc/arm-none-eabi/14.2.1/thumb/v7-m/nofp\libg.a(libc_a-findfp.o)
                0x08004508                __sinit
 .text.__sfp_lock_acquire
                0x08004544        0xc C:/PROGRA~2/ARMGNU~1/14EFD8~1.2RE/bin/../lib/gcc/arm-none-eabi/14.2.1/thumb/v7-m/nofp\libg.a(libc_a-findfp.o)
                0x08004544                __sfp_lock_acquire
 .text.__sfp_lock_release
                0x08004550        0xc C:/PROGRA~2/ARMGNU~1/14EFD8~1.2RE/bin/../lib/gcc/arm-none-eabi/14.2.1/thumb/v7-m/nofp\libg.a(libc_a-findfp.o)
                0x08004550                __sfp_lock_release
 .text._fwalk_sglue
                0x0800455c       0x44 C:/PROGRA~2/ARMGNU~1/14EFD8~1.2RE/bin/../lib/gcc/arm-none-eabi/14.2.1/thumb/v7-m/nofp\libg.a(libc_a-fwalk.o)
                0x0800455c                _fwalk_sglue
 .text.sprintf  0x080045a0       0x44 C:/PROGRA~2/ARMGNU~1/14EFD8~1.2RE/bin/../lib/gcc/arm-none-eabi/14.2.1/thumb/v7-m/nofp\libg.a(libc_a-sprintf.o)
                0x080045a0                sprintf
 .text.__sread  0x080045e4       0x24 C:/PROGRA~2/ARMGNU~1/14EFD8~1.2RE/bin/../lib/gcc/arm-none-eabi/14.2.1/thumb/v7-m/nofp\libg.a(libc_a-stdio.o)
                0x080045e4                __sread
 .text.__swrite
                0x08004608       0x40 C:/PROGRA~2/ARMGNU~1/14EFD8~1.2RE/bin/../lib/gcc/arm-none-eabi/14.2.1/thumb/v7-m/nofp\libg.a(libc_a-stdio.o)
                0x08004608                __swrite
 .text.__sseek  0x08004648       0x24 C:/PROGRA~2/ARMGNU~1/14EFD8~1.2RE/bin/../lib/gcc/arm-none-eabi/14.2.1/thumb/v7-m/nofp\libg.a(libc_a-stdio.o)
                0x08004648                __sseek
 .text.__sclose
                0x0800466c        0x8 C:/PROGRA~2/ARMGNU~1/14EFD8~1.2RE/bin/../lib/gcc/arm-none-eabi/14.2.1/thumb/v7-m/nofp\libg.a(libc_a-stdio.o)
                0x0800466c                __sclose
 .text.memset   0x08004674       0x9c C:/PROGRA~2/ARMGNU~1/14EFD8~1.2RE/bin/../lib/gcc/arm-none-eabi/14.2.1/thumb/v7-m/nofp\libg.a(libc_a-memset.o)
                0x08004674                memset
 .text._close_r
                0x08004710       0x24 C:/PROGRA~2/ARMGNU~1/14EFD8~1.2RE/bin/../lib/gcc/arm-none-eabi/14.2.1/thumb/v7-m/nofp\libg.a(libc_a-closer.o)
                0x08004710                _close_r
 .text._lseek_r
                0x08004734       0x2c C:/PROGRA~2/ARMGNU~1/14EFD8~1.2RE/bin/../lib/gcc/arm-none-eabi/14.2.1/thumb/v7-m/nofp\libg.a(libc_a-lseekr.o)
                0x08004734                _lseek_r
 .text._read_r  0x08004760       0x2c C:/PROGRA~2/ARMGNU~1/14EFD8~1.2RE/bin/../lib/gcc/arm-none-eabi/14.2.1/thumb/v7-m/nofp\libg.a(libc_a-readr.o)
                0x08004760                _read_r
 .text._write_r
                0x0800478c       0x2c C:/PROGRA~2/ARMGNU~1/14EFD8~1.2RE/bin/../lib/gcc/arm-none-eabi/14.2.1/thumb/v7-m/nofp\libg.a(libc_a-writer.o)
                0x0800478c                _write_r
 .text.__errno  0x080047b8        0xc C:/PROGRA~2/ARMGNU~1/14EFD8~1.2RE/bin/../lib/gcc/arm-none-eabi/14.2.1/thumb/v7-m/nofp\libg.a(libc_a-errno.o)
                0x080047b8                __errno
 .text.__libc_init_array
                0x080047c4       0x50 C:/PROGRA~2/ARMGNU~1/14EFD8~1.2RE/bin/../lib/gcc/arm-none-eabi/14.2.1/thumb/v7-m/nofp\libg.a(libc_a-init.o)
                0x080047c4                __libc_init_array
 .text.__retarget_lock_init_recursive
                0x08004814        0x4 C:/PROGRA~2/ARMGNU~1/14EFD8~1.2RE/bin/../lib/gcc/arm-none-eabi/14.2.1/thumb/v7-m/nofp\libg.a(libc_a-lock.o)
                0x08004814                __retarget_lock_init_recursive
 .text.__retarget_lock_close_recursive
                0x08004818        0x4 C:/PROGRA~2/ARMGNU~1/14EFD8~1.2RE/bin/../lib/gcc/arm-none-eabi/14.2.1/thumb/v7-m/nofp\libg.a(libc_a-lock.o)
                0x08004818                __retarget_lock_close_recursive
 .text.__retarget_lock_acquire_recursive
                0x0800481c        0x4 C:/PROGRA~2/ARMGNU~1/14EFD8~1.2RE/bin/../lib/gcc/arm-none-eabi/14.2.1/thumb/v7-m/nofp\libg.a(libc_a-lock.o)
                0x0800481c                __retarget_lock_acquire_recursive
 .text.__retarget_lock_release_recursive
                0x08004820        0x4 C:/PROGRA~2/ARMGNU~1/14EFD8~1.2RE/bin/../lib/gcc/arm-none-eabi/14.2.1/thumb/v7-m/nofp\libg.a(libc_a-lock.o)
                0x08004820                __retarget_lock_release_recursive
 .text.strlen   0x08004824       0x5c C:/PROGRA~2/ARMGNU~1/14EFD8~1.2RE/bin/../lib/gcc/arm-none-eabi/14.2.1/thumb/v7-m/nofp\libg.a(libc_a-strlen-stub.o)
                0x08004824                strlen
 .text.startup.register_fini
                0x08004880       0x14 C:/PROGRA~2/ARMGNU~1/14EFD8~1.2RE/bin/../lib/gcc/arm-none-eabi/14.2.1/thumb/v7-m/nofp\libg.a(libc_a-__call_atexit.o)
 .text.atexit   0x08004894        0xc C:/PROGRA~2/ARMGNU~1/14EFD8~1.2RE/bin/../lib/gcc/arm-none-eabi/14.2.1/thumb/v7-m/nofp\libg.a(libc_a-atexit.o)
                0x08004894                atexit
 .text._malloc_trim_r
                0x080048a0       0xb8 C:/PROGRA~2/ARMGNU~1/14EFD8~1.2RE/bin/../lib/gcc/arm-none-eabi/14.2.1/thumb/v7-m/nofp\libg.a(libc_a-freer.o)
                0x080048a0                _malloc_trim_r
 .text._free_r  0x08004958      0x1e8 C:/PROGRA~2/ARMGNU~1/14EFD8~1.2RE/bin/../lib/gcc/arm-none-eabi/14.2.1/thumb/v7-m/nofp\libg.a(libc_a-freer.o)
                0x08004958                _free_r
 .text._malloc_r
                0x08004b40      0x57c C:/PROGRA~2/ARMGNU~1/14EFD8~1.2RE/bin/../lib/gcc/arm-none-eabi/14.2.1/thumb/v7-m/nofp\libg.a(libc_a-mallocr.o)
                0x08004b40                _malloc_r
 .text.__malloc_lock
                0x080050bc        0xc C:/PROGRA~2/ARMGNU~1/14EFD8~1.2RE/bin/../lib/gcc/arm-none-eabi/14.2.1/thumb/v7-m/nofp\libg.a(libc_a-mlock.o)
                0x080050bc                __malloc_lock
 .text.__malloc_unlock
                0x080050c8        0xc C:/PROGRA~2/ARMGNU~1/14EFD8~1.2RE/bin/../lib/gcc/arm-none-eabi/14.2.1/thumb/v7-m/nofp\libg.a(libc_a-mlock.o)
                0x080050c8                __malloc_unlock
 .text._svfprintf_r
                0x080050d4     0x2250 C:/PROGRA~2/ARMGNU~1/14EFD8~1.2RE/bin/../lib/gcc/arm-none-eabi/14.2.1/thumb/v7-m/nofp\libg.a(libc_a-svfprintf.o)
                0x080050d4                _svfprintf_r
 .text.__ssprint_r
                0x08007324       0x58 C:/PROGRA~2/ARMGNU~1/14EFD8~1.2RE/bin/../lib/gcc/arm-none-eabi/14.2.1/thumb/v7-m/nofp\libg.a(libc_a-ssprint_r.o)
                0x08007324                __ssprint_r
 .text._fclose_r
                0x0800737c       0xc0 C:/PROGRA~2/ARMGNU~1/14EFD8~1.2RE/bin/../lib/gcc/arm-none-eabi/14.2.1/thumb/v7-m/nofp\libg.a(libc_a-fclose.o)
                0x0800737c                _fclose_r
 .text.__sflush_r
                0x0800743c      0x124 C:/PROGRA~2/ARMGNU~1/14EFD8~1.2RE/bin/../lib/gcc/arm-none-eabi/14.2.1/thumb/v7-m/nofp\libg.a(libc_a-fflush.o)
                0x0800743c                __sflush_r
 .text._fflush_r
                0x08007560       0x54 C:/PROGRA~2/ARMGNU~1/14EFD8~1.2RE/bin/../lib/gcc/arm-none-eabi/14.2.1/thumb/v7-m/nofp\libg.a(libc_a-fflush.o)
                0x08007560                _fflush_r
 .text.strncpy  0x080075b4       0x6c C:/PROGRA~2/ARMGNU~1/14EFD8~1.2RE/bin/../lib/gcc/arm-none-eabi/14.2.1/thumb/v7-m/nofp\libg.a(libc_a-strncpy.o)
                0x080075b4                strncpy
 .text.__locale_mb_cur_max
                0x08007620        0xc C:/PROGRA~2/ARMGNU~1/14EFD8~1.2RE/bin/../lib/gcc/arm-none-eabi/14.2.1/thumb/v7-m/nofp\libg.a(libc_a-locale.o)
                0x08007620                __locale_mb_cur_max
 .text._localeconv_r
                0x0800762c        0x8 C:/PROGRA~2/ARMGNU~1/14EFD8~1.2RE/bin/../lib/gcc/arm-none-eabi/14.2.1/thumb/v7-m/nofp\libg.a(libc_a-localeconv.o)
                0x0800762c                _localeconv_r
 .text._sbrk_r  0x08007634       0x24 C:/PROGRA~2/ARMGNU~1/14EFD8~1.2RE/bin/../lib/gcc/arm-none-eabi/14.2.1/thumb/v7-m/nofp\libg.a(libc_a-sbrkr.o)
                0x08007634                _sbrk_r
 .text.__libc_fini_array
                0x08007658       0x28 C:/PROGRA~2/ARMGNU~1/14EFD8~1.2RE/bin/../lib/gcc/arm-none-eabi/14.2.1/thumb/v7-m/nofp\libg.a(libc_a-fini.o)
                0x08007658                __libc_fini_array
 .text.sysconf  0x08007680       0x1c C:/PROGRA~2/ARMGNU~1/14EFD8~1.2RE/bin/../lib/gcc/arm-none-eabi/14.2.1/thumb/v7-m/nofp\libg.a(libc_a-sysconf.o)
                0x08007680                sysconf
 .text.memchr   0x0800769c       0x80 C:/PROGRA~2/ARMGNU~1/14EFD8~1.2RE/bin/../lib/gcc/arm-none-eabi/14.2.1/thumb/v7-m/nofp\libg.a(libc_a-memchr-stub.o)
                0x0800769c                memchr
 .text.frexp    0x0800771c       0x6c C:/PROGRA~2/ARMGNU~1/14EFD8~1.2RE/bin/../lib/gcc/arm-none-eabi/14.2.1/thumb/v7-m/nofp\libg.a(libm_a-s_frexp.o)
                0x0800771c                frexp
 .text.__register_exitproc
                0x08007788       0x80 C:/PROGRA~2/ARMGNU~1/14EFD8~1.2RE/bin/../lib/gcc/arm-none-eabi/14.2.1/thumb/v7-m/nofp\libg.a(libc_a-__atexit.o)
                0x08007788                __register_exitproc
 .text.quorem   0x08007808      0x13c C:/PROGRA~2/ARMGNU~1/14EFD8~1.2RE/bin/../lib/gcc/arm-none-eabi/14.2.1/thumb/v7-m/nofp\libg.a(libc_a-dtoa.o)
 *fill*         0x08007944        0x4 
 .text._dtoa_r  0x08007948     0x1030 C:/PROGRA~2/ARMGNU~1/14EFD8~1.2RE/bin/../lib/gcc/arm-none-eabi/14.2.1/thumb/v7-m/nofp\libg.a(libc_a-dtoa.o)
                0x08007948                _dtoa_r
 .text.__ascii_mbtowc
                0x08008978       0x2c C:/PROGRA~2/ARMGNU~1/14EFD8~1.2RE/bin/../lib/gcc/arm-none-eabi/14.2.1/thumb/v7-m/nofp\libg.a(libc_a-mbtowc_r.o)
                0x08008978                __ascii_mbtowc
 .text._Balloc  0x080089a4       0x4c C:/PROGRA~2/ARMGNU~1/14EFD8~1.2RE/bin/../lib/gcc/arm-none-eabi/14.2.1/thumb/v7-m/nofp\libg.a(libc_a-mprec.o)
                0x080089a4                _Balloc
 .text._Bfree   0x080089f0       0x14 C:/PROGRA~2/ARMGNU~1/14EFD8~1.2RE/bin/../lib/gcc/arm-none-eabi/14.2.1/thumb/v7-m/nofp\libg.a(libc_a-mprec.o)
                0x080089f0                _Bfree
 .text.__multadd
                0x08008a04       0xa4 C:/PROGRA~2/ARMGNU~1/14EFD8~1.2RE/bin/../lib/gcc/arm-none-eabi/14.2.1/thumb/v7-m/nofp\libg.a(libc_a-mprec.o)
                0x08008a04                __multadd
 .text.__hi0bits
                0x08008aa8       0x54 C:/PROGRA~2/ARMGNU~1/14EFD8~1.2RE/bin/../lib/gcc/arm-none-eabi/14.2.1/thumb/v7-m/nofp\libg.a(libc_a-mprec.o)
                0x08008aa8                __hi0bits
 .text.__lo0bits
                0x08008afc       0x7c C:/PROGRA~2/ARMGNU~1/14EFD8~1.2RE/bin/../lib/gcc/arm-none-eabi/14.2.1/thumb/v7-m/nofp\libg.a(libc_a-mprec.o)
                0x08008afc                __lo0bits
 .text.__i2b    0x08008b78       0x5c C:/PROGRA~2/ARMGNU~1/14EFD8~1.2RE/bin/../lib/gcc/arm-none-eabi/14.2.1/thumb/v7-m/nofp\libg.a(libc_a-mprec.o)
                0x08008b78                __i2b
 .text.__multiply
                0x08008bd4      0x168 C:/PROGRA~2/ARMGNU~1/14EFD8~1.2RE/bin/../lib/gcc/arm-none-eabi/14.2.1/thumb/v7-m/nofp\libg.a(libc_a-mprec.o)
                0x08008bd4                __multiply
 .text.__pow5mult
                0x08008d3c       0xc0 C:/PROGRA~2/ARMGNU~1/14EFD8~1.2RE/bin/../lib/gcc/arm-none-eabi/14.2.1/thumb/v7-m/nofp\libg.a(libc_a-mprec.o)
                0x08008d3c                __pow5mult
 .text.__lshift
                0x08008dfc       0xe8 C:/PROGRA~2/ARMGNU~1/14EFD8~1.2RE/bin/../lib/gcc/arm-none-eabi/14.2.1/thumb/v7-m/nofp\libg.a(libc_a-mprec.o)
                0x08008dfc                __lshift
 .text.__mcmp   0x08008ee4       0x40 C:/PROGRA~2/ARMGNU~1/14EFD8~1.2RE/bin/../lib/gcc/arm-none-eabi/14.2.1/thumb/v7-m/nofp\libg.a(libc_a-mprec.o)
                0x08008ee4                __mcmp
 .text.__mdiff  0x08008f24      0x164 C:/PROGRA~2/ARMGNU~1/14EFD8~1.2RE/bin/../lib/gcc/arm-none-eabi/14.2.1/thumb/v7-m/nofp\libg.a(libc_a-mprec.o)
                0x08008f24                __mdiff
 .text.__d2b    0x08009088       0xb8 C:/PROGRA~2/ARMGNU~1/14EFD8~1.2RE/bin/../lib/gcc/arm-none-eabi/14.2.1/thumb/v7-m/nofp\libg.a(libc_a-mprec.o)
                0x08009088                __d2b
 .text.__ascii_wctomb
                0x08009140       0x1c C:/PROGRA~2/ARMGNU~1/14EFD8~1.2RE/bin/../lib/gcc/arm-none-eabi/14.2.1/thumb/v7-m/nofp\libg.a(libc_a-wctomb_r.o)
                0x08009140                __ascii_wctomb
 .text._wcrtomb_r
                0x0800915c       0x4c C:/PROGRA~2/ARMGNU~1/14EFD8~1.2RE/bin/../lib/gcc/arm-none-eabi/14.2.1/thumb/v7-m/nofp\libg.a(libc_a-wcrtomb.o)
                0x0800915c                _wcrtomb_r
 .text._wcsrtombs_r
                0x080091a8       0x18 C:/PROGRA~2/ARMGNU~1/14EFD8~1.2RE/bin/../lib/gcc/arm-none-eabi/14.2.1/thumb/v7-m/nofp\libg.a(libc_a-wcsrtombs.o)
                0x080091a8                _wcsrtombs_r
 .text.__ssputs_r
                0x080091c0       0xc0 C:/PROGRA~2/ARMGNU~1/14EFD8~1.2RE/bin/../lib/gcc/arm-none-eabi/14.2.1/thumb/v7-m/nofp\libg.a(libc_a-ssputs_r.o)
                0x080091c0                __ssputs_r
 .text.memmove  0x08009280       0xfc C:/PROGRA~2/ARMGNU~1/14EFD8~1.2RE/bin/../lib/gcc/arm-none-eabi/14.2.1/thumb/v7-m/nofp\libg.a(libc_a-memmove.o)
                0x08009280                memmove
 .text.__assert_func
                0x0800937c       0x40 C:/PROGRA~2/ARMGNU~1/14EFD8~1.2RE/bin/../lib/gcc/arm-none-eabi/14.2.1/thumb/v7-m/nofp\libg.a(libc_a-assert.o)
                0x0800937c                __assert_func
 .text._calloc_r
                0x080093bc       0x6c C:/PROGRA~2/ARMGNU~1/14EFD8~1.2RE/bin/../lib/gcc/arm-none-eabi/14.2.1/thumb/v7-m/nofp\libg.a(libc_a-callocr.o)
                0x080093bc                _calloc_r
 .text._realloc_r
                0x08009428      0x350 C:/PROGRA~2/ARMGNU~1/14EFD8~1.2RE/bin/../lib/gcc/arm-none-eabi/14.2.1/thumb/v7-m/nofp\libg.a(libc_a-reallocr.o)
                0x08009428                _realloc_r
 .text._wcsnrtombs_l
                0x08009778       0xf0 C:/PROGRA~2/ARMGNU~1/14EFD8~1.2RE/bin/../lib/gcc/arm-none-eabi/14.2.1/thumb/v7-m/nofp\libg.a(libc_a-wcsnrtombs.o)
                0x08009778                _wcsnrtombs_l
 .text._wcsnrtombs_r
                0x08009868       0x24 C:/PROGRA~2/ARMGNU~1/14EFD8~1.2RE/bin/../lib/gcc/arm-none-eabi/14.2.1/thumb/v7-m/nofp\libg.a(libc_a-wcsnrtombs.o)
                0x08009868                _wcsnrtombs_r
 .text.fiprintf
                0x0800988c       0x28 C:/PROGRA~2/ARMGNU~1/14EFD8~1.2RE/bin/../lib/gcc/arm-none-eabi/14.2.1/thumb/v7-m/nofp\libg.a(libc_a-fiprintf.o)
                0x0800988c                fiprintf
 .text._vfiprintf_r
                0x080098b4     0x1238 C:/PROGRA~2/ARMGNU~1/14EFD8~1.2RE/bin/../lib/gcc/arm-none-eabi/14.2.1/thumb/v7-m/nofp\libg.a(libc_a-vfiprintf.o)
                0x080098b4                _vfiprintf_r
 .text.__sbprintf
                0x0800aaec       0x84 C:/PROGRA~2/ARMGNU~1/14EFD8~1.2RE/bin/../lib/gcc/arm-none-eabi/14.2.1/thumb/v7-m/nofp\libg.a(libc_a-vfiprintf.o)
 .text.__sprint_r
                0x0800ab70       0x20 C:/PROGRA~2/ARMGNU~1/14EFD8~1.2RE/bin/../lib/gcc/arm-none-eabi/14.2.1/thumb/v7-m/nofp\libg.a(libc_a-sprint_r.o)
                0x0800ab70                __sprint_r
 .text.__sfvwrite_r
                0x0800ab90      0x2d8 C:/PROGRA~2/ARMGNU~1/14EFD8~1.2RE/bin/../lib/gcc/arm-none-eabi/14.2.1/thumb/v7-m/nofp\libg.a(libc_a-fvwrite.o)
                0x0800ab90                __sfvwrite_r
 .text.__swsetup_r
                0x0800ae68       0xfc C:/PROGRA~2/ARMGNU~1/14EFD8~1.2RE/bin/../lib/gcc/arm-none-eabi/14.2.1/thumb/v7-m/nofp\libg.a(libc_a-wsetup.o)
                0x0800ae68                __swsetup_r
 .text.abort    0x0800af64       0x10 C:/PROGRA~2/ARMGNU~1/14EFD8~1.2RE/bin/../lib/gcc/arm-none-eabi/14.2.1/thumb/v7-m/nofp\libg.a(libc_a-abort.o)
                0x0800af64                abort
 .text.__smakebuf_r
                0x0800af74       0xd0 C:/PROGRA~2/ARMGNU~1/14EFD8~1.2RE/bin/../lib/gcc/arm-none-eabi/14.2.1/thumb/v7-m/nofp\libg.a(libc_a-makebuf.o)
                0x0800af74                __smakebuf_r
 .text.raise    0x0800b044       0x58 C:/PROGRA~2/ARMGNU~1/14EFD8~1.2RE/bin/../lib/gcc/arm-none-eabi/14.2.1/thumb/v7-m/nofp\libg.a(libc_a-signal.o)
                0x0800b044                raise
 .text._fstat_r
                0x0800b09c       0x28 C:/PROGRA~2/ARMGNU~1/14EFD8~1.2RE/bin/../lib/gcc/arm-none-eabi/14.2.1/thumb/v7-m/nofp\libg.a(libc_a-fstatr.o)
                0x0800b09c                _fstat_r
 .text._isatty_r
                0x0800b0c4       0x24 C:/PROGRA~2/ARMGNU~1/14EFD8~1.2RE/bin/../lib/gcc/arm-none-eabi/14.2.1/thumb/v7-m/nofp\libg.a(libc_a-isattyr.o)
                0x0800b0c4                _isatty_r
 .text._kill_r  0x0800b0e8       0x28 C:/PROGRA~2/ARMGNU~1/14EFD8~1.2RE/bin/../lib/gcc/arm-none-eabi/14.2.1/thumb/v7-m/nofp\libg.a(libc_a-signalr.o)
                0x0800b0e8                _kill_r
 .text._getpid_r
                0x0800b110        0x4 C:/PROGRA~2/ARMGNU~1/14EFD8~1.2RE/bin/../lib/gcc/arm-none-eabi/14.2.1/thumb/v7-m/nofp\libg.a(libc_a-signalr.o)
                0x0800b110                _getpid_r
 *(.glue_7)
 .glue_7        0x0800b114        0x0 linker stubs
 *(.glue_7t)
 .glue_7t       0x0800b114        0x0 linker stubs
 *(.eh_frame)
 .eh_frame      0x0800b114        0x0 C:/PROGRA~2/ARMGNU~1/14EFD8~1.2RE/bin/../lib/gcc/arm-none-eabi/14.2.1/thumb/v7-m/nofp/crtbegin.o
 *(.init)
 .init          0x0800b114        0x4 C:/PROGRA~2/ARMGNU~1/14EFD8~1.2RE/bin/../lib/gcc/arm-none-eabi/14.2.1/thumb/v7-m/nofp/crti.o
                0x0800b114                _init
 .init          0x0800b118        0x8 C:/PROGRA~2/ARMGNU~1/14EFD8~1.2RE/bin/../lib/gcc/arm-none-eabi/14.2.1/thumb/v7-m/nofp/crtn.o
 *(.fini)
 .fini          0x0800b120        0x4 C:/PROGRA~2/ARMGNU~1/14EFD8~1.2RE/bin/../lib/gcc/arm-none-eabi/14.2.1/thumb/v7-m/nofp/crti.o
                0x0800b120                _fini
 .fini          0x0800b124        0x8 C:/PROGRA~2/ARMGNU~1/14EFD8~1.2RE/bin/../lib/gcc/arm-none-eabi/14.2.1/thumb/v7-m/nofp/crtn.o
                0x0800b12c                        . = ALIGN (0x4)
                0x0800b12c                        _etext = .

.vfp11_veneer   0x0800b12c        0x0
 .vfp11_veneer  0x0800b12c        0x0 linker stubs

.v4_bx          0x0800b12c        0x0
 .v4_bx         0x0800b12c        0x0 linker stubs

.iplt           0x0800b12c        0x0
 .iplt          0x0800b12c        0x0 C:/PROGRA~2/ARMGNU~1/14EFD8~1.2RE/bin/../lib/gcc/arm-none-eabi/14.2.1/thumb/v7-m/nofp/crtbegin.o

.rodata         0x0800b130      0x8c4
                0x0800b130                        . = ALIGN (0x4)
 *(.rodata)
 *(.rodata*)
 .rodata.assert_failed.str1.4
                0x0800b130      0x59f CMakeFiles/test_dw1000.elf.dir/Core/Src/main.c.obj
                                 0x2d (size before relaxing)
 *fill*         0x0800b6cf        0x1 
 .rodata.APBPrescTable
                0x0800b6d0        0x8 CMakeFiles/test_dw1000.elf.dir/Core/Src/system_stm32f1xx.c.obj
                0x0800b6d0                APBPrescTable
 .rodata.AHBPrescTable
                0x0800b6d8       0x10 CMakeFiles/test_dw1000.elf.dir/Core/Src/system_stm32f1xx.c.obj
                0x0800b6d8                AHBPrescTable
 .rodata.HAL_NVIC_SetPriorityGrouping.str1.4
                0x0800b6e8       0x73 CMakeFiles/test_dw1000.elf.dir/Drivers/STM32F1xx_HAL_Driver/Src/stm32f1xx_hal_cortex.c.obj
 .rodata.HAL_GPIO_Init.str1.4
                0x0800b6e8       0x71 CMakeFiles/test_dw1000.elf.dir/Drivers/STM32F1xx_HAL_Driver/Src/stm32f1xx_hal_gpio.c.obj
 .rodata.HAL_RCC_OscConfig.str1.4
                0x0800b6e8       0x70 CMakeFiles/test_dw1000.elf.dir/Drivers/STM32F1xx_HAL_Driver/Src/stm32f1xx_hal_rcc.c.obj
 .rodata.aPredivFactorTable.0
                0x0800b6e8        0x2 CMakeFiles/test_dw1000.elf.dir/Drivers/STM32F1xx_HAL_Driver/Src/stm32f1xx_hal_rcc.c.obj
 *fill*         0x0800b6ea        0x2 
 .rodata.aPLLMULFactorTable.1
                0x0800b6ec       0x10 CMakeFiles/test_dw1000.elf.dir/Drivers/STM32F1xx_HAL_Driver/Src/stm32f1xx_hal_rcc.c.obj
 .rodata.HAL_SPI_Init.str1.4
                0x0800b6fc       0x70 CMakeFiles/test_dw1000.elf.dir/Drivers/STM32F1xx_HAL_Driver/Src/stm32f1xx_hal_spi.c.obj
 .rodata.UART_SetConfig.str1.4
                0x0800b6fc       0x71 CMakeFiles/test_dw1000.elf.dir/Drivers/STM32F1xx_HAL_Driver/Src/stm32f1xx_hal_uart.c.obj
 .rodata.lde_replicaCoeff
                0x0800b6fc       0x32 CMakeFiles/test_dw1000.elf.dir/Drivers/decadriver/deca_params_init.c.obj
                0x0800b6fc                lde_replicaCoeff
 *fill*         0x0800b72e        0x2 
 .rodata.digital_bb_config
                0x0800b730       0x20 CMakeFiles/test_dw1000.elf.dir/Drivers/decadriver/deca_params_init.c.obj
                0x0800b730                digital_bb_config
 .rodata.dtune1
                0x0800b750        0x4 CMakeFiles/test_dw1000.elf.dir/Drivers/decadriver/deca_params_init.c.obj
                0x0800b750                dtune1
 .rodata.sftsh  0x0800b754        0xc CMakeFiles/test_dw1000.elf.dir/Drivers/decadriver/deca_params_init.c.obj
                0x0800b754                sftsh
 .rodata.dwnsSFDlen
                0x0800b760        0x3 CMakeFiles/test_dw1000.elf.dir/Drivers/decadriver/deca_params_init.c.obj
                0x0800b760                dwnsSFDlen
 *fill*         0x0800b763        0x1 
 .rodata.agc_config
                0x0800b764        0x8 CMakeFiles/test_dw1000.elf.dir/Drivers/decadriver/deca_params_init.c.obj
                0x0800b764                agc_config
 .rodata.rx_config
                0x0800b76c        0x2 CMakeFiles/test_dw1000.elf.dir/Drivers/decadriver/deca_params_init.c.obj
                0x0800b76c                rx_config
 *fill*         0x0800b76e        0x2 
 .rodata.fs_pll_tune
                0x0800b770        0x6 CMakeFiles/test_dw1000.elf.dir/Drivers/decadriver/deca_params_init.c.obj
                0x0800b770                fs_pll_tune
 *fill*         0x0800b776        0x2 
 .rodata.fs_pll_cfg
                0x0800b778       0x18 CMakeFiles/test_dw1000.elf.dir/Drivers/decadriver/deca_params_init.c.obj
                0x0800b778                fs_pll_cfg
 .rodata.tx_config
                0x0800b790       0x18 CMakeFiles/test_dw1000.elf.dir/Drivers/decadriver/deca_params_init.c.obj
                0x0800b790                tx_config
 .rodata.chan_idx
                0x0800b7a8        0x8 CMakeFiles/test_dw1000.elf.dir/Drivers/decadriver/deca_params_init.c.obj
                0x0800b7a8                chan_idx
 .rodata.initialise_dw1000.str1.4
                0x0800b7b0       0x1b CMakeFiles/test_dw1000.elf.dir/Drivers/dw1000/Src/dw1000.c.obj
 .rodata.uwb_receive_data.str1.4
                0x0800b7b0       0x57 CMakeFiles/test_dw1000.elf.dir/Drivers/dw1000/Src/dw1000.c.obj
 .rodata.blink_frame_parser.str1.4
                0x0800b7b0       0x56 CMakeFiles/test_dw1000.elf.dir/Drivers/dw1000/Src/frame.c.obj
 .rodata.anchor_loop.str1.4
                0x0800b7b0       0x28 CMakeFiles/test_dw1000.elf.dir/Drivers/dw1000/Src/fsm.c.obj
 .rodata.terminal_echo.str1.4
                0x0800b7b0       0x25 CMakeFiles/test_dw1000.elf.dir/Drivers/terminal/platform/terminal.c.obj
 .rodata.terminal_clear.str1.4
                0x0800b7b0        0xc CMakeFiles/test_dw1000.elf.dir/Drivers/terminal/platform/terminal.c.obj
 .rodata.terminal_test.str1.4
                0x0800b7b0       0x11 CMakeFiles/test_dw1000.elf.dir/Drivers/terminal/platform/terminal.c.obj
 .rodata.terminal_init.str1.4
                0x0800b7b0       0x55 CMakeFiles/test_dw1000.elf.dir/Drivers/terminal/platform/terminal.c.obj
 .rodata._svfprintf_r.str1.4
                0x0800b7b0       0x42 C:/PROGRA~2/ARMGNU~1/14EFD8~1.2RE/bin/../lib/gcc/arm-none-eabi/14.2.1/thumb/v7-m/nofp\libg.a(libc_a-svfprintf.o)
 .rodata.zeroes.0
                0x0800b7b0       0x10 C:/PROGRA~2/ARMGNU~1/14EFD8~1.2RE/bin/../lib/gcc/arm-none-eabi/14.2.1/thumb/v7-m/nofp\libg.a(libc_a-svfprintf.o)
 .rodata.blanks.1
                0x0800b7c0       0x10 C:/PROGRA~2/ARMGNU~1/14EFD8~1.2RE/bin/../lib/gcc/arm-none-eabi/14.2.1/thumb/v7-m/nofp\libg.a(libc_a-svfprintf.o)
 .rodata.str1.4
                0x0800b7d0       0x4c C:/PROGRA~2/ARMGNU~1/14EFD8~1.2RE/bin/../lib/gcc/arm-none-eabi/14.2.1/thumb/v7-m/nofp\libg.a(libc_a-locale.o)
 .rodata._dtoa_r.str1.4
                0x0800b7d0       0x81 C:/PROGRA~2/ARMGNU~1/14EFD8~1.2RE/bin/../lib/gcc/arm-none-eabi/14.2.1/thumb/v7-m/nofp\libg.a(libc_a-dtoa.o)
 .rodata.__multadd.str1.4
                0x0800b7d0       0x6e C:/PROGRA~2/ARMGNU~1/14EFD8~1.2RE/bin/../lib/gcc/arm-none-eabi/14.2.1/thumb/v7-m/nofp\libg.a(libc_a-mprec.o)
 .rodata.p05.0  0x0800b7d0        0xc C:/PROGRA~2/ARMGNU~1/14EFD8~1.2RE/bin/../lib/gcc/arm-none-eabi/14.2.1/thumb/v7-m/nofp\libg.a(libc_a-mprec.o)
 *fill*         0x0800b7dc        0x4 
 .rodata.__mprec_bigtens
                0x0800b7e0       0x28 C:/PROGRA~2/ARMGNU~1/14EFD8~1.2RE/bin/../lib/gcc/arm-none-eabi/14.2.1/thumb/v7-m/nofp\libg.a(libc_a-mprec.o)
                0x0800b7e0                __mprec_bigtens
 .rodata.__mprec_tens
                0x0800b808       0xc8 C:/PROGRA~2/ARMGNU~1/14EFD8~1.2RE/bin/../lib/gcc/arm-none-eabi/14.2.1/thumb/v7-m/nofp\libg.a(libc_a-mprec.o)
                0x0800b808                __mprec_tens
 .rodata._ctype_
                0x0800b8d0      0x101 C:/PROGRA~2/ARMGNU~1/14EFD8~1.2RE/bin/../lib/gcc/arm-none-eabi/14.2.1/thumb/v7-m/nofp\libg.a(libc_a-ctype_.o)
                0x0800b8d0                _ctype_
 .rodata.__assert_func.str1.4
                0x0800b9d1       0x43 C:/PROGRA~2/ARMGNU~1/14EFD8~1.2RE/bin/../lib/gcc/arm-none-eabi/14.2.1/thumb/v7-m/nofp\libg.a(libc_a-assert.o)
 .rodata._vfiprintf_r.str1.4
                0x0800b9d1       0x2f C:/PROGRA~2/ARMGNU~1/14EFD8~1.2RE/bin/../lib/gcc/arm-none-eabi/14.2.1/thumb/v7-m/nofp\libg.a(libc_a-vfiprintf.o)
 *fill*         0x0800b9d1        0x3 
 .rodata.zeroes.0
                0x0800b9d4       0x10 C:/PROGRA~2/ARMGNU~1/14EFD8~1.2RE/bin/../lib/gcc/arm-none-eabi/14.2.1/thumb/v7-m/nofp\libg.a(libc_a-vfiprintf.o)
 .rodata.blanks.1
                0x0800b9e4       0x10 C:/PROGRA~2/ARMGNU~1/14EFD8~1.2RE/bin/../lib/gcc/arm-none-eabi/14.2.1/thumb/v7-m/nofp\libg.a(libc_a-vfiprintf.o)
                0x0800b9f4                        . = ALIGN (0x4)

.ARM.extab      0x0800b9f4        0x0
                0x0800b9f4                        . = ALIGN (0x4)
 *(.ARM.extab* .gnu.linkonce.armextab.*)
                0x0800b9f4                        . = ALIGN (0x4)

.ARM            0x0800b9f4        0x8
                0x0800b9f4                        . = ALIGN (0x4)
                0x0800b9f4                        __exidx_start = .
 *(.ARM.exidx*)
 .ARM.exidx     0x0800b9f4        0x8 C:/PROGRA~2/ARMGNU~1/14EFD8~1.2RE/bin/../lib/gcc/arm-none-eabi/14.2.1/thumb/v7-m/nofp\libg.a(libc_a-memcpy.o)
                0x0800b9fc                        __exidx_end = .
                0x0800b9fc                        . = ALIGN (0x4)

.preinit_array  0x0800b9fc        0x0
                0x0800b9fc                        . = ALIGN (0x4)
                0x0800b9fc                        PROVIDE (__preinit_array_start = .)
 *(.preinit_array*)
                0x0800b9fc                        PROVIDE (__preinit_array_end = .)
                0x0800b9fc                        . = ALIGN (0x4)

.init_array     0x0800b9fc        0x8
                0x0800b9fc                        . = ALIGN (0x4)
                0x0800b9fc                        PROVIDE (__init_array_start = .)
 *(SORT_BY_NAME(.init_array.*))
 .init_array.00000
                0x0800b9fc        0x4 C:/PROGRA~2/ARMGNU~1/14EFD8~1.2RE/bin/../lib/gcc/arm-none-eabi/14.2.1/thumb/v7-m/nofp\libg.a(libc_a-__call_atexit.o)
 *(.init_array*)
 .init_array    0x0800ba00        0x4 C:/PROGRA~2/ARMGNU~1/14EFD8~1.2RE/bin/../lib/gcc/arm-none-eabi/14.2.1/thumb/v7-m/nofp/crtbegin.o
                0x0800ba04                        PROVIDE (__init_array_end = .)
                0x0800ba04                        . = ALIGN (0x4)

.fini_array     0x0800ba04        0x4
                0x0800ba04                        . = ALIGN (0x4)
                0x0800ba04                        PROVIDE (__fini_array_start = .)
 *(SORT_BY_NAME(.fini_array.*))
 *(.fini_array*)
 .fini_array    0x0800ba04        0x4 C:/PROGRA~2/ARMGNU~1/14EFD8~1.2RE/bin/../lib/gcc/arm-none-eabi/14.2.1/thumb/v7-m/nofp/crtbegin.o
                0x0800ba08                        PROVIDE (__fini_array_end = .)
                0x0800ba08                        . = ALIGN (0x4)
                0x0800ba08                        _sidata = LOADADDR (.data)

.rel.dyn        0x0800ba08        0x0
 .rel.iplt      0x0800ba08        0x0 C:/PROGRA~2/ARMGNU~1/14EFD8~1.2RE/bin/../lib/gcc/arm-none-eabi/14.2.1/thumb/v7-m/nofp/crtbegin.o

.data           0x20000000      0x6f4 load address 0x0800ba08
                0x20000000                        . = ALIGN (0x4)
                0x20000000                        _sdata = .
 *(.data)
 *(.data*)
 .data.SystemCoreClock
                0x20000000        0x4 CMakeFiles/test_dw1000.elf.dir/Core/Src/system_stm32f1xx.c.obj
                0x20000000                SystemCoreClock
 .data.uwTickFreq
                0x20000004        0x1 CMakeFiles/test_dw1000.elf.dir/Drivers/STM32F1xx_HAL_Driver/Src/stm32f1xx_hal.c.obj
                0x20000004                uwTickFreq
 *fill*         0x20000005        0x3 
 .data.uwTickPrio
                0x20000008        0x4 CMakeFiles/test_dw1000.elf.dir/Drivers/STM32F1xx_HAL_Driver/Src/stm32f1xx_hal.c.obj
                0x20000008                uwTickPrio
 .data.pdw1000local
                0x2000000c        0x4 CMakeFiles/test_dw1000.elf.dir/Drivers/decadriver/deca_device.c.obj
 .data.config   0x20000010        0xc CMakeFiles/test_dw1000.elf.dir/Drivers/dw1000/Src/dw1000.c.obj
 .data.__sglue  0x2000001c        0xc C:/PROGRA~2/ARMGNU~1/14EFD8~1.2RE/bin/../lib/gcc/arm-none-eabi/14.2.1/thumb/v7-m/nofp\libg.a(libc_a-findfp.o)
                0x2000001c                __sglue
 .data._impure_ptr
                0x20000028        0x4 C:/PROGRA~2/ARMGNU~1/14EFD8~1.2RE/bin/../lib/gcc/arm-none-eabi/14.2.1/thumb/v7-m/nofp\libg.a(libc_a-impure.o)
                0x20000028                _impure_ptr
 *fill*         0x2000002c        0x4 
 .data._impure_data
                0x20000030      0x140 C:/PROGRA~2/ARMGNU~1/14EFD8~1.2RE/bin/../lib/gcc/arm-none-eabi/14.2.1/thumb/v7-m/nofp\libg.a(libc_a-impure.o)
                0x20000030                _impure_data
 .data.__atexit_recursive_mutex
                0x20000170        0x4 C:/PROGRA~2/ARMGNU~1/14EFD8~1.2RE/bin/../lib/gcc/arm-none-eabi/14.2.1/thumb/v7-m/nofp\libg.a(libc_a-__call_atexit.o)
                0x20000170                __atexit_recursive_mutex
 .data.__malloc_sbrk_base
                0x20000174        0x4 C:/PROGRA~2/ARMGNU~1/14EFD8~1.2RE/bin/../lib/gcc/arm-none-eabi/14.2.1/thumb/v7-m/nofp\libg.a(libc_a-mallocr.o)
                0x20000174                __malloc_sbrk_base
 .data.__malloc_trim_threshold
                0x20000178        0x4 C:/PROGRA~2/ARMGNU~1/14EFD8~1.2RE/bin/../lib/gcc/arm-none-eabi/14.2.1/thumb/v7-m/nofp\libg.a(libc_a-mallocr.o)
                0x20000178                __malloc_trim_threshold
 *fill*         0x2000017c        0x4 
 .data.__malloc_av_
                0x20000180      0x408 C:/PROGRA~2/ARMGNU~1/14EFD8~1.2RE/bin/../lib/gcc/arm-none-eabi/14.2.1/thumb/v7-m/nofp\libg.a(libc_a-mallocr.o)
                0x20000180                __malloc_av_
 .data.__global_locale
                0x20000588      0x16c C:/PROGRA~2/ARMGNU~1/14EFD8~1.2RE/bin/../lib/gcc/arm-none-eabi/14.2.1/thumb/v7-m/nofp\libg.a(libc_a-locale.o)
                0x20000588                __global_locale
 *(.RamFunc)
 *(.RamFunc*)
                0x200006f4                        . = ALIGN (0x4)
                0x200006f4                        _edata = .

.tm_clone_table
                0x200006f4        0x0 load address 0x0800c0fc
 .tm_clone_table
                0x200006f4        0x0 C:/PROGRA~2/ARMGNU~1/14EFD8~1.2RE/bin/../lib/gcc/arm-none-eabi/14.2.1/thumb/v7-m/nofp/crtbegin.o
 .tm_clone_table
                0x200006f4        0x0 C:/PROGRA~2/ARMGNU~1/14EFD8~1.2RE/bin/../lib/gcc/arm-none-eabi/14.2.1/thumb/v7-m/nofp/crtend.o

.igot.plt       0x200006f4        0x0 load address 0x0800c0fc
 .igot.plt      0x200006f4        0x0 C:/PROGRA~2/ARMGNU~1/14EFD8~1.2RE/bin/../lib/gcc/arm-none-eabi/14.2.1/thumb/v7-m/nofp/crtbegin.o
                0x200006f4                        . = ALIGN (0x4)

.bss            0x200006f8      0x598 load address 0x0800c0fc
                0x200006f8                        _sbss = .
                0x200006f8                        __bss_start__ = _sbss
 *(.bss)
 *(.bss*)
 .bss.completed.1
                0x200006f8        0x1 C:/PROGRA~2/ARMGNU~1/14EFD8~1.2RE/bin/../lib/gcc/arm-none-eabi/14.2.1/thumb/v7-m/nofp/crtbegin.o
 *fill*         0x200006f9        0x3 
 .bss.object.0  0x200006fc       0x18 C:/PROGRA~2/ARMGNU~1/14EFD8~1.2RE/bin/../lib/gcc/arm-none-eabi/14.2.1/thumb/v7-m/nofp/crtbegin.o
 .bss.hspi1     0x20000714       0x58 CMakeFiles/test_dw1000.elf.dir/Core/Src/spi.c.obj
                0x20000714                hspi1
 .bss.__sbrk_heap_end
                0x2000076c        0x4 CMakeFiles/test_dw1000.elf.dir/Core/Src/sysmem.c.obj
 .bss.huart1    0x20000770       0x48 CMakeFiles/test_dw1000.elf.dir/Core/Src/usart.c.obj
                0x20000770                huart1
 .bss.uwTick    0x200007b8        0x4 CMakeFiles/test_dw1000.elf.dir/Drivers/STM32F1xx_HAL_Driver/Src/stm32f1xx_hal.c.obj
                0x200007b8                uwTick
 .bss.dw1000local
                0x200007bc       0x38 CMakeFiles/test_dw1000.elf.dir/Drivers/decadriver/deca_device.c.obj
 .bss.port_deca_isr
                0x200007f4        0x4 CMakeFiles/test_dw1000.elf.dir/Drivers/decadriver/platform/port.c.obj
                0x200007f4                port_deca_isr
 .bss.signalResetDone
                0x200007f8        0x4 CMakeFiles/test_dw1000.elf.dir/Drivers/decadriver/platform/port.c.obj
 *fill*         0x200007fc        0x4 
 .bss.global_final_frame
                0x20000800       0x28 CMakeFiles/test_dw1000.elf.dir/Drivers/dw1000/Src/frame.c.obj
                0x20000800                global_final_frame
 .bss.global_response_frame
                0x20000828       0x20 CMakeFiles/test_dw1000.elf.dir/Drivers/dw1000/Src/frame.c.obj
                0x20000828                global_response_frame
 .bss.global_poll_frame
                0x20000848        0xe CMakeFiles/test_dw1000.elf.dir/Drivers/dw1000/Src/frame.c.obj
                0x20000848                global_poll_frame
 *fill*         0x20000856        0x2 
 .bss.sum.0     0x20000858        0x8 CMakeFiles/test_dw1000.elf.dir/Drivers/dw1000/Src/fsm.c.obj
 .bss.anc_i.1   0x20000860        0x1 CMakeFiles/test_dw1000.elf.dir/Drivers/dw1000/Src/fsm.c.obj
 *fill*         0x20000861        0x3 
 .bss.shell     0x20000864      0x114 CMakeFiles/test_dw1000.elf.dir/Drivers/terminal/lwshell.c.obj
 .bss.terminal_settings
                0x20000978        0x1 CMakeFiles/test_dw1000.elf.dir/Drivers/terminal/platform/terminal.c.obj
                0x20000978                terminal_settings
 *fill*         0x20000979        0x3 
 .bss.__sf      0x2000097c      0x138 C:/PROGRA~2/ARMGNU~1/14EFD8~1.2RE/bin/../lib/gcc/arm-none-eabi/14.2.1/thumb/v7-m/nofp\libg.a(libc_a-findfp.o)
                0x2000097c                __sf
 .bss.__stdio_exit_handler
                0x20000ab4        0x4 C:/PROGRA~2/ARMGNU~1/14EFD8~1.2RE/bin/../lib/gcc/arm-none-eabi/14.2.1/thumb/v7-m/nofp\libg.a(libc_a-findfp.o)
                0x20000ab4                __stdio_exit_handler
 .bss.errno     0x20000ab8        0x4 C:/PROGRA~2/ARMGNU~1/14EFD8~1.2RE/bin/../lib/gcc/arm-none-eabi/14.2.1/thumb/v7-m/nofp\libg.a(libc_a-reent.o)
                0x20000ab8                errno
 .bss.__lock___malloc_recursive_mutex
                0x20000abc        0x1 C:/PROGRA~2/ARMGNU~1/14EFD8~1.2RE/bin/../lib/gcc/arm-none-eabi/14.2.1/thumb/v7-m/nofp\libg.a(libc_a-lock.o)
                0x20000abc                __lock___malloc_recursive_mutex
 *fill*         0x20000abd        0x3 
 .bss.__lock___atexit_recursive_mutex
                0x20000ac0        0x1 C:/PROGRA~2/ARMGNU~1/14EFD8~1.2RE/bin/../lib/gcc/arm-none-eabi/14.2.1/thumb/v7-m/nofp\libg.a(libc_a-lock.o)
                0x20000ac0                __lock___atexit_recursive_mutex
 *fill*         0x20000ac1        0x3 
 .bss.__lock___sfp_recursive_mutex
                0x20000ac4        0x1 C:/PROGRA~2/ARMGNU~1/14EFD8~1.2RE/bin/../lib/gcc/arm-none-eabi/14.2.1/thumb/v7-m/nofp\libg.a(libc_a-lock.o)
                0x20000ac4                __lock___sfp_recursive_mutex
 *fill*         0x20000ac5        0x3 
 .bss.__atexit  0x20000ac8        0x4 C:/PROGRA~2/ARMGNU~1/14EFD8~1.2RE/bin/../lib/gcc/arm-none-eabi/14.2.1/thumb/v7-m/nofp\libg.a(libc_a-__call_atexit.o)
                0x20000ac8                __atexit
 .bss.__malloc_current_mallinfo
                0x20000acc       0x28 C:/PROGRA~2/ARMGNU~1/14EFD8~1.2RE/bin/../lib/gcc/arm-none-eabi/14.2.1/thumb/v7-m/nofp\libg.a(libc_a-mallocr.o)
                0x20000acc                __malloc_current_mallinfo
 .bss.__malloc_max_total_mem
                0x20000af4        0x4 C:/PROGRA~2/ARMGNU~1/14EFD8~1.2RE/bin/../lib/gcc/arm-none-eabi/14.2.1/thumb/v7-m/nofp\libg.a(libc_a-mallocr.o)
                0x20000af4                __malloc_max_total_mem
 .bss.__malloc_max_sbrked_mem
                0x20000af8        0x4 C:/PROGRA~2/ARMGNU~1/14EFD8~1.2RE/bin/../lib/gcc/arm-none-eabi/14.2.1/thumb/v7-m/nofp\libg.a(libc_a-mallocr.o)
                0x20000af8                __malloc_max_sbrked_mem
 .bss.__malloc_top_pad
                0x20000afc        0x4 C:/PROGRA~2/ARMGNU~1/14EFD8~1.2RE/bin/../lib/gcc/arm-none-eabi/14.2.1/thumb/v7-m/nofp\libg.a(libc_a-mallocr.o)
                0x20000afc                __malloc_top_pad
 .bss.__atexit0
                0x20000b00      0x190 C:/PROGRA~2/ARMGNU~1/14EFD8~1.2RE/bin/../lib/gcc/arm-none-eabi/14.2.1/thumb/v7-m/nofp\libg.a(libc_a-__atexit.o)
                0x20000b00                __atexit0
 *(COMMON)
                0x20000c90                        . = ALIGN (0x4)
                0x20000c90                        _ebss = .
                0x20000c90                        __bss_end__ = _ebss

._user_heap_stack
                0x20000c90      0x600 load address 0x0800c0fc
                0x20000c90                        . = ALIGN (0x8)
                [!provide]                        PROVIDE (end = .)
                0x20000c90                        PROVIDE (_end = .)
                0x20000e90                        . = (. + _Min_Heap_Size)
 *fill*         0x20000c90      0x200 
                0x20001290                        . = (. + _Min_Stack_Size)
 *fill*         0x20000e90      0x400 
                0x20001290                        . = ALIGN (0x8)

/DISCARD/
 libc.a(*)
 libm.a(*)
 libgcc.a(*)

.ARM.attributes
                0x00000000       0x29
 *(.ARM.attributes)
 .ARM.attributes
                0x00000000       0x1d C:/PROGRA~2/ARMGNU~1/14EFD8~1.2RE/bin/../lib/gcc/arm-none-eabi/14.2.1/thumb/v7-m/nofp/crti.o
 .ARM.attributes
                0x0000001d       0x2d C:/PROGRA~2/ARMGNU~1/14EFD8~1.2RE/bin/../lib/gcc/arm-none-eabi/14.2.1/thumb/v7-m/nofp/crtbegin.o
 .ARM.attributes
                0x0000004a       0x2d CMakeFiles/test_dw1000.elf.dir/Core/Src/gpio.c.obj
 .ARM.attributes
                0x00000077       0x2d CMakeFiles/test_dw1000.elf.dir/Core/Src/main.c.obj
 .ARM.attributes
                0x000000a4       0x2d CMakeFiles/test_dw1000.elf.dir/Core/Src/spi.c.obj
 .ARM.attributes
                0x000000d1       0x2d CMakeFiles/test_dw1000.elf.dir/Core/Src/stm32f1xx_hal_msp.c.obj
 .ARM.attributes
                0x000000fe       0x2d CMakeFiles/test_dw1000.elf.dir/Core/Src/stm32f1xx_it.c.obj
 .ARM.attributes
                0x0000012b       0x2d CMakeFiles/test_dw1000.elf.dir/Core/Src/syscalls.c.obj
 .ARM.attributes
                0x00000158       0x2d CMakeFiles/test_dw1000.elf.dir/Core/Src/sysmem.c.obj
 .ARM.attributes
                0x00000185       0x2d CMakeFiles/test_dw1000.elf.dir/Core/Src/system_stm32f1xx.c.obj
 .ARM.attributes
                0x000001b2       0x2d CMakeFiles/test_dw1000.elf.dir/Core/Src/usart.c.obj
 .ARM.attributes
                0x000001df       0x21 CMakeFiles/test_dw1000.elf.dir/Core/Startup/startup_stm32f103c8tx.s.obj
 .ARM.attributes
                0x00000200       0x2d CMakeFiles/test_dw1000.elf.dir/Drivers/STM32F1xx_HAL_Driver/Src/stm32f1xx_hal.c.obj
 .ARM.attributes
                0x0000022d       0x2d CMakeFiles/test_dw1000.elf.dir/Drivers/STM32F1xx_HAL_Driver/Src/stm32f1xx_hal_cortex.c.obj
 .ARM.attributes
                0x0000025a       0x2d CMakeFiles/test_dw1000.elf.dir/Drivers/STM32F1xx_HAL_Driver/Src/stm32f1xx_hal_dma.c.obj
 .ARM.attributes
                0x00000287       0x2d CMakeFiles/test_dw1000.elf.dir/Drivers/STM32F1xx_HAL_Driver/Src/stm32f1xx_hal_gpio.c.obj
 .ARM.attributes
                0x000002b4       0x2d CMakeFiles/test_dw1000.elf.dir/Drivers/STM32F1xx_HAL_Driver/Src/stm32f1xx_hal_rcc.c.obj
 .ARM.attributes
                0x000002e1       0x2d CMakeFiles/test_dw1000.elf.dir/Drivers/STM32F1xx_HAL_Driver/Src/stm32f1xx_hal_spi.c.obj
 .ARM.attributes
                0x0000030e       0x2d CMakeFiles/test_dw1000.elf.dir/Drivers/STM32F1xx_HAL_Driver/Src/stm32f1xx_hal_uart.c.obj
 .ARM.attributes
                0x0000033b       0x2d CMakeFiles/test_dw1000.elf.dir/Drivers/decadriver/deca_device.c.obj
 .ARM.attributes
                0x00000368       0x2d CMakeFiles/test_dw1000.elf.dir/Drivers/decadriver/deca_params_init.c.obj
 .ARM.attributes
                0x00000395       0x2d CMakeFiles/test_dw1000.elf.dir/Drivers/decadriver/platform/deca_mutex.c.obj
 .ARM.attributes
                0x000003c2       0x2d CMakeFiles/test_dw1000.elf.dir/Drivers/decadriver/platform/deca_sleep.c.obj
 .ARM.attributes
                0x000003ef       0x2d CMakeFiles/test_dw1000.elf.dir/Drivers/decadriver/platform/deca_spi.c.obj
 .ARM.attributes
                0x0000041c       0x2d CMakeFiles/test_dw1000.elf.dir/Drivers/decadriver/platform/port.c.obj
 .ARM.attributes
                0x00000449       0x2d CMakeFiles/test_dw1000.elf.dir/Drivers/dw1000/Src/dw1000.c.obj
 .ARM.attributes
                0x00000476       0x2d CMakeFiles/test_dw1000.elf.dir/Drivers/dw1000/Src/frame.c.obj
 .ARM.attributes
                0x000004a3       0x2d CMakeFiles/test_dw1000.elf.dir/Drivers/dw1000/Src/fsm.c.obj
 .ARM.attributes
                0x000004d0       0x2d CMakeFiles/test_dw1000.elf.dir/Drivers/terminal/lwshell.c.obj
 .ARM.attributes
                0x000004fd       0x2d CMakeFiles/test_dw1000.elf.dir/Drivers/terminal/platform/terminal.c.obj
 .ARM.attributes
                0x0000052a       0x2d CMakeFiles/test_dw1000.elf.dir/Drivers/utils.c.obj
 .ARM.attributes
                0x00000557       0x1d C:/PROGRA~2/ARMGNU~1/14EFD8~1.2RE/bin/../lib/gcc/arm-none-eabi/14.2.1/thumb/v7-m/nofp\libgcc.a(_arm_addsubdf3.o)
 .ARM.attributes
                0x00000574       0x1d C:/PROGRA~2/ARMGNU~1/14EFD8~1.2RE/bin/../lib/gcc/arm-none-eabi/14.2.1/thumb/v7-m/nofp\libgcc.a(_arm_muldivdf3.o)
 .ARM.attributes
                0x00000591       0x1d C:/PROGRA~2/ARMGNU~1/14EFD8~1.2RE/bin/../lib/gcc/arm-none-eabi/14.2.1/thumb/v7-m/nofp\libgcc.a(_arm_cmpdf2.o)
 .ARM.attributes
                0x000005ae       0x1d C:/PROGRA~2/ARMGNU~1/14EFD8~1.2RE/bin/../lib/gcc/arm-none-eabi/14.2.1/thumb/v7-m/nofp\libgcc.a(_arm_fixdfsi.o)
 .ARM.attributes
                0x000005cb       0x1d C:/PROGRA~2/ARMGNU~1/14EFD8~1.2RE/bin/../lib/gcc/arm-none-eabi/14.2.1/thumb/v7-m/nofp\libgcc.a(_arm_fixunsdfsi.o)
 .ARM.attributes
                0x000005e8       0x2d C:/PROGRA~2/ARMGNU~1/14EFD8~1.2RE/bin/../lib/gcc/arm-none-eabi/14.2.1/thumb/v7-m/nofp\libgcc.a(_fixdfdi.o)
 .ARM.attributes
                0x00000615       0x2d C:/PROGRA~2/ARMGNU~1/14EFD8~1.2RE/bin/../lib/gcc/arm-none-eabi/14.2.1/thumb/v7-m/nofp\libgcc.a(_fixunsdfdi.o)
 .ARM.attributes
                0x00000642       0x2d C:/PROGRA~2/ARMGNU~1/14EFD8~1.2RE/bin/../lib/gcc/arm-none-eabi/14.2.1/thumb/v7-m/nofp\libg.a(libc_a-findfp.o)
 .ARM.attributes
                0x0000066f       0x2d C:/PROGRA~2/ARMGNU~1/14EFD8~1.2RE/bin/../lib/gcc/arm-none-eabi/14.2.1/thumb/v7-m/nofp\libg.a(libc_a-fwalk.o)
 .ARM.attributes
                0x0000069c       0x2d C:/PROGRA~2/ARMGNU~1/14EFD8~1.2RE/bin/../lib/gcc/arm-none-eabi/14.2.1/thumb/v7-m/nofp\libg.a(libc_a-sprintf.o)
 .ARM.attributes
                0x000006c9       0x2d C:/PROGRA~2/ARMGNU~1/14EFD8~1.2RE/bin/../lib/gcc/arm-none-eabi/14.2.1/thumb/v7-m/nofp\libg.a(libc_a-stdio.o)
 .ARM.attributes
                0x000006f6       0x2d C:/PROGRA~2/ARMGNU~1/14EFD8~1.2RE/bin/../lib/gcc/arm-none-eabi/14.2.1/thumb/v7-m/nofp\libg.a(libc_a-memset.o)
 .ARM.attributes
                0x00000723       0x2d C:/PROGRA~2/ARMGNU~1/14EFD8~1.2RE/bin/../lib/gcc/arm-none-eabi/14.2.1/thumb/v7-m/nofp\libg.a(libc_a-closer.o)
 .ARM.attributes
                0x00000750       0x2d C:/PROGRA~2/ARMGNU~1/14EFD8~1.2RE/bin/../lib/gcc/arm-none-eabi/14.2.1/thumb/v7-m/nofp\libg.a(libc_a-reent.o)
 .ARM.attributes
                0x0000077d       0x2d C:/PROGRA~2/ARMGNU~1/14EFD8~1.2RE/bin/../lib/gcc/arm-none-eabi/14.2.1/thumb/v7-m/nofp\libg.a(libc_a-impure.o)
 .ARM.attributes
                0x000007aa       0x2d C:/PROGRA~2/ARMGNU~1/14EFD8~1.2RE/bin/../lib/gcc/arm-none-eabi/14.2.1/thumb/v7-m/nofp\libg.a(libc_a-lseekr.o)
 .ARM.attributes
                0x000007d7       0x2d C:/PROGRA~2/ARMGNU~1/14EFD8~1.2RE/bin/../lib/gcc/arm-none-eabi/14.2.1/thumb/v7-m/nofp\libg.a(libc_a-readr.o)
 .ARM.attributes
                0x00000804       0x2d C:/PROGRA~2/ARMGNU~1/14EFD8~1.2RE/bin/../lib/gcc/arm-none-eabi/14.2.1/thumb/v7-m/nofp\libg.a(libc_a-writer.o)
 .ARM.attributes
                0x00000831       0x2d C:/PROGRA~2/ARMGNU~1/14EFD8~1.2RE/bin/../lib/gcc/arm-none-eabi/14.2.1/thumb/v7-m/nofp\libg.a(libc_a-errno.o)
 .ARM.attributes
                0x0000085e       0x2d C:/PROGRA~2/ARMGNU~1/14EFD8~1.2RE/bin/../lib/gcc/arm-none-eabi/14.2.1/thumb/v7-m/nofp\libg.a(libc_a-init.o)
 .ARM.attributes
                0x0000088b       0x2d C:/PROGRA~2/ARMGNU~1/14EFD8~1.2RE/bin/../lib/gcc/arm-none-eabi/14.2.1/thumb/v7-m/nofp\libg.a(libc_a-lock.o)
 .ARM.attributes
                0x000008b8       0x2d C:/PROGRA~2/ARMGNU~1/14EFD8~1.2RE/bin/../lib/gcc/arm-none-eabi/14.2.1/thumb/v7-m/nofp\libg.a(libc_a-strlen-stub.o)
 .ARM.attributes
                0x000008e5       0x2d C:/PROGRA~2/ARMGNU~1/14EFD8~1.2RE/bin/../lib/gcc/arm-none-eabi/14.2.1/thumb/v7-m/nofp\libg.a(libc_a-__call_atexit.o)
 .ARM.attributes
                0x00000912       0x2d C:/PROGRA~2/ARMGNU~1/14EFD8~1.2RE/bin/../lib/gcc/arm-none-eabi/14.2.1/thumb/v7-m/nofp\libg.a(libc_a-atexit.o)
 .ARM.attributes
                0x0000093f       0x2d C:/PROGRA~2/ARMGNU~1/14EFD8~1.2RE/bin/../lib/gcc/arm-none-eabi/14.2.1/thumb/v7-m/nofp\libg.a(libc_a-freer.o)
 .ARM.attributes
                0x0000096c       0x2d C:/PROGRA~2/ARMGNU~1/14EFD8~1.2RE/bin/../lib/gcc/arm-none-eabi/14.2.1/thumb/v7-m/nofp\libg.a(libc_a-mallocr.o)
 .ARM.attributes
                0x00000999       0x2d C:/PROGRA~2/ARMGNU~1/14EFD8~1.2RE/bin/../lib/gcc/arm-none-eabi/14.2.1/thumb/v7-m/nofp\libg.a(libc_a-mlock.o)
 .ARM.attributes
                0x000009c6       0x2d C:/PROGRA~2/ARMGNU~1/14EFD8~1.2RE/bin/../lib/gcc/arm-none-eabi/14.2.1/thumb/v7-m/nofp\libg.a(libc_a-svfprintf.o)
 .ARM.attributes
                0x000009f3       0x2d C:/PROGRA~2/ARMGNU~1/14EFD8~1.2RE/bin/../lib/gcc/arm-none-eabi/14.2.1/thumb/v7-m/nofp\libg.a(libc_a-ssprint_r.o)
 .ARM.attributes
                0x00000a20       0x2d C:/PROGRA~2/ARMGNU~1/14EFD8~1.2RE/bin/../lib/gcc/arm-none-eabi/14.2.1/thumb/v7-m/nofp\libg.a(libc_a-fclose.o)
 .ARM.attributes
                0x00000a4d       0x2d C:/PROGRA~2/ARMGNU~1/14EFD8~1.2RE/bin/../lib/gcc/arm-none-eabi/14.2.1/thumb/v7-m/nofp\libg.a(libc_a-fflush.o)
 .ARM.attributes
                0x00000a7a       0x2d C:/PROGRA~2/ARMGNU~1/14EFD8~1.2RE/bin/../lib/gcc/arm-none-eabi/14.2.1/thumb/v7-m/nofp\libg.a(libc_a-strncpy.o)
 .ARM.attributes
                0x00000aa7       0x2d C:/PROGRA~2/ARMGNU~1/14EFD8~1.2RE/bin/../lib/gcc/arm-none-eabi/14.2.1/thumb/v7-m/nofp\libg.a(libc_a-locale.o)
 .ARM.attributes
                0x00000ad4       0x2d C:/PROGRA~2/ARMGNU~1/14EFD8~1.2RE/bin/../lib/gcc/arm-none-eabi/14.2.1/thumb/v7-m/nofp\libg.a(libc_a-localeconv.o)
 .ARM.attributes
                0x00000b01       0x2d C:/PROGRA~2/ARMGNU~1/14EFD8~1.2RE/bin/../lib/gcc/arm-none-eabi/14.2.1/thumb/v7-m/nofp\libg.a(libc_a-sbrkr.o)
 .ARM.attributes
                0x00000b2e       0x2d C:/PROGRA~2/ARMGNU~1/14EFD8~1.2RE/bin/../lib/gcc/arm-none-eabi/14.2.1/thumb/v7-m/nofp\libg.a(libc_a-fini.o)
 .ARM.attributes
                0x00000b5b       0x2d C:/PROGRA~2/ARMGNU~1/14EFD8~1.2RE/bin/../lib/gcc/arm-none-eabi/14.2.1/thumb/v7-m/nofp\libg.a(libc_a-sysconf.o)
 .ARM.attributes
                0x00000b88       0x2d C:/PROGRA~2/ARMGNU~1/14EFD8~1.2RE/bin/../lib/gcc/arm-none-eabi/14.2.1/thumb/v7-m/nofp\libg.a(libc_a-memchr-stub.o)
 .ARM.attributes
                0x00000bb5       0x2d C:/PROGRA~2/ARMGNU~1/14EFD8~1.2RE/bin/../lib/gcc/arm-none-eabi/14.2.1/thumb/v7-m/nofp\libg.a(libm_a-s_frexp.o)
 .ARM.attributes
                0x00000be2       0x2d C:/PROGRA~2/ARMGNU~1/14EFD8~1.2RE/bin/../lib/gcc/arm-none-eabi/14.2.1/thumb/v7-m/nofp\libg.a(libc_a-__atexit.o)
 .ARM.attributes