../Drivers/terminal/platform/terminal.c:18:1:terminal_print	24	static
../Drivers/terminal/platform/terminal.c:46:1:terminal_scan	24	static
../Drivers/terminal/platform/terminal.c:72:1:terminal_settings_init	4	static
../Drivers/terminal/platform/terminal.c:82:1:terminal_function_output	16	static
../Drivers/terminal/platform/terminal.c:90:1:terminal_echo	16	static
../Drivers/terminal/platform/terminal.c:106:1:terminal_clear	16	static
../Drivers/terminal/platform/terminal.c:117:1:terminal_test	16	static
../Drivers/terminal/platform/terminal.c:127:1:terminal_init	8	static
